2026-10-09T01:38:54.164457+00:00 INFO run=1a37cbdb026e4a549b5ed35d1a5618fa run_started workflowId=200051fa577c42218f4aa883fce9df88
2026-10-09T01:38:54.202692+00:00 INFO run=1a37cbdb026e4a549b5ed35d1a5618fa workflow_started workflowId=200051fa577c42218f4aa883fce9df88
2026-10-09T01:38:54.204761+00:00 INFO run=1a37cbdb026e4a549b5ed35d1a5618fa workflow_evidence workflowId=200051fa577c42218f4aa883fce9df88
2026-10-09T01:38:54.205086+00:00 INFO run=1a37cbdb026e4a549b5ed35d1a5618fa stage_started workflowId=200051fa577c42218f4aa883fce9df88 stage=codex_layer2_diagnostic_test spanId=ce2601a827844697b6b84f729e1dd858 attemptId=5275077b181a4b78818340d014e4c0bf
2026-10-09T01:38:54.205344+00:00 INFO run=1a37cbdb026e4a549b5ed35d1a5618fa workload workflowId=200051fa577c42218f4aa883fce9df88 stage=timing.inline_dispatch_v1 spanId=ce2601a827844697b6b84f729e1dd858
2026-10-09T01:38:54.205903+00:00 INFO run=1a37cbdb026e4a549b5ed35d1a5618fa stage_started workflowId=200051fa577c42218f4aa883fce9df88 stage=layer2.run_admission.zh-Hans spanId=354934aa64574f839f419388364fae3b attemptId=3a2006d4e5f943ba854f58e210d2c0d2
2026-10-09T01:38:54.206146+00:00 INFO run=1a37cbdb026e4a549b5ed35d1a5618fa workload workflowId=200051fa577c42218f4aa883fce9df88 stage=timing.inline_dispatch_v1 spanId=354934aa64574f839f419388364fae3b
2026-10-09T01:38:54.215578+00:00 INFO run=1a37cbdb026e4a549b5ed35d1a5618fa workload workflowId=200051fa577c42218f4aa883fce9df88 stage=layer2.rule_preflight spanId=354934aa64574f839f419388364fae3b
2026-10-09T01:38:54.234455+00:00 INFO run=1a37cbdb026e4a549b5ed35d1a5618fa workload workflowId=200051fa577c42218f4aa883fce9df88 stage=layer2.concurrency spanId=354934aa64574f839f419388364fae3b
2026-10-09T01:38:54.234672+00:00 INFO run=1a37cbdb026e4a549b5ed35d1a5618fa stage_finished workflowId=200051fa577c42218f4aa883fce9df88 stage=layer2.run_admission.zh-Hans spanId=354934aa64574f839f419388364fae3b attemptId=3a2006d4e5f943ba854f58e210d2c0d2 status=completed elapsedSeconds=0.028779
2026-10-09T01:38:54.235238+00:00 INFO run=1a37cbdb026e4a549b5ed35d1a5618fa stage_started workflowId=200051fa577c42218f4aa883fce9df88 stage=layer2.group.zh-Hans.0001 spanId=67c6d55148a849d4a7b87589cda047c7 attemptId=94ef1695b87f4f1d98bff11f69ca2656
2026-10-09T01:38:54.235410+00:00 INFO run=1a37cbdb026e4a549b5ed35d1a5618fa stage_started workflowId=200051fa577c42218f4aa883fce9df88 stage=layer2.group.zh-Hans.0002 spanId=fb20afdad01c4362ae483ae5a18898fb attemptId=7c462dd11f4149d38e0fe17f64f07098
2026-10-09T01:38:54.235900+00:00 INFO run=1a37cbdb026e4a549b5ed35d1a5618fa stage_started workflowId=200051fa577c42218f4aa883fce9df88 stage=layer2.group.zh-Hans.0005 spanId=6108d628aeb04ed6b4cc57f2e847b21a attemptId=93658ad07a5a41a983f3fb7d65ac3177
2026-10-09T01:38:54.236006+00:00 INFO run=1a37cbdb026e4a549b5ed35d1a5618fa stage_started workflowId=200051fa577c42218f4aa883fce9df88 stage=layer2.group.zh-Hans.0006 spanId=e22c4d61be07429686be7015d7bb6a68 attemptId=dcb1fa3e3198466e8c0acb50fd0a1a98
2026-10-09T01:38:54.236157+00:00 INFO run=1a37cbdb026e4a549b5ed35d1a5618fa stage_started workflowId=200051fa577c42218f4aa883fce9df88 stage=layer2.group.zh-Hans.0003 spanId=44d551ca26244cc89d08fcca351fc5c1 attemptId=a45cbc2abf0745f6918adafea0a5dbb7
2026-10-09T01:38:54.235855+00:00 INFO run=1a37cbdb026e4a549b5ed35d1a5618fa stage_started workflowId=200051fa577c42218f4aa883fce9df88 stage=layer2.group.zh-Hans.0004 spanId=fb3d6fcd62124c0f9aab67bde2222d8a attemptId=5a60e126317a4bc49637b201770856f6
2026-10-09T01:38:54.236269+00:00 INFO run=1a37cbdb026e4a549b5ed35d1a5618fa stage_started workflowId=200051fa577c42218f4aa883fce9df88 stage=layer2.group.zh-Hans.0007 spanId=e51bb0243cd94e5791b964aa1c534780 attemptId=2732b8042da64cc998e8d7d546d86aac
2026-10-09T01:38:54.236410+00:00 INFO run=1a37cbdb026e4a549b5ed35d1a5618fa workload workflowId=200051fa577c42218f4aa883fce9df88 stage=timing.inline_dispatch_v1 spanId=67c6d55148a849d4a7b87589cda047c7
2026-10-09T01:38:54.236638+00:00 INFO run=1a37cbdb026e4a549b5ed35d1a5618fa stage_started workflowId=200051fa577c42218f4aa883fce9df88 stage=layer2.group.zh-Hans.0009 spanId=093caa551e1e4e8fb29f04fc8801a9be attemptId=646cb5bc0c474cb88439d3b953ca68a5
2026-10-09T01:38:54.236757+00:00 INFO run=1a37cbdb026e4a549b5ed35d1a5618fa stage_started workflowId=200051fa577c42218f4aa883fce9df88 stage=layer2.group.zh-Hans.0008 spanId=5a3789bbe0c242989747a1379065c00b attemptId=cc64ef833f024118ae14309bee4821ae
2026-10-09T01:38:54.236994+00:00 INFO run=1a37cbdb026e4a549b5ed35d1a5618fa stage_started workflowId=200051fa577c42218f4aa883fce9df88 stage=layer2.group.zh-Hans.0010 spanId=b5ae0a1097c743df96eff021937e9bda attemptId=561a55bd34a3446abf1cf388dcfbe326
2026-10-09T01:38:54.236983+00:00 INFO run=1a37cbdb026e4a549b5ed35d1a5618fa workload workflowId=200051fa577c42218f4aa883fce9df88 stage=timing.inline_dispatch_v1 spanId=fb20afdad01c4362ae483ae5a18898fb
2026-10-09T01:38:54.237042+00:00 INFO run=1a37cbdb026e4a549b5ed35d1a5618fa stage_started workflowId=200051fa577c42218f4aa883fce9df88 stage=layer2.group.zh-Hans.0011 spanId=b1773d2fc9014e07a22e8ad1d1753cc0 attemptId=77a0ad0b5f7d416a822c8fe0add380cd
2026-10-09T01:38:54.237426+00:00 INFO run=1a37cbdb026e4a549b5ed35d1a5618fa stage_started workflowId=200051fa577c42218f4aa883fce9df88 stage=layer2.group.zh-Hans.0013 spanId=f5ba5470bac24ed898099d58dafa6692 attemptId=a70292cf855844f489b1d3dcc059daf0
2026-10-09T01:38:54.237510+00:00 INFO run=1a37cbdb026e4a549b5ed35d1a5618fa stage_started workflowId=200051fa577c42218f4aa883fce9df88 stage=layer2.group.zh-Hans.0012 spanId=74cb2a167a1d40a69cb0aace15fcf133 attemptId=f6d5015e7e5342a3898e17771117c3e3
2026-10-09T01:38:54.237609+00:00 INFO run=1a37cbdb026e4a549b5ed35d1a5618fa workload workflowId=200051fa577c42218f4aa883fce9df88 stage=timing.inline_dispatch_v1 spanId=6108d628aeb04ed6b4cc57f2e847b21a
2026-10-09T01:38:54.237839+00:00 INFO run=1a37cbdb026e4a549b5ed35d1a5618fa workload workflowId=200051fa577c42218f4aa883fce9df88 stage=timing.inline_dispatch_v1 spanId=e22c4d61be07429686be7015d7bb6a68
2026-10-09T01:38:54.237974+00:00 INFO run=1a37cbdb026e4a549b5ed35d1a5618fa workload workflowId=200051fa577c42218f4aa883fce9df88 stage=timing.inline_dispatch_v1 spanId=44d551ca26244cc89d08fcca351fc5c1
2026-10-09T01:38:54.238177+00:00 INFO run=1a37cbdb026e4a549b5ed35d1a5618fa workload workflowId=200051fa577c42218f4aa883fce9df88 stage=timing.inline_dispatch_v1 spanId=fb3d6fcd62124c0f9aab67bde2222d8a
2026-10-09T01:38:54.238348+00:00 INFO run=1a37cbdb026e4a549b5ed35d1a5618fa workload workflowId=200051fa577c42218f4aa883fce9df88 stage=timing.inline_dispatch_v1 spanId=e51bb0243cd94e5791b964aa1c534780
2026-10-09T01:38:54.238566+00:00 INFO run=1a37cbdb026e4a549b5ed35d1a5618fa stage_started workflowId=200051fa577c42218f4aa883fce9df88 stage=layer2.prepare.zh-Hans.group-0001 spanId=58b4f790a7544e5d8b5eaef6a0fb033f attemptId=4a4ba173b8244471a77334a3e071ba6c cacheHit=True
2026-10-09T01:38:54.238709+00:00 INFO run=1a37cbdb026e4a549b5ed35d1a5618fa workload workflowId=200051fa577c42218f4aa883fce9df88 stage=timing.inline_dispatch_v1 spanId=093caa551e1e4e8fb29f04fc8801a9be
2026-10-09T01:38:54.238866+00:00 INFO run=1a37cbdb026e4a549b5ed35d1a5618fa workload workflowId=200051fa577c42218f4aa883fce9df88 stage=timing.inline_dispatch_v1 spanId=5a3789bbe0c242989747a1379065c00b
2026-10-09T01:38:54.238965+00:00 INFO run=1a37cbdb026e4a549b5ed35d1a5618fa workload workflowId=200051fa577c42218f4aa883fce9df88 stage=timing.inline_dispatch_v1 spanId=b5ae0a1097c743df96eff021937e9bda
2026-10-09T01:38:54.239165+00:00 INFO run=1a37cbdb026e4a549b5ed35d1a5618fa stage_started workflowId=200051fa577c42218f4aa883fce9df88 stage=layer2.prepare.zh-Hans.group-0002 spanId=4747b037aa4142fea44db3c51f010b75 attemptId=16bb8eab7c0d49a3a3999b4fbc8e26de cacheHit=True
2026-10-09T01:38:54.239306+00:00 INFO run=1a37cbdb026e4a549b5ed35d1a5618fa workload workflowId=200051fa577c42218f4aa883fce9df88 stage=timing.inline_dispatch_v1 spanId=b1773d2fc9014e07a22e8ad1d1753cc0
2026-10-09T01:38:54.239441+00:00 INFO run=1a37cbdb026e4a549b5ed35d1a5618fa workload workflowId=200051fa577c42218f4aa883fce9df88 stage=timing.inline_dispatch_v1 spanId=f5ba5470bac24ed898099d58dafa6692
2026-10-09T01:38:54.239598+00:00 INFO run=1a37cbdb026e4a549b5ed35d1a5618fa workload workflowId=200051fa577c42218f4aa883fce9df88 stage=timing.inline_dispatch_v1 spanId=74cb2a167a1d40a69cb0aace15fcf133
2026-10-09T01:38:54.239768+00:00 INFO run=1a37cbdb026e4a549b5ed35d1a5618fa stage_started workflowId=200051fa577c42218f4aa883fce9df88 stage=layer2.prepare.zh-Hans.group-0005 spanId=c27aec07ffa841b483bc1ba7ff2a2b61 attemptId=091d9f2f458b4e099a046e6a79d5995b cacheHit=True
2026-10-09T01:38:54.239909+00:00 INFO run=1a37cbdb026e4a549b5ed35d1a5618fa stage_started workflowId=200051fa577c42218f4aa883fce9df88 stage=layer2.prepare.zh-Hans.group-0006 spanId=9d883145a06e461f9d96ffa3d5e9a5e0 attemptId=da0b4dbe68fc4147bfad96f0bf074710 cacheHit=True
2026-10-09T01:38:54.240064+00:00 INFO run=1a37cbdb026e4a549b5ed35d1a5618fa stage_started workflowId=200051fa577c42218f4aa883fce9df88 stage=layer2.prepare.zh-Hans.group-0003 spanId=b06ba8f07a1f48d0a60f677a3871c5fb attemptId=9ebb7d1b8bc647f195ce5e00effca353 cacheHit=True
2026-10-09T01:38:54.240214+00:00 INFO run=1a37cbdb026e4a549b5ed35d1a5618fa stage_started workflowId=200051fa577c42218f4aa883fce9df88 stage=layer2.prepare.zh-Hans.group-0004 spanId=fb25b2a798dc40c8b99803376a512981 attemptId=c53966e6ef9b421fa2889b8b9b6edd2b cacheHit=True
2026-10-09T01:38:54.240384+00:00 INFO run=1a37cbdb026e4a549b5ed35d1a5618fa stage_started workflowId=200051fa577c42218f4aa883fce9df88 stage=layer2.prepare.zh-Hans.group-0007 spanId=5e836569e3194d06ba468b97f2d78877 attemptId=f3e43ce95a99443785f7b6c77b6a8853 cacheHit=True
2026-10-09T01:38:54.240552+00:00 INFO run=1a37cbdb026e4a549b5ed35d1a5618fa workload workflowId=200051fa577c42218f4aa883fce9df88 stage=timing.inline_dispatch_v1 spanId=58b4f790a7544e5d8b5eaef6a0fb033f
2026-10-09T01:38:54.240700+00:00 INFO run=1a37cbdb026e4a549b5ed35d1a5618fa stage_started workflowId=200051fa577c42218f4aa883fce9df88 stage=layer2.prepare.zh-Hans.group-0009 spanId=ca2461ca6cf44f199fedd3e3947e4f2f attemptId=e7008af045b14dffa1a2b1468baaef7b cacheHit=True
2026-10-09T01:38:54.240869+00:00 INFO run=1a37cbdb026e4a549b5ed35d1a5618fa stage_started workflowId=200051fa577c42218f4aa883fce9df88 stage=layer2.prepare.zh-Hans.group-0008 spanId=b967a50d340a4026a3cae9cd8afb3c82 attemptId=b2d936c447fa4c859643b754d7407fcb cacheHit=True
2026-10-09T01:38:54.241002+00:00 INFO run=1a37cbdb026e4a549b5ed35d1a5618fa stage_started workflowId=200051fa577c42218f4aa883fce9df88 stage=layer2.prepare.zh-Hans.group-0010 spanId=eee864bd55ed4999bbd9b55ab12a6da1 attemptId=6574a09b221d4e8aacac2ef5963afa7e cacheHit=True
2026-10-09T01:38:54.241105+00:00 INFO run=1a37cbdb026e4a549b5ed35d1a5618fa workload workflowId=200051fa577c42218f4aa883fce9df88 stage=timing.inline_dispatch_v1 spanId=4747b037aa4142fea44db3c51f010b75
2026-10-09T01:38:54.241285+00:00 INFO run=1a37cbdb026e4a549b5ed35d1a5618fa stage_started workflowId=200051fa577c42218f4aa883fce9df88 stage=layer2.prepare.zh-Hans.group-0011 spanId=33f50ae3090f419093ef7f9fba18b5b1 attemptId=340f2e781d3741068974a9dd0f724ced cacheHit=True
2026-10-09T01:38:54.241468+00:00 INFO run=1a37cbdb026e4a549b5ed35d1a5618fa stage_started workflowId=200051fa577c42218f4aa883fce9df88 stage=layer2.prepare.zh-Hans.group-0013 spanId=2941b37ba4b7436e88491c0821d4e26c attemptId=7393c0561fae43beae23d1918730736c
2026-10-09T01:38:54.241608+00:00 INFO run=1a37cbdb026e4a549b5ed35d1a5618fa stage_started workflowId=200051fa577c42218f4aa883fce9df88 stage=layer2.prepare.zh-Hans.group-0012 spanId=5f06d921ab4f442b8b5fcfeb81dd7238 attemptId=1d759d820f0b4767a36b902835559a2d cacheHit=True
2026-10-09T01:38:54.241768+00:00 INFO run=1a37cbdb026e4a549b5ed35d1a5618fa workload workflowId=200051fa577c42218f4aa883fce9df88 stage=timing.inline_dispatch_v1 spanId=c27aec07ffa841b483bc1ba7ff2a2b61
2026-10-09T01:38:54.241902+00:00 INFO run=1a37cbdb026e4a549b5ed35d1a5618fa workload workflowId=200051fa577c42218f4aa883fce9df88 stage=timing.inline_dispatch_v1 spanId=9d883145a06e461f9d96ffa3d5e9a5e0
2026-10-09T01:38:54.242027+00:00 INFO run=1a37cbdb026e4a549b5ed35d1a5618fa workload workflowId=200051fa577c42218f4aa883fce9df88 stage=timing.inline_dispatch_v1 spanId=b06ba8f07a1f48d0a60f677a3871c5fb
2026-10-09T01:38:54.242160+00:00 INFO run=1a37cbdb026e4a549b5ed35d1a5618fa workload workflowId=200051fa577c42218f4aa883fce9df88 stage=timing.inline_dispatch_v1 spanId=fb25b2a798dc40c8b99803376a512981
2026-10-09T01:38:54.242293+00:00 INFO run=1a37cbdb026e4a549b5ed35d1a5618fa workload workflowId=200051fa577c42218f4aa883fce9df88 stage=timing.inline_dispatch_v1 spanId=5e836569e3194d06ba468b97f2d78877
2026-10-09T01:38:54.242561+00:00 INFO run=1a37cbdb026e4a549b5ed35d1a5618fa workload workflowId=200051fa577c42218f4aa883fce9df88 stage=timing.inline_dispatch_v1 spanId=ca2461ca6cf44f199fedd3e3947e4f2f
2026-10-09T01:38:54.242734+00:00 INFO run=1a37cbdb026e4a549b5ed35d1a5618fa workload workflowId=200051fa577c42218f4aa883fce9df88 stage=timing.inline_dispatch_v1 spanId=b967a50d340a4026a3cae9cd8afb3c82
2026-10-09T01:38:54.242889+00:00 INFO run=1a37cbdb026e4a549b5ed35d1a5618fa workload workflowId=200051fa577c42218f4aa883fce9df88 stage=timing.inline_dispatch_v1 spanId=eee864bd55ed4999bbd9b55ab12a6da1
2026-10-09T01:38:54.243295+00:00 INFO run=1a37cbdb026e4a549b5ed35d1a5618fa workload workflowId=200051fa577c42218f4aa883fce9df88 stage=timing.inline_dispatch_v1 spanId=33f50ae3090f419093ef7f9fba18b5b1
2026-10-09T01:38:54.243429+00:00 INFO run=1a37cbdb026e4a549b5ed35d1a5618fa workload workflowId=200051fa577c42218f4aa883fce9df88 stage=timing.inline_dispatch_v1 spanId=2941b37ba4b7436e88491c0821d4e26c
2026-10-09T01:38:54.243711+00:00 INFO run=1a37cbdb026e4a549b5ed35d1a5618fa workload workflowId=200051fa577c42218f4aa883fce9df88 stage=timing.inline_dispatch_v1 spanId=5f06d921ab4f442b8b5fcfeb81dd7238
2026-10-09T01:38:54.245235+00:00 INFO run=1a37cbdb026e4a549b5ed35d1a5618fa model_cache_observation workflowId=200051fa577c42218f4aa883fce9df88 stage=layer2.prepare.zh-Hans.group-0001 spanId=58b4f790a7544e5d8b5eaef6a0fb033f
2026-10-09T01:38:54.247231+00:00 INFO run=1a37cbdb026e4a549b5ed35d1a5618fa model_cache_observation workflowId=200051fa577c42218f4aa883fce9df88 stage=layer2.prepare.zh-Hans.group-0002 spanId=4747b037aa4142fea44db3c51f010b75
2026-10-09T01:38:54.250590+00:00 INFO run=1a37cbdb026e4a549b5ed35d1a5618fa model_cache_observation workflowId=200051fa577c42218f4aa883fce9df88 stage=layer2.prepare.zh-Hans.group-0005 spanId=c27aec07ffa841b483bc1ba7ff2a2b61
2026-10-09T01:38:54.250529+00:00 INFO run=1a37cbdb026e4a549b5ed35d1a5618fa stage_finished workflowId=200051fa577c42218f4aa883fce9df88 stage=layer2.prepare.zh-Hans.group-0013 spanId=2941b37ba4b7436e88491c0821d4e26c attemptId=7393c0561fae43beae23d1918730736c status=completed elapsedSeconds=0.008958
2026-10-09T01:38:54.250982+00:00 INFO run=1a37cbdb026e4a549b5ed35d1a5618fa model_cache_observation workflowId=200051fa577c42218f4aa883fce9df88 stage=layer2.prepare.zh-Hans.group-0003 spanId=b06ba8f07a1f48d0a60f677a3871c5fb
2026-10-09T01:38:54.251901+00:00 INFO run=1a37cbdb026e4a549b5ed35d1a5618fa model_cache_observation workflowId=200051fa577c42218f4aa883fce9df88 stage=layer2.prepare.zh-Hans.group-0004 spanId=fb25b2a798dc40c8b99803376a512981
2026-10-09T01:38:54.253461+00:00 INFO run=1a37cbdb026e4a549b5ed35d1a5618fa model_cache_observation workflowId=200051fa577c42218f4aa883fce9df88 stage=layer2.prepare.zh-Hans.group-0006 spanId=9d883145a06e461f9d96ffa3d5e9a5e0
2026-10-09T01:38:54.254231+00:00 INFO run=1a37cbdb026e4a549b5ed35d1a5618fa stage_started workflowId=200051fa577c42218f4aa883fce9df88 stage=layer2.translator.zh-Hans.group-0013 spanId=c0fefb70a9e244dfa04620b70e39e283 attemptId=e999738bae8b4e0488e2c67d2aa4a06f
2026-10-09T01:38:54.254996+00:00 INFO run=1a37cbdb026e4a549b5ed35d1a5618fa model_cache_observation workflowId=200051fa577c42218f4aa883fce9df88 stage=layer2.prepare.zh-Hans.group-0007 spanId=5e836569e3194d06ba468b97f2d78877
2026-10-09T01:38:54.256152+00:00 INFO run=1a37cbdb026e4a549b5ed35d1a5618fa model_cache_observation workflowId=200051fa577c42218f4aa883fce9df88 stage=layer2.prepare.zh-Hans.group-0009 spanId=ca2461ca6cf44f199fedd3e3947e4f2f
2026-10-09T01:38:54.256907+00:00 INFO run=1a37cbdb026e4a549b5ed35d1a5618fa workload workflowId=200051fa577c42218f4aa883fce9df88 stage=timing.inline_dispatch_v1 spanId=c0fefb70a9e244dfa04620b70e39e283
2026-10-09T01:38:54.257450+00:00 INFO run=1a37cbdb026e4a549b5ed35d1a5618fa model_cache_observation workflowId=200051fa577c42218f4aa883fce9df88 stage=layer2.prepare.zh-Hans.group-0008 spanId=b967a50d340a4026a3cae9cd8afb3c82
2026-10-09T01:38:54.257774+00:00 INFO run=1a37cbdb026e4a549b5ed35d1a5618fa model_cache_observation workflowId=200051fa577c42218f4aa883fce9df88 stage=layer2.prepare.zh-Hans.group-0010 spanId=eee864bd55ed4999bbd9b55ab12a6da1
2026-10-09T01:38:54.259637+00:00 INFO run=1a37cbdb026e4a549b5ed35d1a5618fa model_cache_observation workflowId=200051fa577c42218f4aa883fce9df88 stage=layer2.prepare.zh-Hans.group-0011 spanId=33f50ae3090f419093ef7f9fba18b5b1
2026-10-09T01:38:54.260537+00:00 INFO run=1a37cbdb026e4a549b5ed35d1a5618fa model_cache_observation workflowId=200051fa577c42218f4aa883fce9df88 stage=layer2.prepare.zh-Hans.group-0012 spanId=5f06d921ab4f442b8b5fcfeb81dd7238
2026-10-09T01:38:54.261296+00:00 INFO run=1a37cbdb026e4a549b5ed35d1a5618fa model_cache_observation workflowId=200051fa577c42218f4aa883fce9df88 stage=layer2.prepare.zh-Hans.group-0001 spanId=58b4f790a7544e5d8b5eaef6a0fb033f
2026-10-09T01:38:54.262128+00:00 INFO run=1a37cbdb026e4a549b5ed35d1a5618fa model_cache_observation workflowId=200051fa577c42218f4aa883fce9df88 stage=layer2.prepare.zh-Hans.group-0005 spanId=c27aec07ffa841b483bc1ba7ff2a2b61
2026-10-09T01:38:54.263996+00:00 INFO run=1a37cbdb026e4a549b5ed35d1a5618fa model_cache_observation workflowId=200051fa577c42218f4aa883fce9df88 stage=layer2.prepare.zh-Hans.group-0002 spanId=4747b037aa4142fea44db3c51f010b75
2026-10-09T01:38:54.267417+00:00 INFO run=1a37cbdb026e4a549b5ed35d1a5618fa model_cache_observation workflowId=200051fa577c42218f4aa883fce9df88 stage=layer2.prepare.zh-Hans.group-0003 spanId=b06ba8f07a1f48d0a60f677a3871c5fb
2026-10-09T01:38:54.266679+00:00 INFO run=1a37cbdb026e4a549b5ed35d1a5618fa model_cache_observation workflowId=200051fa577c42218f4aa883fce9df88 stage=layer2.prepare.zh-Hans.group-0004 spanId=fb25b2a798dc40c8b99803376a512981
2026-10-09T01:38:54.265887+00:00 INFO run=1a37cbdb026e4a549b5ed35d1a5618fa stage_finished workflowId=200051fa577c42218f4aa883fce9df88 stage=layer2.prepare.zh-Hans.group-0001 spanId=58b4f790a7544e5d8b5eaef6a0fb033f attemptId=4a4ba173b8244471a77334a3e071ba6c status=completed elapsedSeconds=0.026897 cacheHit=True
2026-10-09T01:38:54.266628+00:00 INFO run=1a37cbdb026e4a549b5ed35d1a5618fa stage_finished workflowId=200051fa577c42218f4aa883fce9df88 stage=layer2.prepare.zh-Hans.group-0005 spanId=c27aec07ffa841b483bc1ba7ff2a2b61 attemptId=091d9f2f458b4e099a046e6a79d5995b status=completed elapsedSeconds=0.026628 cacheHit=True
2026-10-09T01:38:54.267396+00:00 INFO run=1a37cbdb026e4a549b5ed35d1a5618fa model_cache_observation workflowId=200051fa577c42218f4aa883fce9df88 stage=layer2.prepare.zh-Hans.group-0006 spanId=9d883145a06e461f9d96ffa3d5e9a5e0
2026-10-09T01:38:54.268252+00:00 INFO run=1a37cbdb026e4a549b5ed35d1a5618fa stage_finished workflowId=200051fa577c42218f4aa883fce9df88 stage=layer2.prepare.zh-Hans.group-0002 spanId=4747b037aa4142fea44db3c51f010b75 attemptId=16bb8eab7c0d49a3a3999b4fbc8e26de status=completed elapsedSeconds=0.028913 cacheHit=True
2026-10-09T01:38:54.268642+00:00 INFO run=1a37cbdb026e4a549b5ed35d1a5618fa stage_finished workflowId=200051fa577c42218f4aa883fce9df88 stage=layer2.prepare.zh-Hans.group-0003 spanId=b06ba8f07a1f48d0a60f677a3871c5fb attemptId=9ebb7d1b8bc647f195ce5e00effca353 status=completed elapsedSeconds=0.028466 cacheHit=True
2026-10-09T01:38:54.269207+00:00 INFO run=1a37cbdb026e4a549b5ed35d1a5618fa model_cache_observation workflowId=200051fa577c42218f4aa883fce9df88 stage=layer2.prepare.zh-Hans.group-0007 spanId=5e836569e3194d06ba468b97f2d78877
2026-10-09T01:38:54.269392+00:00 INFO run=1a37cbdb026e4a549b5ed35d1a5618fa model_cache_observation workflowId=200051fa577c42218f4aa883fce9df88 stage=layer2.prepare.zh-Hans.group-0009 spanId=ca2461ca6cf44f199fedd3e3947e4f2f
2026-10-09T01:38:54.269501+00:00 INFO run=1a37cbdb026e4a549b5ed35d1a5618fa stage_finished workflowId=200051fa577c42218f4aa883fce9df88 stage=layer2.prepare.zh-Hans.group-0004 spanId=fb25b2a798dc40c8b99803376a512981 attemptId=c53966e6ef9b421fa2889b8b9b6edd2b status=completed elapsedSeconds=0.028877 cacheHit=True
2026-10-09T01:38:54.270365+00:00 INFO run=1a37cbdb026e4a549b5ed35d1a5618fa stage_finished workflowId=200051fa577c42218f4aa883fce9df88 stage=layer2.group.zh-Hans.0001 spanId=67c6d55148a849d4a7b87589cda047c7 attemptId=94ef1695b87f4f1d98bff11f69ca2656 status=completed elapsedSeconds=0.035056
2026-10-09T01:38:54.271326+00:00 INFO run=1a37cbdb026e4a549b5ed35d1a5618fa stage_finished workflowId=200051fa577c42218f4aa883fce9df88 stage=layer2.group.zh-Hans.0005 spanId=6108d628aeb04ed6b4cc57f2e847b21a attemptId=93658ad07a5a41a983f3fb7d65ac3177 status=completed elapsedSeconds=0.035392
2026-10-09T01:38:54.271580+00:00 INFO run=1a37cbdb026e4a549b5ed35d1a5618fa model_cache_observation workflowId=200051fa577c42218f4aa883fce9df88 stage=layer2.prepare.zh-Hans.group-0008 spanId=b967a50d340a4026a3cae9cd8afb3c82
2026-10-09T01:38:54.272211+00:00 INFO run=1a37cbdb026e4a549b5ed35d1a5618fa model_cache_observation workflowId=200051fa577c42218f4aa883fce9df88 stage=layer2.prepare.zh-Hans.group-0011 spanId=33f50ae3090f419093ef7f9fba18b5b1
2026-10-09T01:38:54.272433+00:00 INFO run=1a37cbdb026e4a549b5ed35d1a5618fa stage_finished workflowId=200051fa577c42218f4aa883fce9df88 stage=layer2.prepare.zh-Hans.group-0006 spanId=9d883145a06e461f9d96ffa3d5e9a5e0 attemptId=da0b4dbe68fc4147bfad96f0bf074710 status=completed elapsedSeconds=0.031999 cacheHit=True
2026-10-09T01:38:54.273033+00:00 INFO run=1a37cbdb026e4a549b5ed35d1a5618fa stage_finished workflowId=200051fa577c42218f4aa883fce9df88 stage=layer2.group.zh-Hans.0002 spanId=fb20afdad01c4362ae483ae5a18898fb attemptId=7c462dd11f4149d38e0fe17f64f07098 status=completed elapsedSeconds=0.037571
2026-10-09T01:38:54.273160+00:00 INFO run=1a37cbdb026e4a549b5ed35d1a5618fa model_cache_observation workflowId=200051fa577c42218f4aa883fce9df88 stage=layer2.prepare.zh-Hans.group-0010 spanId=eee864bd55ed4999bbd9b55ab12a6da1
2026-10-09T01:38:54.272924+00:00 INFO run=1a37cbdb026e4a549b5ed35d1a5618fa stage_finished workflowId=200051fa577c42218f4aa883fce9df88 stage=layer2.group.zh-Hans.0003 spanId=44d551ca26244cc89d08fcca351fc5c1 attemptId=a45cbc2abf0745f6918adafea0a5dbb7 status=completed elapsedSeconds=0.036919
2026-10-09T01:38:54.273393+00:00 INFO run=1a37cbdb026e4a549b5ed35d1a5618fa stage_finished workflowId=200051fa577c42218f4aa883fce9df88 stage=layer2.prepare.zh-Hans.group-0007 spanId=5e836569e3194d06ba468b97f2d78877 attemptId=f3e43ce95a99443785f7b6c77b6a8853 status=completed elapsedSeconds=0.03277 cacheHit=True
2026-10-09T01:38:54.273558+00:00 INFO run=1a37cbdb026e4a549b5ed35d1a5618fa model_cache_observation workflowId=200051fa577c42218f4aa883fce9df88 stage=layer2.prepare.zh-Hans.group-0012 spanId=5f06d921ab4f442b8b5fcfeb81dd7238
2026-10-09T01:38:54.273733+00:00 INFO run=1a37cbdb026e4a549b5ed35d1a5618fa stage_finished workflowId=200051fa577c42218f4aa883fce9df88 stage=layer2.prepare.zh-Hans.group-0009 spanId=ca2461ca6cf44f199fedd3e3947e4f2f attemptId=e7008af045b14dffa1a2b1468baaef7b status=completed elapsedSeconds=0.032959 cacheHit=True
2026-10-09T01:38:54.273954+00:00 INFO run=1a37cbdb026e4a549b5ed35d1a5618fa stage_finished workflowId=200051fa577c42218f4aa883fce9df88 stage=layer2.group.zh-Hans.0004 spanId=fb3d6fcd62124c0f9aab67bde2222d8a attemptId=5a60e126317a4bc49637b201770856f6 status=completed elapsedSeconds=0.038172
2026-10-09T01:38:54.274571+00:00 INFO run=1a37cbdb026e4a549b5ed35d1a5618fa stage_finished workflowId=200051fa577c42218f4aa883fce9df88 stage=layer2.prepare.zh-Hans.group-0008 spanId=b967a50d340a4026a3cae9cd8afb3c82 attemptId=b2d936c447fa4c859643b754d7407fcb status=completed elapsedSeconds=0.033634 cacheHit=True
2026-10-09T01:38:54.275250+00:00 INFO run=1a37cbdb026e4a549b5ed35d1a5618fa stage_finished workflowId=200051fa577c42218f4aa883fce9df88 stage=layer2.prepare.zh-Hans.group-0011 spanId=33f50ae3090f419093ef7f9fba18b5b1 attemptId=340f2e781d3741068974a9dd0f724ced status=completed elapsedSeconds=0.033883 cacheHit=True
2026-10-09T01:38:54.275513+00:00 INFO run=1a37cbdb026e4a549b5ed35d1a5618fa stage_finished workflowId=200051fa577c42218f4aa883fce9df88 stage=layer2.group.zh-Hans.0006 spanId=e22c4d61be07429686be7015d7bb6a68 attemptId=dcb1fa3e3198466e8c0acb50fd0a1a98 status=completed elapsedSeconds=0.039634
2026-10-09T01:38:54.276088+00:00 INFO run=1a37cbdb026e4a549b5ed35d1a5618fa stage_finished workflowId=200051fa577c42218f4aa883fce9df88 stage=layer2.prepare.zh-Hans.group-0010 spanId=eee864bd55ed4999bbd9b55ab12a6da1 attemptId=6574a09b221d4e8aacac2ef5963afa7e status=completed elapsedSeconds=0.035063 cacheHit=True
2026-10-09T01:38:54.276498+00:00 INFO run=1a37cbdb026e4a549b5ed35d1a5618fa stage_finished workflowId=200051fa577c42218f4aa883fce9df88 stage=layer2.group.zh-Hans.0007 spanId=e51bb0243cd94e5791b964aa1c534780 attemptId=2732b8042da64cc998e8d7d546d86aac status=completed elapsedSeconds=0.040323
2026-10-09T01:38:54.276673+00:00 INFO run=1a37cbdb026e4a549b5ed35d1a5618fa stage_finished workflowId=200051fa577c42218f4aa883fce9df88 stage=layer2.prepare.zh-Hans.group-0012 spanId=5f06d921ab4f442b8b5fcfeb81dd7238 attemptId=1d759d820f0b4767a36b902835559a2d status=completed elapsedSeconds=0.035046 cacheHit=True
2026-10-09T01:38:54.276886+00:00 INFO run=1a37cbdb026e4a549b5ed35d1a5618fa stage_finished workflowId=200051fa577c42218f4aa883fce9df88 stage=layer2.group.zh-Hans.0009 spanId=093caa551e1e4e8fb29f04fc8801a9be attemptId=646cb5bc0c474cb88439d3b953ca68a5 status=completed elapsedSeconds=0.040276
2026-10-09T01:38:54.277276+00:00 INFO run=1a37cbdb026e4a549b5ed35d1a5618fa stage_finished workflowId=200051fa577c42218f4aa883fce9df88 stage=layer2.group.zh-Hans.0008 spanId=5a3789bbe0c242989747a1379065c00b attemptId=cc64ef833f024118ae14309bee4821ae status=completed elapsedSeconds=0.040675
2026-10-09T01:38:54.277424+00:00 INFO run=1a37cbdb026e4a549b5ed35d1a5618fa stage_finished workflowId=200051fa577c42218f4aa883fce9df88 stage=layer2.group.zh-Hans.0011 spanId=b1773d2fc9014e07a22e8ad1d1753cc0 attemptId=77a0ad0b5f7d416a822c8fe0add380cd status=completed elapsedSeconds=0.040345
2026-10-09T01:38:54.277824+00:00 INFO run=1a37cbdb026e4a549b5ed35d1a5618fa stage_finished workflowId=200051fa577c42218f4aa883fce9df88 stage=layer2.group.zh-Hans.0010 spanId=b5ae0a1097c743df96eff021937e9bda attemptId=561a55bd34a3446abf1cf388dcfbe326 status=completed elapsedSeconds=0.040957
2026-10-09T01:38:54.278092+00:00 INFO run=1a37cbdb026e4a549b5ed35d1a5618fa stage_finished workflowId=200051fa577c42218f4aa883fce9df88 stage=layer2.group.zh-Hans.0012 spanId=74cb2a167a1d40a69cb0aace15fcf133 attemptId=f6d5015e7e5342a3898e17771117c3e3 status=completed elapsedSeconds=0.040857
2026-10-09T01:39:05.935411+00:00 INFO run=1a37cbdb026e4a549b5ed35d1a5618fa stage_finished workflowId=200051fa577c42218f4aa883fce9df88 stage=layer2.translator.zh-Hans.group-0013 spanId=c0fefb70a9e244dfa04620b70e39e283 attemptId=e999738bae8b4e0488e2c67d2aa4a06f status=completed elapsedSeconds=11.681313
2026-10-09T01:39:05.935717+00:00 INFO run=1a37cbdb026e4a549b5ed35d1a5618fa stage_started workflowId=200051fa577c42218f4aa883fce9df88 stage=layer2.draft_validation.zh-Hans.group-0013 spanId=0d5df28b292d47cbae81832f0a56c72a attemptId=49fcb3be960f432aae42c25d8ebf446f
2026-10-09T01:39:05.935916+00:00 INFO run=1a37cbdb026e4a549b5ed35d1a5618fa workload workflowId=200051fa577c42218f4aa883fce9df88 stage=timing.inline_dispatch_v1 spanId=0d5df28b292d47cbae81832f0a56c72a
2026-10-09T01:39:05.936213+00:00 INFO run=1a37cbdb026e4a549b5ed35d1a5618fa stage_finished workflowId=200051fa577c42218f4aa883fce9df88 stage=layer2.draft_validation.zh-Hans.group-0013 spanId=0d5df28b292d47cbae81832f0a56c72a attemptId=49fcb3be960f432aae42c25d8ebf446f status=completed elapsedSeconds=0.000491
2026-10-09T01:39:05.936424+00:00 INFO run=1a37cbdb026e4a549b5ed35d1a5618fa stage_started workflowId=200051fa577c42218f4aa883fce9df88 stage=layer2.reviewer.zh-Hans.group-0013 spanId=3850b8f69c704baea268b2d3fd9c7d6a attemptId=3da5248552584cab914518fbf0098c25
2026-10-09T01:39:05.936619+00:00 INFO run=1a37cbdb026e4a549b5ed35d1a5618fa workload workflowId=200051fa577c42218f4aa883fce9df88 stage=timing.inline_dispatch_v1 spanId=3850b8f69c704baea268b2d3fd9c7d6a
2026-10-09T01:39:14.721468+00:00 INFO run=1a37cbdb026e4a549b5ed35d1a5618fa stage_finished workflowId=200051fa577c42218f4aa883fce9df88 stage=layer2.reviewer.zh-Hans.group-0013 spanId=3850b8f69c704baea268b2d3fd9c7d6a attemptId=3da5248552584cab914518fbf0098c25 status=completed elapsedSeconds=8.784924
2026-10-09T01:39:14.721822+00:00 INFO run=1a37cbdb026e4a549b5ed35d1a5618fa stage_started workflowId=200051fa577c42218f4aa883fce9df88 stage=layer2.review_validation.zh-Hans.group-0013 spanId=2465d45a3d7443aba0cf6e65289e6eb9 attemptId=caad3d681e5b40cf8bc5294991e6b06c
2026-10-09T01:39:14.722025+00:00 INFO run=1a37cbdb026e4a549b5ed35d1a5618fa workload workflowId=200051fa577c42218f4aa883fce9df88 stage=timing.inline_dispatch_v1 spanId=2465d45a3d7443aba0cf6e65289e6eb9
2026-10-09T01:39:14.722248+00:00 INFO run=1a37cbdb026e4a549b5ed35d1a5618fa stage_finished workflowId=200051fa577c42218f4aa883fce9df88 stage=layer2.review_validation.zh-Hans.group-0013 spanId=2465d45a3d7443aba0cf6e65289e6eb9 attemptId=caad3d681e5b40cf8bc5294991e6b06c status=completed elapsedSeconds=0.00044
2026-10-09T01:39:14.722442+00:00 INFO run=1a37cbdb026e4a549b5ed35d1a5618fa stage_finished workflowId=200051fa577c42218f4aa883fce9df88 stage=layer2.group.zh-Hans.0013 spanId=f5ba5470bac24ed898099d58dafa6692 attemptId=a70292cf855844f489b1d3dcc059daf0 status=completed elapsedSeconds=20.484959
2026-10-09T01:39:14.723004+00:00 INFO run=1a37cbdb026e4a549b5ed35d1a5618fa stage_started workflowId=200051fa577c42218f4aa883fce9df88 stage=layer2.evidence_assembly.zh-Hans spanId=84b893b1681c4d039ba25d4098bbc6a1 attemptId=8980a01e566045ff90b62339cae6bf1a
2026-10-09T01:39:14.723202+00:00 INFO run=1a37cbdb026e4a549b5ed35d1a5618fa workload workflowId=200051fa577c42218f4aa883fce9df88 stage=timing.inline_dispatch_v1 spanId=84b893b1681c4d039ba25d4098bbc6a1
2026-10-09T01:39:14.724619+00:00 INFO run=1a37cbdb026e4a549b5ed35d1a5618fa workload workflowId=200051fa577c42218f4aa883fce9df88 stage=layer2.evidence_identity spanId=84b893b1681c4d039ba25d4098bbc6a1
2026-10-09T01:39:14.724795+00:00 INFO run=1a37cbdb026e4a549b5ed35d1a5618fa stage_finished workflowId=200051fa577c42218f4aa883fce9df88 stage=layer2.evidence_assembly.zh-Hans spanId=84b893b1681c4d039ba25d4098bbc6a1 attemptId=8980a01e566045ff90b62339cae6bf1a status=completed elapsedSeconds=0.001813
2026-10-09T01:39:14.860335+00:00 INFO run=1a37cbdb026e4a549b5ed35d1a5618fa stage_finished workflowId=200051fa577c42218f4aa883fce9df88 stage=codex_layer2_diagnostic_test spanId=ce2601a827844697b6b84f729e1dd858 attemptId=5275077b181a4b78818340d014e4c0bf status=completed elapsedSeconds=20.655059
2026-10-09T01:39:14.861829+00:00 INFO run=1a37cbdb026e4a549b5ed35d1a5618fa workflow_evidence workflowId=200051fa577c42218f4aa883fce9df88
2026-10-09T01:39:14.862037+00:00 INFO run=1a37cbdb026e4a549b5ed35d1a5618fa workflow_finished workflowId=200051fa577c42218f4aa883fce9df88 status=completed
2026-10-09T01:39:14.862222+00:00 INFO run=1a37cbdb026e4a549b5ed35d1a5618fa run_finished workflowId=200051fa577c42218f4aa883fce9df88 status=completed
