2026-10-09T01:29:32.838312+00:00 INFO run=77a7aae4a1a6487d8738b8023f934145 run_started workflowId=65ef79de236245338c13a3f8b2b40425
2026-10-09T01:29:32.887833+00:00 INFO run=77a7aae4a1a6487d8738b8023f934145 workflow_started workflowId=65ef79de236245338c13a3f8b2b40425
2026-10-09T01:29:32.889853+00:00 INFO run=77a7aae4a1a6487d8738b8023f934145 workflow_evidence workflowId=65ef79de236245338c13a3f8b2b40425
2026-10-09T01:29:32.890283+00:00 INFO run=77a7aae4a1a6487d8738b8023f934145 stage_started workflowId=65ef79de236245338c13a3f8b2b40425 stage=codex_layer2_diagnostic_test spanId=b548c27375714893bbb57f0790e11b6f attemptId=df4ab225424b4d438c4f62821eb5a2bd
2026-10-09T01:29:32.890593+00:00 INFO run=77a7aae4a1a6487d8738b8023f934145 workload workflowId=65ef79de236245338c13a3f8b2b40425 stage=timing.inline_dispatch_v1 spanId=b548c27375714893bbb57f0790e11b6f
2026-10-09T01:29:32.891027+00:00 INFO run=77a7aae4a1a6487d8738b8023f934145 stage_started workflowId=65ef79de236245338c13a3f8b2b40425 stage=layer2.run_admission.zh-Hans spanId=a716fcc9b422447d886b092702af4826 attemptId=08123aa850b646ac8f02ebea2131f22d
2026-10-09T01:29:32.891201+00:00 INFO run=77a7aae4a1a6487d8738b8023f934145 workload workflowId=65ef79de236245338c13a3f8b2b40425 stage=timing.inline_dispatch_v1 spanId=a716fcc9b422447d886b092702af4826
2026-10-09T01:29:32.900193+00:00 INFO run=77a7aae4a1a6487d8738b8023f934145 workload workflowId=65ef79de236245338c13a3f8b2b40425 stage=layer2.rule_preflight spanId=a716fcc9b422447d886b092702af4826
2026-10-09T01:29:32.902756+00:00 INFO run=77a7aae4a1a6487d8738b8023f934145 workload workflowId=65ef79de236245338c13a3f8b2b40425 stage=layer2.concurrency spanId=a716fcc9b422447d886b092702af4826
2026-10-09T01:29:32.902976+00:00 INFO run=77a7aae4a1a6487d8738b8023f934145 stage_finished workflowId=65ef79de236245338c13a3f8b2b40425 stage=layer2.run_admission.zh-Hans spanId=a716fcc9b422447d886b092702af4826 attemptId=08123aa850b646ac8f02ebea2131f22d status=completed elapsedSeconds=0.011929
2026-10-09T01:29:32.903813+00:00 INFO run=77a7aae4a1a6487d8738b8023f934145 stage_started workflowId=65ef79de236245338c13a3f8b2b40425 stage=layer2.group.zh-Hans.0002 spanId=88e82dff0c064299b2d77aca442d8b9b attemptId=00b63857c80c44bb9a41dad6dcc6102f
2026-10-09T01:29:32.903933+00:00 INFO run=77a7aae4a1a6487d8738b8023f934145 stage_started workflowId=65ef79de236245338c13a3f8b2b40425 stage=layer2.group.zh-Hans.0005 spanId=9c5875da712c4921b5ae510f0369be11 attemptId=ec7ab210cf7d44c0b99966be161196f8
2026-10-09T01:29:32.903916+00:00 INFO run=77a7aae4a1a6487d8738b8023f934145 stage_started workflowId=65ef79de236245338c13a3f8b2b40425 stage=layer2.group.zh-Hans.0004 spanId=be61136e42f641b0906c39970aa350ad attemptId=00ae34359c984d09a58252c66a692026
2026-10-09T01:29:32.904105+00:00 INFO run=77a7aae4a1a6487d8738b8023f934145 stage_started workflowId=65ef79de236245338c13a3f8b2b40425 stage=layer2.group.zh-Hans.0003 spanId=0c4cd06b98564fcab04a4d4faca5ae24 attemptId=a680de0edd964e51ba6b0e0da212b8e5
2026-10-09T01:29:32.903798+00:00 INFO run=77a7aae4a1a6487d8738b8023f934145 stage_started workflowId=65ef79de236245338c13a3f8b2b40425 stage=layer2.group.zh-Hans.0001 spanId=9b29fd766322410396b18b629147d7c1 attemptId=29418454ae264e088e4cc9124b976eb1
2026-10-09T01:29:32.904308+00:00 INFO run=77a7aae4a1a6487d8738b8023f934145 stage_started workflowId=65ef79de236245338c13a3f8b2b40425 stage=layer2.group.zh-Hans.0006 spanId=1d262c0e8f874e3cb56015f9337be195 attemptId=6673174946764b5293ec0cfa6cabe345
2026-10-09T01:29:32.904513+00:00 INFO run=77a7aae4a1a6487d8738b8023f934145 stage_started workflowId=65ef79de236245338c13a3f8b2b40425 stage=layer2.group.zh-Hans.0007 spanId=dc6d5693fb9d44529a79c46ef97dca38 attemptId=c907e31cf66443ae85173ed41f25e1a6
2026-10-09T01:29:32.904907+00:00 INFO run=77a7aae4a1a6487d8738b8023f934145 workload workflowId=65ef79de236245338c13a3f8b2b40425 stage=timing.inline_dispatch_v1 spanId=88e82dff0c064299b2d77aca442d8b9b
2026-10-09T01:29:32.904858+00:00 INFO run=77a7aae4a1a6487d8738b8023f934145 stage_started workflowId=65ef79de236245338c13a3f8b2b40425 stage=layer2.group.zh-Hans.0010 spanId=4b1bcbd99ba34fe29d2130c20c8d6477 attemptId=4145d4fb5a194354840eff9d3e1d33f5
2026-10-09T01:29:32.905005+00:00 INFO run=77a7aae4a1a6487d8738b8023f934145 stage_started workflowId=65ef79de236245338c13a3f8b2b40425 stage=layer2.group.zh-Hans.0011 spanId=7207a6dd8d474665ad1fdc9fab85e0bb attemptId=1dea1c61b4014e9ca2912cb7045fdb3d
2026-10-09T01:29:32.904944+00:00 INFO run=77a7aae4a1a6487d8738b8023f934145 stage_started workflowId=65ef79de236245338c13a3f8b2b40425 stage=layer2.group.zh-Hans.0009 spanId=4dab238a8ef247f28cb3cef64977e9ee attemptId=db3115c0a2764a06a3fe49651f2b293e
2026-10-09T01:29:32.905105+00:00 INFO run=77a7aae4a1a6487d8738b8023f934145 stage_started workflowId=65ef79de236245338c13a3f8b2b40425 stage=layer2.group.zh-Hans.0008 spanId=54903880f6d24f169e04b20fa2b8a216 attemptId=66b189ac1f534facb8278ba4525bb518
2026-10-09T01:29:32.905208+00:00 INFO run=77a7aae4a1a6487d8738b8023f934145 stage_started workflowId=65ef79de236245338c13a3f8b2b40425 stage=layer2.group.zh-Hans.0012 spanId=22804a66244d477fa9cfdc5c2485a722 attemptId=902f2f431df241ffac62a021c5ac84b6
2026-10-09T01:29:32.905331+00:00 INFO run=77a7aae4a1a6487d8738b8023f934145 workload workflowId=65ef79de236245338c13a3f8b2b40425 stage=timing.inline_dispatch_v1 spanId=9c5875da712c4921b5ae510f0369be11
2026-10-09T01:29:32.905363+00:00 INFO run=77a7aae4a1a6487d8738b8023f934145 stage_started workflowId=65ef79de236245338c13a3f8b2b40425 stage=layer2.group.zh-Hans.0013 spanId=bc57ff3f354840c399d20d627bfcc062 attemptId=2f1ca13af8f14a8c9941f3c57133bc07
2026-10-09T01:29:32.905504+00:00 INFO run=77a7aae4a1a6487d8738b8023f934145 workload workflowId=65ef79de236245338c13a3f8b2b40425 stage=timing.inline_dispatch_v1 spanId=be61136e42f641b0906c39970aa350ad
2026-10-09T01:29:32.905659+00:00 INFO run=77a7aae4a1a6487d8738b8023f934145 workload workflowId=65ef79de236245338c13a3f8b2b40425 stage=timing.inline_dispatch_v1 spanId=0c4cd06b98564fcab04a4d4faca5ae24
2026-10-09T01:29:32.905813+00:00 INFO run=77a7aae4a1a6487d8738b8023f934145 workload workflowId=65ef79de236245338c13a3f8b2b40425 stage=timing.inline_dispatch_v1 spanId=9b29fd766322410396b18b629147d7c1
2026-10-09T01:29:32.905932+00:00 INFO run=77a7aae4a1a6487d8738b8023f934145 workload workflowId=65ef79de236245338c13a3f8b2b40425 stage=timing.inline_dispatch_v1 spanId=1d262c0e8f874e3cb56015f9337be195
2026-10-09T01:29:32.906076+00:00 INFO run=77a7aae4a1a6487d8738b8023f934145 workload workflowId=65ef79de236245338c13a3f8b2b40425 stage=timing.inline_dispatch_v1 spanId=dc6d5693fb9d44529a79c46ef97dca38
2026-10-09T01:29:32.906243+00:00 INFO run=77a7aae4a1a6487d8738b8023f934145 stage_started workflowId=65ef79de236245338c13a3f8b2b40425 stage=layer2.prepare.zh-Hans.group-0002 spanId=6240cba2151149ad96261b00044b1a22 attemptId=c8868a49a2374d12af2c8f0d83f1f1ad
2026-10-09T01:29:32.906357+00:00 INFO run=77a7aae4a1a6487d8738b8023f934145 workload workflowId=65ef79de236245338c13a3f8b2b40425 stage=timing.inline_dispatch_v1 spanId=4b1bcbd99ba34fe29d2130c20c8d6477
2026-10-09T01:29:32.906484+00:00 INFO run=77a7aae4a1a6487d8738b8023f934145 workload workflowId=65ef79de236245338c13a3f8b2b40425 stage=timing.inline_dispatch_v1 spanId=7207a6dd8d474665ad1fdc9fab85e0bb
2026-10-09T01:29:32.906620+00:00 INFO run=77a7aae4a1a6487d8738b8023f934145 workload workflowId=65ef79de236245338c13a3f8b2b40425 stage=timing.inline_dispatch_v1 spanId=4dab238a8ef247f28cb3cef64977e9ee
2026-10-09T01:29:32.906775+00:00 INFO run=77a7aae4a1a6487d8738b8023f934145 workload workflowId=65ef79de236245338c13a3f8b2b40425 stage=timing.inline_dispatch_v1 spanId=54903880f6d24f169e04b20fa2b8a216
2026-10-09T01:29:32.906903+00:00 INFO run=77a7aae4a1a6487d8738b8023f934145 workload workflowId=65ef79de236245338c13a3f8b2b40425 stage=timing.inline_dispatch_v1 spanId=22804a66244d477fa9cfdc5c2485a722
2026-10-09T01:29:32.907057+00:00 INFO run=77a7aae4a1a6487d8738b8023f934145 stage_started workflowId=65ef79de236245338c13a3f8b2b40425 stage=layer2.prepare.zh-Hans.group-0005 spanId=435ef348c8304362b16ba97c467b1cbe attemptId=593896ee360348e290768ca6819877fc
2026-10-09T01:29:32.907208+00:00 INFO run=77a7aae4a1a6487d8738b8023f934145 workload workflowId=65ef79de236245338c13a3f8b2b40425 stage=timing.inline_dispatch_v1 spanId=bc57ff3f354840c399d20d627bfcc062
2026-10-09T01:29:32.907387+00:00 INFO run=77a7aae4a1a6487d8738b8023f934145 stage_started workflowId=65ef79de236245338c13a3f8b2b40425 stage=layer2.prepare.zh-Hans.group-0004 spanId=5b6900bfbffb48f2ae1cd7a361164189 attemptId=bbe53bcb036f4e7486e0148ed371c197
2026-10-09T01:29:32.907554+00:00 INFO run=77a7aae4a1a6487d8738b8023f934145 stage_started workflowId=65ef79de236245338c13a3f8b2b40425 stage=layer2.prepare.zh-Hans.group-0003 spanId=7e3b6a90b14948299662bf26b23581e8 attemptId=06ecf59671894a6d89f2b709d3bc1568
2026-10-09T01:29:32.907711+00:00 INFO run=77a7aae4a1a6487d8738b8023f934145 stage_started workflowId=65ef79de236245338c13a3f8b2b40425 stage=layer2.prepare.zh-Hans.group-0001 spanId=d656050c6b34497598f100ab49281b18 attemptId=374a901c785346779daa0cee651ffbb9
2026-10-09T01:29:32.907850+00:00 INFO run=77a7aae4a1a6487d8738b8023f934145 stage_started workflowId=65ef79de236245338c13a3f8b2b40425 stage=layer2.prepare.zh-Hans.group-0006 spanId=92ff59fabdeb4895802dbd52a3e00607 attemptId=ce3a48f8f93a427aaa4fac80d5bae14f
2026-10-09T01:29:32.908015+00:00 INFO run=77a7aae4a1a6487d8738b8023f934145 stage_started workflowId=65ef79de236245338c13a3f8b2b40425 stage=layer2.prepare.zh-Hans.group-0007 spanId=df0226ac2b834de79bf326f649e29a60 attemptId=a7e04bc524124bdba3d42704b17ceeb0
2026-10-09T01:29:32.908179+00:00 INFO run=77a7aae4a1a6487d8738b8023f934145 workload workflowId=65ef79de236245338c13a3f8b2b40425 stage=timing.inline_dispatch_v1 spanId=6240cba2151149ad96261b00044b1a22
2026-10-09T01:29:32.908337+00:00 INFO run=77a7aae4a1a6487d8738b8023f934145 stage_started workflowId=65ef79de236245338c13a3f8b2b40425 stage=layer2.prepare.zh-Hans.group-0010 spanId=e968f8ee51c9485ea86f96c4ec5979a5 attemptId=c68e73d2686543959a515280ee5784dc
2026-10-09T01:29:32.908544+00:00 INFO run=77a7aae4a1a6487d8738b8023f934145 stage_started workflowId=65ef79de236245338c13a3f8b2b40425 stage=layer2.prepare.zh-Hans.group-0011 spanId=6b2faa6b9168450d87f32c0af4afce5a attemptId=97a1e5b5469f463784e89766ccc69a6c
2026-10-09T01:29:32.908683+00:00 INFO run=77a7aae4a1a6487d8738b8023f934145 stage_started workflowId=65ef79de236245338c13a3f8b2b40425 stage=layer2.prepare.zh-Hans.group-0009 spanId=031cebf04a1c440c8438289860108005 attemptId=4c5e4f825295460999d4fbca446e733e
2026-10-09T01:29:32.908831+00:00 INFO run=77a7aae4a1a6487d8738b8023f934145 stage_started workflowId=65ef79de236245338c13a3f8b2b40425 stage=layer2.prepare.zh-Hans.group-0008 spanId=d4c442ba7ebc4a1fa99e90a52e9db4b0 attemptId=e30310c7383f46ffa2c8b37cc0912ebe
2026-10-09T01:29:32.909056+00:00 INFO run=77a7aae4a1a6487d8738b8023f934145 stage_started workflowId=65ef79de236245338c13a3f8b2b40425 stage=layer2.prepare.zh-Hans.group-0012 spanId=7710b15061e949a4b9f09aa7744be291 attemptId=e5742fa4577240bdaa4fa94cb85ca48d
2026-10-09T01:29:32.909166+00:00 INFO run=77a7aae4a1a6487d8738b8023f934145 workload workflowId=65ef79de236245338c13a3f8b2b40425 stage=timing.inline_dispatch_v1 spanId=435ef348c8304362b16ba97c467b1cbe
2026-10-09T01:29:32.909366+00:00 INFO run=77a7aae4a1a6487d8738b8023f934145 stage_started workflowId=65ef79de236245338c13a3f8b2b40425 stage=layer2.prepare.zh-Hans.group-0013 spanId=ddcbca58aa594391ad4ef333d401497d attemptId=47adfdf11bc24813a355076b97679400
2026-10-09T01:29:32.909511+00:00 INFO run=77a7aae4a1a6487d8738b8023f934145 workload workflowId=65ef79de236245338c13a3f8b2b40425 stage=timing.inline_dispatch_v1 spanId=5b6900bfbffb48f2ae1cd7a361164189
2026-10-09T01:29:32.909665+00:00 INFO run=77a7aae4a1a6487d8738b8023f934145 workload workflowId=65ef79de236245338c13a3f8b2b40425 stage=timing.inline_dispatch_v1 spanId=7e3b6a90b14948299662bf26b23581e8
2026-10-09T01:29:32.909808+00:00 INFO run=77a7aae4a1a6487d8738b8023f934145 workload workflowId=65ef79de236245338c13a3f8b2b40425 stage=timing.inline_dispatch_v1 spanId=d656050c6b34497598f100ab49281b18
2026-10-09T01:29:32.909936+00:00 INFO run=77a7aae4a1a6487d8738b8023f934145 workload workflowId=65ef79de236245338c13a3f8b2b40425 stage=timing.inline_dispatch_v1 spanId=92ff59fabdeb4895802dbd52a3e00607
2026-10-09T01:29:32.910114+00:00 INFO run=77a7aae4a1a6487d8738b8023f934145 workload workflowId=65ef79de236245338c13a3f8b2b40425 stage=timing.inline_dispatch_v1 spanId=df0226ac2b834de79bf326f649e29a60
2026-10-09T01:29:32.910386+00:00 INFO run=77a7aae4a1a6487d8738b8023f934145 stage_finished workflowId=65ef79de236245338c13a3f8b2b40425 stage=layer2.prepare.zh-Hans.group-0002 spanId=6240cba2151149ad96261b00044b1a22 attemptId=c8868a49a2374d12af2c8f0d83f1f1ad status=completed elapsedSeconds=0.004183
2026-10-09T01:29:32.910481+00:00 INFO run=77a7aae4a1a6487d8738b8023f934145 workload workflowId=65ef79de236245338c13a3f8b2b40425 stage=timing.inline_dispatch_v1 spanId=e968f8ee51c9485ea86f96c4ec5979a5
2026-10-09T01:29:32.910635+00:00 INFO run=77a7aae4a1a6487d8738b8023f934145 workload workflowId=65ef79de236245338c13a3f8b2b40425 stage=timing.inline_dispatch_v1 spanId=6b2faa6b9168450d87f32c0af4afce5a
2026-10-09T01:29:32.910742+00:00 INFO run=77a7aae4a1a6487d8738b8023f934145 workload workflowId=65ef79de236245338c13a3f8b2b40425 stage=timing.inline_dispatch_v1 spanId=031cebf04a1c440c8438289860108005
2026-10-09T01:29:32.910882+00:00 INFO run=77a7aae4a1a6487d8738b8023f934145 workload workflowId=65ef79de236245338c13a3f8b2b40425 stage=timing.inline_dispatch_v1 spanId=d4c442ba7ebc4a1fa99e90a52e9db4b0
2026-10-09T01:29:32.911042+00:00 INFO run=77a7aae4a1a6487d8738b8023f934145 workload workflowId=65ef79de236245338c13a3f8b2b40425 stage=timing.inline_dispatch_v1 spanId=7710b15061e949a4b9f09aa7744be291
2026-10-09T01:29:32.911277+00:00 INFO run=77a7aae4a1a6487d8738b8023f934145 stage_finished workflowId=65ef79de236245338c13a3f8b2b40425 stage=layer2.prepare.zh-Hans.group-0005 spanId=435ef348c8304362b16ba97c467b1cbe attemptId=593896ee360348e290768ca6819877fc status=completed elapsedSeconds=0.00425
2026-10-09T01:29:32.911422+00:00 INFO run=77a7aae4a1a6487d8738b8023f934145 workload workflowId=65ef79de236245338c13a3f8b2b40425 stage=timing.inline_dispatch_v1 spanId=ddcbca58aa594391ad4ef333d401497d
2026-10-09T01:29:32.911720+00:00 INFO run=77a7aae4a1a6487d8738b8023f934145 stage_finished workflowId=65ef79de236245338c13a3f8b2b40425 stage=layer2.prepare.zh-Hans.group-0004 spanId=5b6900bfbffb48f2ae1cd7a361164189 attemptId=bbe53bcb036f4e7486e0148ed371c197 status=completed elapsedSeconds=0.004371
2026-10-09T01:29:32.911995+00:00 INFO run=77a7aae4a1a6487d8738b8023f934145 stage_finished workflowId=65ef79de236245338c13a3f8b2b40425 stage=layer2.prepare.zh-Hans.group-0003 spanId=7e3b6a90b14948299662bf26b23581e8 attemptId=06ecf59671894a6d89f2b709d3bc1568 status=completed elapsedSeconds=0.004457
2026-10-09T01:29:32.912246+00:00 INFO run=77a7aae4a1a6487d8738b8023f934145 stage_finished workflowId=65ef79de236245338c13a3f8b2b40425 stage=layer2.prepare.zh-Hans.group-0001 spanId=d656050c6b34497598f100ab49281b18 attemptId=374a901c785346779daa0cee651ffbb9 status=completed elapsedSeconds=0.004545
2026-10-09T01:29:32.912633+00:00 INFO run=77a7aae4a1a6487d8738b8023f934145 stage_finished workflowId=65ef79de236245338c13a3f8b2b40425 stage=layer2.prepare.zh-Hans.group-0006 spanId=92ff59fabdeb4895802dbd52a3e00607 attemptId=ce3a48f8f93a427aaa4fac80d5bae14f status=completed elapsedSeconds=0.004639
2026-10-09T01:29:32.912803+00:00 INFO run=77a7aae4a1a6487d8738b8023f934145 stage_finished workflowId=65ef79de236245338c13a3f8b2b40425 stage=layer2.prepare.zh-Hans.group-0007 spanId=df0226ac2b834de79bf326f649e29a60 attemptId=a7e04bc524124bdba3d42704b17ceeb0 status=completed elapsedSeconds=0.004731
2026-10-09T01:29:32.912874+00:00 INFO run=77a7aae4a1a6487d8738b8023f934145 stage_started workflowId=65ef79de236245338c13a3f8b2b40425 stage=layer2.translator.zh-Hans.group-0002 spanId=54ee88adf5414c869bffe4f140cb4f8a attemptId=92225644a97b4bf09058af8ded7fd3dd
2026-10-09T01:29:32.913247+00:00 INFO run=77a7aae4a1a6487d8738b8023f934145 stage_finished workflowId=65ef79de236245338c13a3f8b2b40425 stage=layer2.prepare.zh-Hans.group-0010 spanId=e968f8ee51c9485ea86f96c4ec5979a5 attemptId=c68e73d2686543959a515280ee5784dc status=completed elapsedSeconds=0.004898
2026-10-09T01:29:32.913488+00:00 INFO run=77a7aae4a1a6487d8738b8023f934145 stage_finished workflowId=65ef79de236245338c13a3f8b2b40425 stage=layer2.prepare.zh-Hans.group-0011 spanId=6b2faa6b9168450d87f32c0af4afce5a attemptId=97a1e5b5469f463784e89766ccc69a6c status=completed elapsedSeconds=0.005
2026-10-09T01:29:32.913812+00:00 INFO run=77a7aae4a1a6487d8738b8023f934145 stage_finished workflowId=65ef79de236245338c13a3f8b2b40425 stage=layer2.prepare.zh-Hans.group-0009 spanId=031cebf04a1c440c8438289860108005 attemptId=4c5e4f825295460999d4fbca446e733e status=completed elapsedSeconds=0.005045
2026-10-09T01:29:32.914103+00:00 INFO run=77a7aae4a1a6487d8738b8023f934145 stage_finished workflowId=65ef79de236245338c13a3f8b2b40425 stage=layer2.prepare.zh-Hans.group-0008 spanId=d4c442ba7ebc4a1fa99e90a52e9db4b0 attemptId=e30310c7383f46ffa2c8b37cc0912ebe status=completed elapsedSeconds=0.005283
2026-10-09T01:29:32.914419+00:00 INFO run=77a7aae4a1a6487d8738b8023f934145 stage_finished workflowId=65ef79de236245338c13a3f8b2b40425 stage=layer2.prepare.zh-Hans.group-0012 spanId=7710b15061e949a4b9f09aa7744be291 attemptId=e5742fa4577240bdaa4fa94cb85ca48d status=completed elapsedSeconds=0.005408
2026-10-09T01:29:32.914586+00:00 INFO run=77a7aae4a1a6487d8738b8023f934145 stage_started workflowId=65ef79de236245338c13a3f8b2b40425 stage=layer2.translator.zh-Hans.group-0005 spanId=05c3b39889c843cd8a0f9b489dd3d4bf attemptId=9eb33d93600c4aca97db78630d0327db
2026-10-09T01:29:32.914886+00:00 INFO run=77a7aae4a1a6487d8738b8023f934145 stage_finished workflowId=65ef79de236245338c13a3f8b2b40425 stage=layer2.prepare.zh-Hans.group-0013 spanId=ddcbca58aa594391ad4ef333d401497d attemptId=47adfdf11bc24813a355076b97679400 status=completed elapsedSeconds=0.005524
2026-10-09T01:29:32.915049+00:00 INFO run=77a7aae4a1a6487d8738b8023f934145 stage_started workflowId=65ef79de236245338c13a3f8b2b40425 stage=layer2.translator.zh-Hans.group-0004 spanId=7e7f25adc8504f70ab71367288448b5f attemptId=846adce980d442228cec0458c56374d4
2026-10-09T01:29:32.915255+00:00 INFO run=77a7aae4a1a6487d8738b8023f934145 stage_started workflowId=65ef79de236245338c13a3f8b2b40425 stage=layer2.translator.zh-Hans.group-0003 spanId=16a1c62c7a6b4c6db822f102b315c251 attemptId=e92433ff501249329184b9aed23f0704
2026-10-09T01:29:32.915416+00:00 INFO run=77a7aae4a1a6487d8738b8023f934145 stage_started workflowId=65ef79de236245338c13a3f8b2b40425 stage=layer2.translator.zh-Hans.group-0001 spanId=687b8887efe94def9aa03b8620c5cf07 attemptId=285e2903e2f34c74b56cfd1b51b1b109
2026-10-09T01:29:32.915579+00:00 INFO run=77a7aae4a1a6487d8738b8023f934145 stage_started workflowId=65ef79de236245338c13a3f8b2b40425 stage=layer2.translator.zh-Hans.group-0006 spanId=8cf18520c6514e08af3b1037360d3547 attemptId=8c7a2901e9b245349134b2b34fd8df5c
2026-10-09T01:29:32.915724+00:00 INFO run=77a7aae4a1a6487d8738b8023f934145 stage_started workflowId=65ef79de236245338c13a3f8b2b40425 stage=layer2.translator.zh-Hans.group-0007 spanId=a463baa2c6ba410a88dfdab1a0fa286a attemptId=8501d7edc31f441cbc48005efe2e29b0
2026-10-09T01:29:32.915850+00:00 INFO run=77a7aae4a1a6487d8738b8023f934145 workload workflowId=65ef79de236245338c13a3f8b2b40425 stage=timing.inline_dispatch_v1 spanId=54ee88adf5414c869bffe4f140cb4f8a
2026-10-09T01:29:32.916010+00:00 INFO run=77a7aae4a1a6487d8738b8023f934145 stage_started workflowId=65ef79de236245338c13a3f8b2b40425 stage=layer2.translator.zh-Hans.group-0010 spanId=356592e504564847b762ea8376aebc2f attemptId=1899a04d2aca48efa9a0a495966435a9
2026-10-09T01:29:32.916196+00:00 INFO run=77a7aae4a1a6487d8738b8023f934145 stage_started workflowId=65ef79de236245338c13a3f8b2b40425 stage=layer2.translator.zh-Hans.group-0011 spanId=c8d5f1d4e5e84952b10bfbbc84336dbe attemptId=18c4e2729fc14944b31704e812c061e0
2026-10-09T01:29:32.916367+00:00 INFO run=77a7aae4a1a6487d8738b8023f934145 stage_started workflowId=65ef79de236245338c13a3f8b2b40425 stage=layer2.translator.zh-Hans.group-0009 spanId=99a6fbe23cee4f8caaf61b8c85befbca attemptId=670d5a3147604aa4ab0ab10b76abb078
2026-10-09T01:29:32.916546+00:00 INFO run=77a7aae4a1a6487d8738b8023f934145 stage_started workflowId=65ef79de236245338c13a3f8b2b40425 stage=layer2.translator.zh-Hans.group-0008 spanId=6fee58beb25b4f0c90d55eb15922863a attemptId=895ae0e025fe47ca85652ebcdffd2785
2026-10-09T01:29:32.916722+00:00 INFO run=77a7aae4a1a6487d8738b8023f934145 stage_started workflowId=65ef79de236245338c13a3f8b2b40425 stage=layer2.translator.zh-Hans.group-0012 spanId=2fba3f4f723e4245b96eb25b84f1fc72 attemptId=6a5bc436e65840938924b8654f596217
2026-10-09T01:29:32.916865+00:00 INFO run=77a7aae4a1a6487d8738b8023f934145 workload workflowId=65ef79de236245338c13a3f8b2b40425 stage=timing.inline_dispatch_v1 spanId=05c3b39889c843cd8a0f9b489dd3d4bf
2026-10-09T01:29:32.917044+00:00 INFO run=77a7aae4a1a6487d8738b8023f934145 stage_started workflowId=65ef79de236245338c13a3f8b2b40425 stage=layer2.translator.zh-Hans.group-0013 spanId=ec77280f7e2a44b3b5b5f051a36bcdc1 attemptId=389d27c3b78b480994a0db3c45648c98
2026-10-09T01:29:32.917170+00:00 INFO run=77a7aae4a1a6487d8738b8023f934145 workload workflowId=65ef79de236245338c13a3f8b2b40425 stage=timing.inline_dispatch_v1 spanId=7e7f25adc8504f70ab71367288448b5f
2026-10-09T01:29:32.917285+00:00 INFO run=77a7aae4a1a6487d8738b8023f934145 workload workflowId=65ef79de236245338c13a3f8b2b40425 stage=timing.inline_dispatch_v1 spanId=16a1c62c7a6b4c6db822f102b315c251
2026-10-09T01:29:32.917413+00:00 INFO run=77a7aae4a1a6487d8738b8023f934145 workload workflowId=65ef79de236245338c13a3f8b2b40425 stage=timing.inline_dispatch_v1 spanId=687b8887efe94def9aa03b8620c5cf07
2026-10-09T01:29:32.917522+00:00 INFO run=77a7aae4a1a6487d8738b8023f934145 workload workflowId=65ef79de236245338c13a3f8b2b40425 stage=timing.inline_dispatch_v1 spanId=8cf18520c6514e08af3b1037360d3547
2026-10-09T01:29:32.917643+00:00 INFO run=77a7aae4a1a6487d8738b8023f934145 workload workflowId=65ef79de236245338c13a3f8b2b40425 stage=timing.inline_dispatch_v1 spanId=a463baa2c6ba410a88dfdab1a0fa286a
2026-10-09T01:29:32.918055+00:00 INFO run=77a7aae4a1a6487d8738b8023f934145 workload workflowId=65ef79de236245338c13a3f8b2b40425 stage=timing.inline_dispatch_v1 spanId=356592e504564847b762ea8376aebc2f
2026-10-09T01:29:32.918366+00:00 INFO run=77a7aae4a1a6487d8738b8023f934145 workload workflowId=65ef79de236245338c13a3f8b2b40425 stage=timing.inline_dispatch_v1 spanId=c8d5f1d4e5e84952b10bfbbc84336dbe
2026-10-09T01:29:32.918558+00:00 INFO run=77a7aae4a1a6487d8738b8023f934145 workload workflowId=65ef79de236245338c13a3f8b2b40425 stage=timing.inline_dispatch_v1 spanId=99a6fbe23cee4f8caaf61b8c85befbca
2026-10-09T01:29:32.919233+00:00 INFO run=77a7aae4a1a6487d8738b8023f934145 workload workflowId=65ef79de236245338c13a3f8b2b40425 stage=timing.inline_dispatch_v1 spanId=6fee58beb25b4f0c90d55eb15922863a
2026-10-09T01:29:32.919291+00:00 INFO run=77a7aae4a1a6487d8738b8023f934145 workload workflowId=65ef79de236245338c13a3f8b2b40425 stage=timing.inline_dispatch_v1 spanId=2fba3f4f723e4245b96eb25b84f1fc72
2026-10-09T01:29:32.920911+00:00 INFO run=77a7aae4a1a6487d8738b8023f934145 workload workflowId=65ef79de236245338c13a3f8b2b40425 stage=timing.inline_dispatch_v1 spanId=ec77280f7e2a44b3b5b5f051a36bcdc1
2026-10-09T01:29:32.968176+00:00 INFO run=77a7aae4a1a6487d8738b8023f934145 stage_finished workflowId=65ef79de236245338c13a3f8b2b40425 stage=layer2.translator.zh-Hans.group-0002 spanId=54ee88adf5414c869bffe4f140cb4f8a attemptId=92225644a97b4bf09058af8ded7fd3dd status=completed elapsedSeconds=0.054887
2026-10-09T01:29:32.970020+00:00 INFO run=77a7aae4a1a6487d8738b8023f934145 stage_started workflowId=65ef79de236245338c13a3f8b2b40425 stage=layer2.draft_validation.zh-Hans.group-0002 spanId=5ab802a2778e4b1491a4b0a020cf69b3 attemptId=96b5b7a974c44e248b0ac2eb7136bd8c
2026-10-09T01:29:32.970476+00:00 INFO run=77a7aae4a1a6487d8738b8023f934145 stage_finished workflowId=65ef79de236245338c13a3f8b2b40425 stage=layer2.translator.zh-Hans.group-0005 spanId=05c3b39889c843cd8a0f9b489dd3d4bf attemptId=9eb33d93600c4aca97db78630d0327db status=completed elapsedSeconds=0.055316
2026-10-09T01:29:32.970886+00:00 INFO run=77a7aae4a1a6487d8738b8023f934145 stage_finished workflowId=65ef79de236245338c13a3f8b2b40425 stage=layer2.translator.zh-Hans.group-0004 spanId=7e7f25adc8504f70ab71367288448b5f attemptId=846adce980d442228cec0458c56374d4 status=completed elapsedSeconds=0.055167
2026-10-09T01:29:32.971177+00:00 INFO run=77a7aae4a1a6487d8738b8023f934145 workload workflowId=65ef79de236245338c13a3f8b2b40425 stage=timing.inline_dispatch_v1 spanId=5ab802a2778e4b1491a4b0a020cf69b3
2026-10-09T01:29:32.971317+00:00 INFO run=77a7aae4a1a6487d8738b8023f934145 stage_finished workflowId=65ef79de236245338c13a3f8b2b40425 stage=layer2.translator.zh-Hans.group-0003 spanId=16a1c62c7a6b4c6db822f102b315c251 attemptId=e92433ff501249329184b9aed23f0704 status=completed elapsedSeconds=0.05557
2026-10-09T01:29:32.972460+00:00 INFO run=77a7aae4a1a6487d8738b8023f934145 stage_finished workflowId=65ef79de236245338c13a3f8b2b40425 stage=layer2.translator.zh-Hans.group-0001 spanId=687b8887efe94def9aa03b8620c5cf07 attemptId=285e2903e2f34c74b56cfd1b51b1b109 status=completed elapsedSeconds=0.056854
2026-10-09T01:29:32.973147+00:00 INFO run=77a7aae4a1a6487d8738b8023f934145 stage_started workflowId=65ef79de236245338c13a3f8b2b40425 stage=layer2.draft_validation.zh-Hans.group-0005 spanId=66626e89dbc14690bcc8f910d1ad1910 attemptId=db92bb04a8df4ecb8aab13e6df297781
2026-10-09T01:29:32.973402+00:00 INFO run=77a7aae4a1a6487d8738b8023f934145 stage_started workflowId=65ef79de236245338c13a3f8b2b40425 stage=layer2.draft_validation.zh-Hans.group-0004 spanId=752fd9f100a64ddcbe91f456d122549b attemptId=41c948d86b544e81878046006fa9d20c
2026-10-09T01:29:32.974137+00:00 INFO run=77a7aae4a1a6487d8738b8023f934145 stage_started workflowId=65ef79de236245338c13a3f8b2b40425 stage=layer2.draft_validation.zh-Hans.group-0003 spanId=bd593b0dab8149b98c6db8d737268c92 attemptId=a1bbc06debb8415996c195f7f7748eb2
2026-10-09T01:29:32.974319+00:00 INFO run=77a7aae4a1a6487d8738b8023f934145 stage_finished workflowId=65ef79de236245338c13a3f8b2b40425 stage=layer2.draft_validation.zh-Hans.group-0002 spanId=5ab802a2778e4b1491a4b0a020cf69b3 attemptId=96b5b7a974c44e248b0ac2eb7136bd8c status=completed elapsedSeconds=0.003973
2026-10-09T01:29:32.974121+00:00 INFO run=77a7aae4a1a6487d8738b8023f934145 stage_finished workflowId=65ef79de236245338c13a3f8b2b40425 stage=layer2.translator.zh-Hans.group-0007 spanId=a463baa2c6ba410a88dfdab1a0fa286a attemptId=8501d7edc31f441cbc48005efe2e29b0 status=completed elapsedSeconds=0.057148
2026-10-09T01:29:32.974598+00:00 INFO run=77a7aae4a1a6487d8738b8023f934145 stage_finished workflowId=65ef79de236245338c13a3f8b2b40425 stage=layer2.translator.zh-Hans.group-0011 spanId=c8d5f1d4e5e84952b10bfbbc84336dbe attemptId=18c4e2729fc14944b31704e812c061e0 status=completed elapsedSeconds=0.058087
2026-10-09T01:29:32.974476+00:00 INFO run=77a7aae4a1a6487d8738b8023f934145 stage_finished workflowId=65ef79de236245338c13a3f8b2b40425 stage=layer2.translator.zh-Hans.group-0012 spanId=2fba3f4f723e4245b96eb25b84f1fc72 attemptId=6a5bc436e65840938924b8654f596217 status=completed elapsedSeconds=0.057566
2026-10-09T01:29:32.974777+00:00 INFO run=77a7aae4a1a6487d8738b8023f934145 stage_started workflowId=65ef79de236245338c13a3f8b2b40425 stage=layer2.draft_validation.zh-Hans.group-0001 spanId=70b79110265848a9aedc82b99dce1eea attemptId=819718f0c8fd49519ae144c988eb924c
2026-10-09T01:29:32.975028+00:00 INFO run=77a7aae4a1a6487d8738b8023f934145 stage_finished workflowId=65ef79de236245338c13a3f8b2b40425 stage=layer2.translator.zh-Hans.group-0006 spanId=8cf18520c6514e08af3b1037360d3547 attemptId=8c7a2901e9b245349134b2b34fd8df5c status=completed elapsedSeconds=0.059377
2026-10-09T01:29:32.975470+00:00 INFO run=77a7aae4a1a6487d8738b8023f934145 stage_finished workflowId=65ef79de236245338c13a3f8b2b40425 stage=layer2.translator.zh-Hans.group-0010 spanId=356592e504564847b762ea8376aebc2f attemptId=1899a04d2aca48efa9a0a495966435a9 status=completed elapsedSeconds=0.059261
2026-10-09T01:29:32.975663+00:00 ERROR run=77a7aae4a1a6487d8738b8023f934145 stage_finished workflowId=65ef79de236245338c13a3f8b2b40425 stage=layer2.translator.zh-Hans.group-0013 spanId=ec77280f7e2a44b3b5b5f051a36bcdc1 attemptId=389d27c3b78b480994a0db3c45648c98 status=failed elapsedSeconds=0.049286 errorType=ContractError at=scripts/sermon_unified/resources.py:125
2026-10-09T01:29:32.975688+00:00 INFO run=77a7aae4a1a6487d8738b8023f934145 stage_finished workflowId=65ef79de236245338c13a3f8b2b40425 stage=layer2.translator.zh-Hans.group-0009 spanId=99a6fbe23cee4f8caaf61b8c85befbca attemptId=670d5a3147604aa4ab0ab10b76abb078 status=completed elapsedSeconds=0.058985
2026-10-09T01:29:32.975637+00:00 INFO run=77a7aae4a1a6487d8738b8023f934145 workload workflowId=65ef79de236245338c13a3f8b2b40425 stage=timing.inline_dispatch_v1 spanId=66626e89dbc14690bcc8f910d1ad1910
2026-10-09T01:29:32.975990+00:00 INFO run=77a7aae4a1a6487d8738b8023f934145 workload workflowId=65ef79de236245338c13a3f8b2b40425 stage=timing.inline_dispatch_v1 spanId=752fd9f100a64ddcbe91f456d122549b
2026-10-09T01:29:32.976127+00:00 INFO run=77a7aae4a1a6487d8738b8023f934145 stage_finished workflowId=65ef79de236245338c13a3f8b2b40425 stage=layer2.translator.zh-Hans.group-0008 spanId=6fee58beb25b4f0c90d55eb15922863a attemptId=895ae0e025fe47ca85652ebcdffd2785 status=completed elapsedSeconds=0.059531
2026-10-09T01:29:32.978388+00:00 INFO run=77a7aae4a1a6487d8738b8023f934145 stage_finished workflowId=65ef79de236245338c13a3f8b2b40425 stage=layer2.draft_validation.zh-Hans.group-0005 spanId=66626e89dbc14690bcc8f910d1ad1910 attemptId=db92bb04a8df4ecb8aab13e6df297781 status=completed elapsedSeconds=0.005623
2026-10-09T01:29:32.976394+00:00 INFO run=77a7aae4a1a6487d8738b8023f934145 stage_started workflowId=65ef79de236245338c13a3f8b2b40425 stage=layer2.reviewer.zh-Hans.group-0002 spanId=aadef53ef0124273a66026ba5e4586a9 attemptId=e5599aee3b344a8dbdf53533f1a05ac4
2026-10-09T01:29:32.976593+00:00 INFO run=77a7aae4a1a6487d8738b8023f934145 stage_started workflowId=65ef79de236245338c13a3f8b2b40425 stage=layer2.draft_validation.zh-Hans.group-0007 spanId=a2aa8462b7724ad8b5dae196b0635770 attemptId=5eeef474cdb94afc9813830b4ebf1219
2026-10-09T01:29:32.976881+00:00 INFO run=77a7aae4a1a6487d8738b8023f934145 stage_started workflowId=65ef79de236245338c13a3f8b2b40425 stage=layer2.draft_validation.zh-Hans.group-0011 spanId=f4a9e1187ee7485cacdb8e5a86e6d3fc attemptId=110e0ad3128a40a98924875b1497b1a8
2026-10-09T01:29:32.977102+00:00 INFO run=77a7aae4a1a6487d8738b8023f934145 stage_started workflowId=65ef79de236245338c13a3f8b2b40425 stage=layer2.draft_validation.zh-Hans.group-0012 spanId=da75382fc7b2479498df659b0000b96f attemptId=3f20b8f6d9664529be3e297a214082cb
2026-10-09T01:29:32.977289+00:00 INFO run=77a7aae4a1a6487d8738b8023f934145 workload workflowId=65ef79de236245338c13a3f8b2b40425 stage=timing.inline_dispatch_v1 spanId=70b79110265848a9aedc82b99dce1eea
2026-10-09T01:29:32.977518+00:00 INFO run=77a7aae4a1a6487d8738b8023f934145 stage_started workflowId=65ef79de236245338c13a3f8b2b40425 stage=layer2.draft_validation.zh-Hans.group-0006 spanId=fbb2fbc0ff8a4c27a536bb5e727d4549 attemptId=069b9cedb78c4253bda57fe079823675
2026-10-09T01:29:32.977714+00:00 INFO run=77a7aae4a1a6487d8738b8023f934145 stage_started workflowId=65ef79de236245338c13a3f8b2b40425 stage=layer2.draft_validation.zh-Hans.group-0010 spanId=2647286bb18b40c8a40e9728cad8d27a attemptId=10ec0f98b66345b4a4f35cc6dee2494d
2026-10-09T01:29:32.978184+00:00 INFO run=77a7aae4a1a6487d8738b8023f934145 stage_started workflowId=65ef79de236245338c13a3f8b2b40425 stage=layer2.draft_validation.zh-Hans.group-0009 spanId=ecef8be9013546ea9679135ce52cc804 attemptId=4bd7833d915046ae88ddf054ebf8bb69
2026-10-09T01:29:32.976232+00:00 INFO run=77a7aae4a1a6487d8738b8023f934145 workload workflowId=65ef79de236245338c13a3f8b2b40425 stage=timing.inline_dispatch_v1 spanId=bd593b0dab8149b98c6db8d737268c92
2026-10-09T01:29:32.978586+00:00 INFO run=77a7aae4a1a6487d8738b8023f934145 stage_finished workflowId=65ef79de236245338c13a3f8b2b40425 stage=layer2.draft_validation.zh-Hans.group-0004 spanId=752fd9f100a64ddcbe91f456d122549b attemptId=41c948d86b544e81878046006fa9d20c status=completed elapsedSeconds=0.005557
2026-10-09T01:29:32.978716+00:00 INFO run=77a7aae4a1a6487d8738b8023f934145 stage_started workflowId=65ef79de236245338c13a3f8b2b40425 stage=layer2.draft_validation.zh-Hans.group-0008 spanId=5e26a8533a174dd586d3552cdee01c78 attemptId=bb036f8ad6624c9fa0d2f45b3baab8d5
2026-10-09T01:29:32.979016+00:00 INFO run=77a7aae4a1a6487d8738b8023f934145 stage_started workflowId=65ef79de236245338c13a3f8b2b40425 stage=layer2.reviewer.zh-Hans.group-0005 spanId=8d89a108908e4ad0b2fef9ff6b97df56 attemptId=04f48854a78d45eb956fe007d2878e31
2026-10-09T01:29:32.979144+00:00 ERROR run=77a7aae4a1a6487d8738b8023f934145 stage_finished workflowId=65ef79de236245338c13a3f8b2b40425 stage=layer2.group.zh-Hans.0013 spanId=bc57ff3f354840c399d20d627bfcc062 attemptId=2f1ca13af8f14a8c9941f3c57133bc07 status=failed elapsedSeconds=0.072514 errorType=ContractError at=scripts/sermon_unified/resources.py:125
2026-10-09T01:29:32.979237+00:00 INFO run=77a7aae4a1a6487d8738b8023f934145 workload workflowId=65ef79de236245338c13a3f8b2b40425 stage=timing.inline_dispatch_v1 spanId=aadef53ef0124273a66026ba5e4586a9
2026-10-09T01:29:32.979405+00:00 INFO run=77a7aae4a1a6487d8738b8023f934145 workload workflowId=65ef79de236245338c13a3f8b2b40425 stage=timing.inline_dispatch_v1 spanId=a2aa8462b7724ad8b5dae196b0635770
2026-10-09T01:29:32.979497+00:00 INFO run=77a7aae4a1a6487d8738b8023f934145 workload workflowId=65ef79de236245338c13a3f8b2b40425 stage=timing.inline_dispatch_v1 spanId=f4a9e1187ee7485cacdb8e5a86e6d3fc
2026-10-09T01:29:32.979644+00:00 INFO run=77a7aae4a1a6487d8738b8023f934145 workload workflowId=65ef79de236245338c13a3f8b2b40425 stage=timing.inline_dispatch_v1 spanId=da75382fc7b2479498df659b0000b96f
2026-10-09T01:29:32.979829+00:00 INFO run=77a7aae4a1a6487d8738b8023f934145 stage_finished workflowId=65ef79de236245338c13a3f8b2b40425 stage=layer2.draft_validation.zh-Hans.group-0001 spanId=70b79110265848a9aedc82b99dce1eea attemptId=819718f0c8fd49519ae144c988eb924c status=completed elapsedSeconds=0.005075
2026-10-09T01:29:32.979950+00:00 INFO run=77a7aae4a1a6487d8738b8023f934145 workload workflowId=65ef79de236245338c13a3f8b2b40425 stage=timing.inline_dispatch_v1 spanId=fbb2fbc0ff8a4c27a536bb5e727d4549
2026-10-09T01:29:32.980070+00:00 INFO run=77a7aae4a1a6487d8738b8023f934145 workload workflowId=65ef79de236245338c13a3f8b2b40425 stage=timing.inline_dispatch_v1 spanId=2647286bb18b40c8a40e9728cad8d27a
2026-10-09T01:29:32.980235+00:00 INFO run=77a7aae4a1a6487d8738b8023f934145 workload workflowId=65ef79de236245338c13a3f8b2b40425 stage=timing.inline_dispatch_v1 spanId=ecef8be9013546ea9679135ce52cc804
2026-10-09T01:29:32.980424+00:00 INFO run=77a7aae4a1a6487d8738b8023f934145 stage_finished workflowId=65ef79de236245338c13a3f8b2b40425 stage=layer2.draft_validation.zh-Hans.group-0003 spanId=bd593b0dab8149b98c6db8d737268c92 attemptId=a1bbc06debb8415996c195f7f7748eb2 status=completed elapsedSeconds=0.006548
2026-10-09T01:29:32.980611+00:00 INFO run=77a7aae4a1a6487d8738b8023f934145 stage_started workflowId=65ef79de236245338c13a3f8b2b40425 stage=layer2.reviewer.zh-Hans.group-0004 spanId=bac3ce2d94524ce8bd64a0c3d9a986a6 attemptId=291d1d46b7b149b885b7e3ae754e48b2
2026-10-09T01:29:32.980748+00:00 INFO run=77a7aae4a1a6487d8738b8023f934145 workload workflowId=65ef79de236245338c13a3f8b2b40425 stage=timing.inline_dispatch_v1 spanId=5e26a8533a174dd586d3552cdee01c78
2026-10-09T01:29:32.980871+00:00 INFO run=77a7aae4a1a6487d8738b8023f934145 workload workflowId=65ef79de236245338c13a3f8b2b40425 stage=timing.inline_dispatch_v1 spanId=8d89a108908e4ad0b2fef9ff6b97df56
2026-10-09T01:29:32.981804+00:00 INFO run=77a7aae4a1a6487d8738b8023f934145 stage_finished workflowId=65ef79de236245338c13a3f8b2b40425 stage=layer2.draft_validation.zh-Hans.group-0007 spanId=a2aa8462b7724ad8b5dae196b0635770 attemptId=5eeef474cdb94afc9813830b4ebf1219 status=completed elapsedSeconds=0.005115
2026-10-09T01:29:32.982264+00:00 INFO run=77a7aae4a1a6487d8738b8023f934145 stage_finished workflowId=65ef79de236245338c13a3f8b2b40425 stage=layer2.draft_validation.zh-Hans.group-0011 spanId=f4a9e1187ee7485cacdb8e5a86e6d3fc attemptId=110e0ad3128a40a98924875b1497b1a8 status=completed elapsedSeconds=0.005382
2026-10-09T01:29:32.982809+00:00 INFO run=77a7aae4a1a6487d8738b8023f934145 stage_finished workflowId=65ef79de236245338c13a3f8b2b40425 stage=layer2.draft_validation.zh-Hans.group-0012 spanId=da75382fc7b2479498df659b0000b96f attemptId=3f20b8f6d9664529be3e297a214082cb status=completed elapsedSeconds=0.005693
2026-10-09T01:29:32.983086+00:00 INFO run=77a7aae4a1a6487d8738b8023f934145 stage_started workflowId=65ef79de236245338c13a3f8b2b40425 stage=layer2.reviewer.zh-Hans.group-0001 spanId=09a4cd75830a4aaa8c764eb8d211c9a7 attemptId=00a4e48605dd445194b884dc76f7db8f
2026-10-09T01:29:32.983683+00:00 INFO run=77a7aae4a1a6487d8738b8023f934145 stage_finished workflowId=65ef79de236245338c13a3f8b2b40425 stage=layer2.draft_validation.zh-Hans.group-0006 spanId=fbb2fbc0ff8a4c27a536bb5e727d4549 attemptId=069b9cedb78c4253bda57fe079823675 status=completed elapsedSeconds=0.006086
2026-10-09T01:29:32.984175+00:00 INFO run=77a7aae4a1a6487d8738b8023f934145 stage_finished workflowId=65ef79de236245338c13a3f8b2b40425 stage=layer2.draft_validation.zh-Hans.group-0010 spanId=2647286bb18b40c8a40e9728cad8d27a attemptId=10ec0f98b66345b4a4f35cc6dee2494d status=completed elapsedSeconds=0.006405
2026-10-09T01:29:32.984550+00:00 INFO run=77a7aae4a1a6487d8738b8023f934145 stage_finished workflowId=65ef79de236245338c13a3f8b2b40425 stage=layer2.draft_validation.zh-Hans.group-0009 spanId=ecef8be9013546ea9679135ce52cc804 attemptId=4bd7833d915046ae88ddf054ebf8bb69 status=completed elapsedSeconds=0.006465
2026-10-09T01:29:32.984960+00:00 INFO run=77a7aae4a1a6487d8738b8023f934145 stage_started workflowId=65ef79de236245338c13a3f8b2b40425 stage=layer2.reviewer.zh-Hans.group-0003 spanId=e1d507f01fab444db6e7af2e79ce04ae attemptId=9100405a582241059428494410e2fe15
2026-10-09T01:29:32.985356+00:00 INFO run=77a7aae4a1a6487d8738b8023f934145 workload workflowId=65ef79de236245338c13a3f8b2b40425 stage=timing.inline_dispatch_v1 spanId=bac3ce2d94524ce8bd64a0c3d9a986a6
2026-10-09T01:29:32.985577+00:00 INFO run=77a7aae4a1a6487d8738b8023f934145 stage_finished workflowId=65ef79de236245338c13a3f8b2b40425 stage=layer2.draft_validation.zh-Hans.group-0008 spanId=5e26a8533a174dd586d3552cdee01c78 attemptId=bb036f8ad6624c9fa0d2f45b3baab8d5 status=completed elapsedSeconds=0.006614
2026-10-09T01:29:32.986511+00:00 INFO run=77a7aae4a1a6487d8738b8023f934145 stage_started workflowId=65ef79de236245338c13a3f8b2b40425 stage=layer2.reviewer.zh-Hans.group-0007 spanId=a77c71f2819e40a7a267970c12955fa5 attemptId=9e558388e6b5417b9c0189f1ff894626
2026-10-09T01:29:32.986967+00:00 INFO run=77a7aae4a1a6487d8738b8023f934145 stage_started workflowId=65ef79de236245338c13a3f8b2b40425 stage=layer2.reviewer.zh-Hans.group-0011 spanId=8af12867f88b4c34b5d50118a35e5fba attemptId=ad07564bd8e54098a137b05882d710bc
2026-10-09T01:29:32.987957+00:00 INFO run=77a7aae4a1a6487d8738b8023f934145 workload workflowId=65ef79de236245338c13a3f8b2b40425 stage=timing.inline_dispatch_v1 spanId=09a4cd75830a4aaa8c764eb8d211c9a7
2026-10-09T01:29:32.987982+00:00 INFO run=77a7aae4a1a6487d8738b8023f934145 stage_started workflowId=65ef79de236245338c13a3f8b2b40425 stage=layer2.reviewer.zh-Hans.group-0012 spanId=c2735408b8564a98a4990ea07b0387bb attemptId=a153bd1990ee4882a3ef955c157f9845
2026-10-09T01:29:32.988510+00:00 INFO run=77a7aae4a1a6487d8738b8023f934145 stage_started workflowId=65ef79de236245338c13a3f8b2b40425 stage=layer2.reviewer.zh-Hans.group-0006 spanId=195f50c7e0824e3d8fe199472079d497 attemptId=a9ec291416cb4112b0921e2975feaaa8
2026-10-09T01:29:32.989058+00:00 INFO run=77a7aae4a1a6487d8738b8023f934145 stage_started workflowId=65ef79de236245338c13a3f8b2b40425 stage=layer2.reviewer.zh-Hans.group-0010 spanId=d0e24f5e138846c2b4e8ef2b161091fe attemptId=323ee97a316941daac1a599cc1c7e7ad
2026-10-09T01:29:32.989296+00:00 INFO run=77a7aae4a1a6487d8738b8023f934145 stage_started workflowId=65ef79de236245338c13a3f8b2b40425 stage=layer2.reviewer.zh-Hans.group-0009 spanId=d8c91d39f927421a8a9a6c84c836203c attemptId=60c2fccbc17744a1b16b2589837efc20
2026-10-09T01:29:32.989610+00:00 INFO run=77a7aae4a1a6487d8738b8023f934145 workload workflowId=65ef79de236245338c13a3f8b2b40425 stage=timing.inline_dispatch_v1 spanId=e1d507f01fab444db6e7af2e79ce04ae
2026-10-09T01:29:32.991094+00:00 INFO run=77a7aae4a1a6487d8738b8023f934145 stage_started workflowId=65ef79de236245338c13a3f8b2b40425 stage=layer2.reviewer.zh-Hans.group-0008 spanId=0ab598579e8641cda87d88145947790e attemptId=36dc62398f0b4085aecedb1693fe5f6d
2026-10-09T01:29:32.991798+00:00 INFO run=77a7aae4a1a6487d8738b8023f934145 workload workflowId=65ef79de236245338c13a3f8b2b40425 stage=timing.inline_dispatch_v1 spanId=a77c71f2819e40a7a267970c12955fa5
2026-10-09T01:29:32.992467+00:00 INFO run=77a7aae4a1a6487d8738b8023f934145 workload workflowId=65ef79de236245338c13a3f8b2b40425 stage=timing.inline_dispatch_v1 spanId=8af12867f88b4c34b5d50118a35e5fba
2026-10-09T01:29:32.995197+00:00 INFO run=77a7aae4a1a6487d8738b8023f934145 workload workflowId=65ef79de236245338c13a3f8b2b40425 stage=timing.inline_dispatch_v1 spanId=c2735408b8564a98a4990ea07b0387bb
2026-10-09T01:29:32.995760+00:00 INFO run=77a7aae4a1a6487d8738b8023f934145 workload workflowId=65ef79de236245338c13a3f8b2b40425 stage=timing.inline_dispatch_v1 spanId=195f50c7e0824e3d8fe199472079d497
2026-10-09T01:29:32.997040+00:00 INFO run=77a7aae4a1a6487d8738b8023f934145 workload workflowId=65ef79de236245338c13a3f8b2b40425 stage=timing.inline_dispatch_v1 spanId=d0e24f5e138846c2b4e8ef2b161091fe
2026-10-09T01:29:32.997162+00:00 INFO run=77a7aae4a1a6487d8738b8023f934145 workload workflowId=65ef79de236245338c13a3f8b2b40425 stage=timing.inline_dispatch_v1 spanId=d8c91d39f927421a8a9a6c84c836203c
2026-10-09T01:29:32.999230+00:00 INFO run=77a7aae4a1a6487d8738b8023f934145 stage_finished workflowId=65ef79de236245338c13a3f8b2b40425 stage=layer2.reviewer.zh-Hans.group-0002 spanId=aadef53ef0124273a66026ba5e4586a9 attemptId=e5599aee3b344a8dbdf53533f1a05ac4 status=completed elapsedSeconds=0.022782
2026-10-09T01:29:33.000365+00:00 INFO run=77a7aae4a1a6487d8738b8023f934145 workload workflowId=65ef79de236245338c13a3f8b2b40425 stage=timing.inline_dispatch_v1 spanId=0ab598579e8641cda87d88145947790e
2026-10-09T01:29:33.010561+00:00 INFO run=77a7aae4a1a6487d8738b8023f934145 stage_started workflowId=65ef79de236245338c13a3f8b2b40425 stage=layer2.review_validation.zh-Hans.group-0002 spanId=ca06974c085c499c9e88fb55e7eae301 attemptId=17b900a72a97470688fa14ae66ab957d
2026-10-09T01:29:33.014491+00:00 INFO run=77a7aae4a1a6487d8738b8023f934145 workload workflowId=65ef79de236245338c13a3f8b2b40425 stage=timing.inline_dispatch_v1 spanId=ca06974c085c499c9e88fb55e7eae301
2026-10-09T01:29:33.016619+00:00 INFO run=77a7aae4a1a6487d8738b8023f934145 stage_finished workflowId=65ef79de236245338c13a3f8b2b40425 stage=layer2.review_validation.zh-Hans.group-0002 spanId=ca06974c085c499c9e88fb55e7eae301 attemptId=17b900a72a97470688fa14ae66ab957d status=completed elapsedSeconds=0.006138
2026-10-09T01:29:33.019900+00:00 INFO run=77a7aae4a1a6487d8738b8023f934145 stage_finished workflowId=65ef79de236245338c13a3f8b2b40425 stage=layer2.reviewer.zh-Hans.group-0005 spanId=8d89a108908e4ad0b2fef9ff6b97df56 attemptId=04f48854a78d45eb956fe007d2878e31 status=completed elapsedSeconds=0.040677
2026-10-09T01:29:33.020622+00:00 INFO run=77a7aae4a1a6487d8738b8023f934145 stage_finished workflowId=65ef79de236245338c13a3f8b2b40425 stage=layer2.group.zh-Hans.0002 spanId=88e82dff0c064299b2d77aca442d8b9b attemptId=00b63857c80c44bb9a41dad6dcc6102f status=completed elapsedSeconds=0.115757
2026-10-09T01:29:33.022450+00:00 INFO run=77a7aae4a1a6487d8738b8023f934145 stage_started workflowId=65ef79de236245338c13a3f8b2b40425 stage=layer2.review_validation.zh-Hans.group-0005 spanId=d677d42a489c4975b9cfc064501ee645 attemptId=c6233072868241eb9a5ad68b01328e84
2026-10-09T01:29:33.024758+00:00 INFO run=77a7aae4a1a6487d8738b8023f934145 workload workflowId=65ef79de236245338c13a3f8b2b40425 stage=timing.inline_dispatch_v1 spanId=d677d42a489c4975b9cfc064501ee645
2026-10-09T01:29:33.028127+00:00 INFO run=77a7aae4a1a6487d8738b8023f934145 stage_finished workflowId=65ef79de236245338c13a3f8b2b40425 stage=layer2.review_validation.zh-Hans.group-0005 spanId=d677d42a489c4975b9cfc064501ee645 attemptId=c6233072868241eb9a5ad68b01328e84 status=completed elapsedSeconds=0.005134
2026-10-09T01:29:33.030256+00:00 INFO run=77a7aae4a1a6487d8738b8023f934145 stage_finished workflowId=65ef79de236245338c13a3f8b2b40425 stage=layer2.group.zh-Hans.0005 spanId=9c5875da712c4921b5ae510f0369be11 attemptId=ec7ab210cf7d44c0b99966be161196f8 status=completed elapsedSeconds=0.125918
2026-10-09T01:29:33.032294+00:00 INFO run=77a7aae4a1a6487d8738b8023f934145 stage_finished workflowId=65ef79de236245338c13a3f8b2b40425 stage=layer2.reviewer.zh-Hans.group-0004 spanId=bac3ce2d94524ce8bd64a0c3d9a986a6 attemptId=291d1d46b7b149b885b7e3ae754e48b2 status=completed elapsedSeconds=0.051353
2026-10-09T01:29:33.034552+00:00 INFO run=77a7aae4a1a6487d8738b8023f934145 stage_started workflowId=65ef79de236245338c13a3f8b2b40425 stage=layer2.review_validation.zh-Hans.group-0004 spanId=888bd5f176c34a52b2d53956181ad161 attemptId=7e262e03f33849cbaf2b0d7987794cd8
2026-10-09T01:29:33.036816+00:00 INFO run=77a7aae4a1a6487d8738b8023f934145 stage_finished workflowId=65ef79de236245338c13a3f8b2b40425 stage=layer2.reviewer.zh-Hans.group-0001 spanId=09a4cd75830a4aaa8c764eb8d211c9a7 attemptId=00a4e48605dd445194b884dc76f7db8f status=completed elapsedSeconds=0.053419
2026-10-09T01:29:33.036858+00:00 INFO run=77a7aae4a1a6487d8738b8023f934145 workload workflowId=65ef79de236245338c13a3f8b2b40425 stage=timing.inline_dispatch_v1 spanId=888bd5f176c34a52b2d53956181ad161
2026-10-09T01:29:33.038399+00:00 INFO run=77a7aae4a1a6487d8738b8023f934145 stage_started workflowId=65ef79de236245338c13a3f8b2b40425 stage=layer2.review_validation.zh-Hans.group-0001 spanId=8e72910305d44a50b59a8deeccd7596a attemptId=ad936a35980e49a0901794d83281749d
2026-10-09T01:29:33.038417+00:00 INFO run=77a7aae4a1a6487d8738b8023f934145 stage_finished workflowId=65ef79de236245338c13a3f8b2b40425 stage=layer2.review_validation.zh-Hans.group-0004 spanId=888bd5f176c34a52b2d53956181ad161 attemptId=7e262e03f33849cbaf2b0d7987794cd8 status=completed elapsedSeconds=0.003717
2026-10-09T01:29:33.038987+00:00 INFO run=77a7aae4a1a6487d8738b8023f934145 stage_finished workflowId=65ef79de236245338c13a3f8b2b40425 stage=layer2.reviewer.zh-Hans.group-0003 spanId=e1d507f01fab444db6e7af2e79ce04ae attemptId=9100405a582241059428494410e2fe15 status=completed elapsedSeconds=0.053944
2026-10-09T01:29:33.039626+00:00 INFO run=77a7aae4a1a6487d8738b8023f934145 workload workflowId=65ef79de236245338c13a3f8b2b40425 stage=timing.inline_dispatch_v1 spanId=8e72910305d44a50b59a8deeccd7596a
2026-10-09T01:29:33.041113+00:00 INFO run=77a7aae4a1a6487d8738b8023f934145 stage_finished workflowId=65ef79de236245338c13a3f8b2b40425 stage=layer2.group.zh-Hans.0004 spanId=be61136e42f641b0906c39970aa350ad attemptId=00ae34359c984d09a58252c66a692026 status=completed elapsedSeconds=0.13667
2026-10-09T01:29:33.041507+00:00 INFO run=77a7aae4a1a6487d8738b8023f934145 stage_started workflowId=65ef79de236245338c13a3f8b2b40425 stage=layer2.review_validation.zh-Hans.group-0003 spanId=09503431b3744099a716eb1497b9ac9f attemptId=3f1c9fb20c21462b87e09d9382a32c65
2026-10-09T01:29:33.041678+00:00 INFO run=77a7aae4a1a6487d8738b8023f934145 stage_finished workflowId=65ef79de236245338c13a3f8b2b40425 stage=layer2.review_validation.zh-Hans.group-0001 spanId=8e72910305d44a50b59a8deeccd7596a attemptId=ad936a35980e49a0901794d83281749d status=completed elapsedSeconds=0.00327
2026-10-09T01:29:33.042424+00:00 INFO run=77a7aae4a1a6487d8738b8023f934145 stage_finished workflowId=65ef79de236245338c13a3f8b2b40425 stage=layer2.reviewer.zh-Hans.group-0007 spanId=a77c71f2819e40a7a267970c12955fa5 attemptId=9e558388e6b5417b9c0189f1ff894626 status=completed elapsedSeconds=0.05584
2026-10-09T01:29:33.044263+00:00 INFO run=77a7aae4a1a6487d8738b8023f934145 workload workflowId=65ef79de236245338c13a3f8b2b40425 stage=timing.inline_dispatch_v1 spanId=09503431b3744099a716eb1497b9ac9f
2026-10-09T01:29:33.044380+00:00 INFO run=77a7aae4a1a6487d8738b8023f934145 stage_finished workflowId=65ef79de236245338c13a3f8b2b40425 stage=layer2.group.zh-Hans.0001 spanId=9b29fd766322410396b18b629147d7c1 attemptId=29418454ae264e088e4cc9124b976eb1 status=completed elapsedSeconds=0.140744
2026-10-09T01:29:33.045447+00:00 INFO run=77a7aae4a1a6487d8738b8023f934145 stage_started workflowId=65ef79de236245338c13a3f8b2b40425 stage=layer2.review_validation.zh-Hans.group-0007 spanId=bc9cc62eaa3b493da070c8352cad7431 attemptId=5b5f94451e8640b796191e6f9bd075e0
2026-10-09T01:29:33.045589+00:00 INFO run=77a7aae4a1a6487d8738b8023f934145 stage_finished workflowId=65ef79de236245338c13a3f8b2b40425 stage=layer2.reviewer.zh-Hans.group-0012 spanId=c2735408b8564a98a4990ea07b0387bb attemptId=a153bd1990ee4882a3ef955c157f9845 status=completed elapsedSeconds=0.057853
2026-10-09T01:29:33.045704+00:00 INFO run=77a7aae4a1a6487d8738b8023f934145 stage_finished workflowId=65ef79de236245338c13a3f8b2b40425 stage=layer2.review_validation.zh-Hans.group-0003 spanId=09503431b3744099a716eb1497b9ac9f attemptId=3f1c9fb20c21462b87e09d9382a32c65 status=completed elapsedSeconds=0.004172
2026-10-09T01:29:33.045870+00:00 INFO run=77a7aae4a1a6487d8738b8023f934145 stage_finished workflowId=65ef79de236245338c13a3f8b2b40425 stage=layer2.reviewer.zh-Hans.group-0009 spanId=d8c91d39f927421a8a9a6c84c836203c attemptId=60c2fccbc17744a1b16b2589837efc20 status=completed elapsedSeconds=0.056212
2026-10-09T01:29:33.045944+00:00 INFO run=77a7aae4a1a6487d8738b8023f934145 stage_finished workflowId=65ef79de236245338c13a3f8b2b40425 stage=layer2.reviewer.zh-Hans.group-0006 spanId=195f50c7e0824e3d8fe199472079d497 attemptId=a9ec291416cb4112b0921e2975feaaa8 status=completed elapsedSeconds=0.057282
2026-10-09T01:29:33.046142+00:00 INFO run=77a7aae4a1a6487d8738b8023f934145 stage_finished workflowId=65ef79de236245338c13a3f8b2b40425 stage=layer2.reviewer.zh-Hans.group-0010 spanId=d0e24f5e138846c2b4e8ef2b161091fe attemptId=323ee97a316941daac1a599cc1c7e7ad status=completed elapsedSeconds=0.05681
2026-10-09T01:29:33.046300+00:00 INFO run=77a7aae4a1a6487d8738b8023f934145 stage_finished workflowId=65ef79de236245338c13a3f8b2b40425 stage=layer2.reviewer.zh-Hans.group-0011 spanId=8af12867f88b4c34b5d50118a35e5fba attemptId=ad07564bd8e54098a137b05882d710bc status=completed elapsedSeconds=0.057789
2026-10-09T01:29:33.046539+00:00 INFO run=77a7aae4a1a6487d8738b8023f934145 workload workflowId=65ef79de236245338c13a3f8b2b40425 stage=timing.inline_dispatch_v1 spanId=bc9cc62eaa3b493da070c8352cad7431
2026-10-09T01:29:33.046740+00:00 INFO run=77a7aae4a1a6487d8738b8023f934145 stage_started workflowId=65ef79de236245338c13a3f8b2b40425 stage=layer2.review_validation.zh-Hans.group-0012 spanId=e4afc5301f8545768c70fb1e8f3a9a2d attemptId=a9cba62265fd4c12aa97c13103e1d1c0
2026-10-09T01:29:33.046785+00:00 INFO run=77a7aae4a1a6487d8738b8023f934145 stage_finished workflowId=65ef79de236245338c13a3f8b2b40425 stage=layer2.reviewer.zh-Hans.group-0008 spanId=0ab598579e8641cda87d88145947790e attemptId=36dc62398f0b4085aecedb1693fe5f6d status=completed elapsedSeconds=0.055797
2026-10-09T01:29:33.046946+00:00 INFO run=77a7aae4a1a6487d8738b8023f934145 stage_finished workflowId=65ef79de236245338c13a3f8b2b40425 stage=layer2.group.zh-Hans.0003 spanId=0c4cd06b98564fcab04a4d4faca5ae24 attemptId=a680de0edd964e51ba6b0e0da212b8e5 status=completed elapsedSeconds=0.143262
2026-10-09T01:29:33.047163+00:00 INFO run=77a7aae4a1a6487d8738b8023f934145 stage_started workflowId=65ef79de236245338c13a3f8b2b40425 stage=layer2.review_validation.zh-Hans.group-0009 spanId=ab8eb03312614e96a4fcb5512454c877 attemptId=264a6394de674b09b74974880d7452c8
2026-10-09T01:29:33.047317+00:00 INFO run=77a7aae4a1a6487d8738b8023f934145 stage_started workflowId=65ef79de236245338c13a3f8b2b40425 stage=layer2.review_validation.zh-Hans.group-0006 spanId=cc5888d1b969448880227950eb71ac40 attemptId=2a97cd4bbb9f4dcbbcc4873ca60c1828
2026-10-09T01:29:33.047502+00:00 INFO run=77a7aae4a1a6487d8738b8023f934145 stage_started workflowId=65ef79de236245338c13a3f8b2b40425 stage=layer2.review_validation.zh-Hans.group-0010 spanId=007ee77bd50540a5ac74449d69530960 attemptId=cab859f5baa44429a05271d44800595b
2026-10-09T01:29:33.047686+00:00 INFO run=77a7aae4a1a6487d8738b8023f934145 stage_started workflowId=65ef79de236245338c13a3f8b2b40425 stage=layer2.review_validation.zh-Hans.group-0011 spanId=16c6d96d4ac54ad9a33af7c4fd5c0fbc attemptId=64dffa466c054350a2b850b3853a6661
2026-10-09T01:29:33.047869+00:00 INFO run=77a7aae4a1a6487d8738b8023f934145 stage_finished workflowId=65ef79de236245338c13a3f8b2b40425 stage=layer2.review_validation.zh-Hans.group-0007 spanId=bc9cc62eaa3b493da070c8352cad7431 attemptId=5b5f94451e8640b796191e6f9bd075e0 status=completed elapsedSeconds=0.002748
2026-10-09T01:29:33.048009+00:00 INFO run=77a7aae4a1a6487d8738b8023f934145 workload workflowId=65ef79de236245338c13a3f8b2b40425 stage=timing.inline_dispatch_v1 spanId=e4afc5301f8545768c70fb1e8f3a9a2d
2026-10-09T01:29:33.048228+00:00 INFO run=77a7aae4a1a6487d8738b8023f934145 stage_started workflowId=65ef79de236245338c13a3f8b2b40425 stage=layer2.review_validation.zh-Hans.group-0008 spanId=fec9922c48f240a1a3d951695cd1f08b attemptId=78c0c63edf5a416399f843ef2a5bd377
2026-10-09T01:29:33.048478+00:00 INFO run=77a7aae4a1a6487d8738b8023f934145 workload workflowId=65ef79de236245338c13a3f8b2b40425 stage=timing.inline_dispatch_v1 spanId=ab8eb03312614e96a4fcb5512454c877
2026-10-09T01:29:33.048626+00:00 INFO run=77a7aae4a1a6487d8738b8023f934145 workload workflowId=65ef79de236245338c13a3f8b2b40425 stage=timing.inline_dispatch_v1 spanId=cc5888d1b969448880227950eb71ac40
2026-10-09T01:29:33.048776+00:00 INFO run=77a7aae4a1a6487d8738b8023f934145 workload workflowId=65ef79de236245338c13a3f8b2b40425 stage=timing.inline_dispatch_v1 spanId=007ee77bd50540a5ac74449d69530960
2026-10-09T01:29:33.048922+00:00 INFO run=77a7aae4a1a6487d8738b8023f934145 workload workflowId=65ef79de236245338c13a3f8b2b40425 stage=timing.inline_dispatch_v1 spanId=16c6d96d4ac54ad9a33af7c4fd5c0fbc
2026-10-09T01:29:33.049098+00:00 INFO run=77a7aae4a1a6487d8738b8023f934145 stage_finished workflowId=65ef79de236245338c13a3f8b2b40425 stage=layer2.group.zh-Hans.0007 spanId=dc6d5693fb9d44529a79c46ef97dca38 attemptId=c907e31cf66443ae85173ed41f25e1a6 status=completed elapsedSeconds=0.144945
2026-10-09T01:29:33.049290+00:00 INFO run=77a7aae4a1a6487d8738b8023f934145 stage_finished workflowId=65ef79de236245338c13a3f8b2b40425 stage=layer2.review_validation.zh-Hans.group-0012 spanId=e4afc5301f8545768c70fb1e8f3a9a2d attemptId=a9cba62265fd4c12aa97c13103e1d1c0 status=completed elapsedSeconds=0.002542
2026-10-09T01:29:33.049418+00:00 INFO run=77a7aae4a1a6487d8738b8023f934145 workload workflowId=65ef79de236245338c13a3f8b2b40425 stage=timing.inline_dispatch_v1 spanId=fec9922c48f240a1a3d951695cd1f08b
2026-10-09T01:29:33.049597+00:00 INFO run=77a7aae4a1a6487d8738b8023f934145 stage_finished workflowId=65ef79de236245338c13a3f8b2b40425 stage=layer2.review_validation.zh-Hans.group-0009 spanId=ab8eb03312614e96a4fcb5512454c877 attemptId=264a6394de674b09b74974880d7452c8 status=completed elapsedSeconds=0.002456
2026-10-09T01:29:33.049770+00:00 INFO run=77a7aae4a1a6487d8738b8023f934145 stage_finished workflowId=65ef79de236245338c13a3f8b2b40425 stage=layer2.review_validation.zh-Hans.group-0006 spanId=cc5888d1b969448880227950eb71ac40 attemptId=2a97cd4bbb9f4dcbbcc4873ca60c1828 status=completed elapsedSeconds=0.002456
2026-10-09T01:29:33.049981+00:00 INFO run=77a7aae4a1a6487d8738b8023f934145 stage_finished workflowId=65ef79de236245338c13a3f8b2b40425 stage=layer2.review_validation.zh-Hans.group-0010 spanId=007ee77bd50540a5ac74449d69530960 attemptId=cab859f5baa44429a05271d44800595b status=completed elapsedSeconds=0.002446
2026-10-09T01:29:33.050146+00:00 INFO run=77a7aae4a1a6487d8738b8023f934145 stage_finished workflowId=65ef79de236245338c13a3f8b2b40425 stage=layer2.review_validation.zh-Hans.group-0011 spanId=16c6d96d4ac54ad9a33af7c4fd5c0fbc attemptId=64dffa466c054350a2b850b3853a6661 status=completed elapsedSeconds=0.00247
2026-10-09T01:29:33.050410+00:00 INFO run=77a7aae4a1a6487d8738b8023f934145 stage_finished workflowId=65ef79de236245338c13a3f8b2b40425 stage=layer2.group.zh-Hans.0012 spanId=22804a66244d477fa9cfdc5c2485a722 attemptId=902f2f431df241ffac62a021c5ac84b6 status=completed elapsedSeconds=0.145619
2026-10-09T01:29:33.050623+00:00 INFO run=77a7aae4a1a6487d8738b8023f934145 stage_finished workflowId=65ef79de236245338c13a3f8b2b40425 stage=layer2.review_validation.zh-Hans.group-0008 spanId=fec9922c48f240a1a3d951695cd1f08b attemptId=78c0c63edf5a416399f843ef2a5bd377 status=completed elapsedSeconds=0.002377
2026-10-09T01:29:33.050790+00:00 INFO run=77a7aae4a1a6487d8738b8023f934145 stage_finished workflowId=65ef79de236245338c13a3f8b2b40425 stage=layer2.group.zh-Hans.0009 spanId=4dab238a8ef247f28cb3cef64977e9ee attemptId=db3115c0a2764a06a3fe49651f2b293e status=completed elapsedSeconds=0.14602
2026-10-09T01:29:33.050925+00:00 INFO run=77a7aae4a1a6487d8738b8023f934145 stage_finished workflowId=65ef79de236245338c13a3f8b2b40425 stage=layer2.group.zh-Hans.0006 spanId=1d262c0e8f874e3cb56015f9337be195 attemptId=6673174946764b5293ec0cfa6cabe345 status=completed elapsedSeconds=0.146857
2026-10-09T01:29:33.051091+00:00 INFO run=77a7aae4a1a6487d8738b8023f934145 stage_finished workflowId=65ef79de236245338c13a3f8b2b40425 stage=layer2.group.zh-Hans.0010 spanId=4b1bcbd99ba34fe29d2130c20c8d6477 attemptId=4145d4fb5a194354840eff9d3e1d33f5 status=completed elapsedSeconds=0.146269
2026-10-09T01:29:33.051255+00:00 INFO run=77a7aae4a1a6487d8738b8023f934145 stage_finished workflowId=65ef79de236245338c13a3f8b2b40425 stage=layer2.group.zh-Hans.0011 spanId=7207a6dd8d474665ad1fdc9fab85e0bb attemptId=1dea1c61b4014e9ca2912cb7045fdb3d status=completed elapsedSeconds=0.146558
2026-10-09T01:29:33.051472+00:00 INFO run=77a7aae4a1a6487d8738b8023f934145 stage_finished workflowId=65ef79de236245338c13a3f8b2b40425 stage=layer2.group.zh-Hans.0008 spanId=54903880f6d24f169e04b20fa2b8a216 attemptId=66b189ac1f534facb8278ba4525bb518 status=completed elapsedSeconds=0.146993
2026-10-09T01:29:33.053493+00:00 ERROR run=77a7aae4a1a6487d8738b8023f934145 stage_finished workflowId=65ef79de236245338c13a3f8b2b40425 stage=codex_layer2_diagnostic_test spanId=b548c27375714893bbb57f0790e11b6f attemptId=df4ab225424b4d438c4f62821eb5a2bd status=failed elapsedSeconds=0.162633 errorType=ContractError at=scripts/sermon_unified/resources.py:125
2026-10-09T01:29:33.054856+00:00 INFO run=77a7aae4a1a6487d8738b8023f934145 workflow_evidence workflowId=65ef79de236245338c13a3f8b2b40425
2026-10-09T01:29:33.055194+00:00 ERROR run=77a7aae4a1a6487d8738b8023f934145 workflow_finished workflowId=65ef79de236245338c13a3f8b2b40425 status=failed
2026-10-09T01:29:33.055395+00:00 ERROR run=77a7aae4a1a6487d8738b8023f934145 run_finished workflowId=65ef79de236245338c13a3f8b2b40425 status=failed
