2026-10-09T01:09:54.328624+00:00 INFO run=2e08b335136a4dbead1a9263f25e452f run_started workflowId=589363cd3b454cc4b2f6f6e9ec34568d
2026-10-09T01:09:54.371569+00:00 INFO run=2e08b335136a4dbead1a9263f25e452f workflow_started workflowId=589363cd3b454cc4b2f6f6e9ec34568d
2026-10-09T01:09:54.376298+00:00 INFO run=2e08b335136a4dbead1a9263f25e452f workflow_evidence workflowId=589363cd3b454cc4b2f6f6e9ec34568d
2026-10-09T01:09:54.376618+00:00 INFO run=2e08b335136a4dbead1a9263f25e452f stage_started workflowId=589363cd3b454cc4b2f6f6e9ec34568d stage=codex_layer2_diagnostic_test spanId=0f01ce9952bc4805ba6a080a454a5d9c attemptId=3b94a2acd009451f9f249e75aeb84707
2026-10-09T01:09:54.376900+00:00 INFO run=2e08b335136a4dbead1a9263f25e452f workload workflowId=589363cd3b454cc4b2f6f6e9ec34568d stage=timing.inline_dispatch_v1 spanId=0f01ce9952bc4805ba6a080a454a5d9c
2026-10-09T01:09:54.377437+00:00 INFO run=2e08b335136a4dbead1a9263f25e452f stage_started workflowId=589363cd3b454cc4b2f6f6e9ec34568d stage=layer2.run_admission.zh-Hans spanId=3647d4bebc8e421a84c14172d3436bfe attemptId=7b415c2e5ffb45709d8e84396038f924
2026-10-09T01:09:54.377644+00:00 INFO run=2e08b335136a4dbead1a9263f25e452f workload workflowId=589363cd3b454cc4b2f6f6e9ec34568d stage=timing.inline_dispatch_v1 spanId=3647d4bebc8e421a84c14172d3436bfe
2026-10-09T01:09:54.386187+00:00 INFO run=2e08b335136a4dbead1a9263f25e452f workload workflowId=589363cd3b454cc4b2f6f6e9ec34568d stage=layer2.rule_preflight spanId=3647d4bebc8e421a84c14172d3436bfe
2026-10-09T01:09:54.388731+00:00 INFO run=2e08b335136a4dbead1a9263f25e452f workload workflowId=589363cd3b454cc4b2f6f6e9ec34568d stage=layer2.concurrency spanId=3647d4bebc8e421a84c14172d3436bfe
2026-10-09T01:09:54.389043+00:00 INFO run=2e08b335136a4dbead1a9263f25e452f stage_finished workflowId=589363cd3b454cc4b2f6f6e9ec34568d stage=layer2.run_admission.zh-Hans spanId=3647d4bebc8e421a84c14172d3436bfe attemptId=7b415c2e5ffb45709d8e84396038f924 status=completed elapsedSeconds=0.011579
2026-10-09T01:09:54.389716+00:00 INFO run=2e08b335136a4dbead1a9263f25e452f stage_started workflowId=589363cd3b454cc4b2f6f6e9ec34568d stage=layer2.group.zh-Hans.0001 spanId=3ba53c573a3044479d5a4c445139f43a attemptId=cc6ca1f6ead74801a96f168cfc19ca69
2026-10-09T01:09:54.389895+00:00 INFO run=2e08b335136a4dbead1a9263f25e452f stage_started workflowId=589363cd3b454cc4b2f6f6e9ec34568d stage=layer2.group.zh-Hans.0002 spanId=b49bb95fa61243a58f891b6341a074d9 attemptId=7aeb6c0994a347ec92b3118e8dbe7fc2
2026-10-09T01:09:54.390198+00:00 INFO run=2e08b335136a4dbead1a9263f25e452f stage_started workflowId=589363cd3b454cc4b2f6f6e9ec34568d stage=layer2.group.zh-Hans.0003 spanId=2596f6f424b341adb537ae0aaee341d7 attemptId=460079ddd55d4737a1a0e6b94259c43e
2026-10-09T01:09:54.390103+00:00 INFO run=2e08b335136a4dbead1a9263f25e452f stage_started workflowId=589363cd3b454cc4b2f6f6e9ec34568d stage=layer2.group.zh-Hans.0004 spanId=93d071fd335f46d0b3b46227ba9da4b3 attemptId=adc834b6bdff44debfb509783771d70f
2026-10-09T01:09:54.390354+00:00 INFO run=2e08b335136a4dbead1a9263f25e452f stage_started workflowId=589363cd3b454cc4b2f6f6e9ec34568d stage=layer2.group.zh-Hans.0007 spanId=c61a925cdd0f449197618aa3d725fbea attemptId=b865ac17d9794bbca474ee969e4107b9
2026-10-09T01:09:54.390259+00:00 INFO run=2e08b335136a4dbead1a9263f25e452f stage_started workflowId=589363cd3b454cc4b2f6f6e9ec34568d stage=layer2.group.zh-Hans.0005 spanId=22887447346f423e82ded0668ee91814 attemptId=c3a6a1287bc445c7966439038e6fd3d5
2026-10-09T01:09:54.390535+00:00 INFO run=2e08b335136a4dbead1a9263f25e452f stage_started workflowId=589363cd3b454cc4b2f6f6e9ec34568d stage=layer2.group.zh-Hans.0006 spanId=5b390d0f0d014668b21b865713a5dccf attemptId=920c97205fb84379810e20b4999dd5f0
2026-10-09T01:09:54.390628+00:00 INFO run=2e08b335136a4dbead1a9263f25e452f stage_started workflowId=589363cd3b454cc4b2f6f6e9ec34568d stage=layer2.group.zh-Hans.0008 spanId=37da4ccfd8fc48778bac8d2ffd5af590 attemptId=123c32608fd64804ac3552fad90323e3
2026-10-09T01:09:54.391178+00:00 INFO run=2e08b335136a4dbead1a9263f25e452f workload workflowId=589363cd3b454cc4b2f6f6e9ec34568d stage=timing.inline_dispatch_v1 spanId=3ba53c573a3044479d5a4c445139f43a
2026-10-09T01:09:54.390897+00:00 INFO run=2e08b335136a4dbead1a9263f25e452f stage_started workflowId=589363cd3b454cc4b2f6f6e9ec34568d stage=layer2.group.zh-Hans.0009 spanId=c8d0537d02704f7d8afecd557e1aceea attemptId=9238230dc2054e299ea242193b8e7e39
2026-10-09T01:09:54.391110+00:00 INFO run=2e08b335136a4dbead1a9263f25e452f stage_started workflowId=589363cd3b454cc4b2f6f6e9ec34568d stage=layer2.group.zh-Hans.0010 spanId=e4cd4c1a72464aa09cbb081160da37da attemptId=c3d750568fdc42caa6440c5745999c97
2026-10-09T01:09:54.391225+00:00 INFO run=2e08b335136a4dbead1a9263f25e452f stage_started workflowId=589363cd3b454cc4b2f6f6e9ec34568d stage=layer2.group.zh-Hans.0012 spanId=e13fd3080b69478b8319e2269acaa618 attemptId=785a2cab8a214405b5c6fcacf9b83321
2026-10-09T01:09:54.391355+00:00 INFO run=2e08b335136a4dbead1a9263f25e452f stage_started workflowId=589363cd3b454cc4b2f6f6e9ec34568d stage=layer2.group.zh-Hans.0013 spanId=1d5aa514eb8f4851a2aa1de30939833c attemptId=4ea8e610e4f2418295fe79e7c77ffca6
2026-10-09T01:09:54.391343+00:00 INFO run=2e08b335136a4dbead1a9263f25e452f stage_started workflowId=589363cd3b454cc4b2f6f6e9ec34568d stage=layer2.group.zh-Hans.0011 spanId=fc14fd17288442caa515498ed8d852c4 attemptId=4861a9eab2ab4ba2beaa8209e3bda3e5
2026-10-09T01:09:54.391539+00:00 INFO run=2e08b335136a4dbead1a9263f25e452f workload workflowId=589363cd3b454cc4b2f6f6e9ec34568d stage=timing.inline_dispatch_v1 spanId=b49bb95fa61243a58f891b6341a074d9
2026-10-09T01:09:54.391732+00:00 INFO run=2e08b335136a4dbead1a9263f25e452f workload workflowId=589363cd3b454cc4b2f6f6e9ec34568d stage=timing.inline_dispatch_v1 spanId=2596f6f424b341adb537ae0aaee341d7
2026-10-09T01:09:54.391933+00:00 INFO run=2e08b335136a4dbead1a9263f25e452f workload workflowId=589363cd3b454cc4b2f6f6e9ec34568d stage=timing.inline_dispatch_v1 spanId=93d071fd335f46d0b3b46227ba9da4b3
2026-10-09T01:09:54.392070+00:00 INFO run=2e08b335136a4dbead1a9263f25e452f workload workflowId=589363cd3b454cc4b2f6f6e9ec34568d stage=timing.inline_dispatch_v1 spanId=c61a925cdd0f449197618aa3d725fbea
2026-10-09T01:09:54.392212+00:00 INFO run=2e08b335136a4dbead1a9263f25e452f workload workflowId=589363cd3b454cc4b2f6f6e9ec34568d stage=timing.inline_dispatch_v1 spanId=22887447346f423e82ded0668ee91814
2026-10-09T01:09:54.392355+00:00 INFO run=2e08b335136a4dbead1a9263f25e452f workload workflowId=589363cd3b454cc4b2f6f6e9ec34568d stage=timing.inline_dispatch_v1 spanId=5b390d0f0d014668b21b865713a5dccf
2026-10-09T01:09:54.392484+00:00 INFO run=2e08b335136a4dbead1a9263f25e452f workload workflowId=589363cd3b454cc4b2f6f6e9ec34568d stage=timing.inline_dispatch_v1 spanId=37da4ccfd8fc48778bac8d2ffd5af590
2026-10-09T01:09:54.392656+00:00 INFO run=2e08b335136a4dbead1a9263f25e452f stage_started workflowId=589363cd3b454cc4b2f6f6e9ec34568d stage=layer2.prepare.zh-Hans.group-0001 spanId=6f6d83bd0c0b4421a44d25e230d62201 attemptId=616fdd66ae6a46ada9cf3be04438a5fc
2026-10-09T01:09:54.392783+00:00 INFO run=2e08b335136a4dbead1a9263f25e452f workload workflowId=589363cd3b454cc4b2f6f6e9ec34568d stage=timing.inline_dispatch_v1 spanId=c8d0537d02704f7d8afecd557e1aceea
2026-10-09T01:09:54.392940+00:00 INFO run=2e08b335136a4dbead1a9263f25e452f workload workflowId=589363cd3b454cc4b2f6f6e9ec34568d stage=timing.inline_dispatch_v1 spanId=e4cd4c1a72464aa09cbb081160da37da
2026-10-09T01:09:54.393069+00:00 INFO run=2e08b335136a4dbead1a9263f25e452f workload workflowId=589363cd3b454cc4b2f6f6e9ec34568d stage=timing.inline_dispatch_v1 spanId=e13fd3080b69478b8319e2269acaa618
2026-10-09T01:09:54.393183+00:00 INFO run=2e08b335136a4dbead1a9263f25e452f workload workflowId=589363cd3b454cc4b2f6f6e9ec34568d stage=timing.inline_dispatch_v1 spanId=1d5aa514eb8f4851a2aa1de30939833c
2026-10-09T01:09:54.393325+00:00 INFO run=2e08b335136a4dbead1a9263f25e452f workload workflowId=589363cd3b454cc4b2f6f6e9ec34568d stage=timing.inline_dispatch_v1 spanId=fc14fd17288442caa515498ed8d852c4
2026-10-09T01:09:54.393497+00:00 INFO run=2e08b335136a4dbead1a9263f25e452f stage_started workflowId=589363cd3b454cc4b2f6f6e9ec34568d stage=layer2.prepare.zh-Hans.group-0002 spanId=276ff45315884cdc8be0c1b234498588 attemptId=f06f3494fc014cee9ef633cc6894d7d5
2026-10-09T01:09:54.393676+00:00 INFO run=2e08b335136a4dbead1a9263f25e452f stage_started workflowId=589363cd3b454cc4b2f6f6e9ec34568d stage=layer2.prepare.zh-Hans.group-0003 spanId=308ddf8b276249fcb401321c080275b1 attemptId=cbab49b1d2454bb4b968021ff3cbaa6b
2026-10-09T01:09:54.393836+00:00 INFO run=2e08b335136a4dbead1a9263f25e452f stage_started workflowId=589363cd3b454cc4b2f6f6e9ec34568d stage=layer2.prepare.zh-Hans.group-0004 spanId=89d12e793e264e72968788d2148fe367 attemptId=9f70e0cfc85b40a68e6e77e2685aae46
... 12 lines omitted; 0 error-like lines, 0 kept below ...
... end of omitted section ...
2026-10-09T01:09:54.395867+00:00 INFO run=2e08b335136a4dbead1a9263f25e452f workload workflowId=589363cd3b454cc4b2f6f6e9ec34568d stage=timing.inline_dispatch_v1 spanId=89d12e793e264e72968788d2148fe367
2026-10-09T01:09:54.396040+00:00 INFO run=2e08b335136a4dbead1a9263f25e452f workload workflowId=589363cd3b454cc4b2f6f6e9ec34568d stage=timing.inline_dispatch_v1 spanId=9006945effcd4bc7ae03b199f6804a1e
2026-10-09T01:09:54.396129+00:00 INFO run=2e08b335136a4dbead1a9263f25e452f workload workflowId=589363cd3b454cc4b2f6f6e9ec34568d stage=timing.inline_dispatch_v1 spanId=d4c3df29d2a945658fbcddbb38cda17f
2026-10-09T01:09:54.396281+00:00 INFO run=2e08b335136a4dbead1a9263f25e452f workload workflowId=589363cd3b454cc4b2f6f6e9ec34568d stage=timing.inline_dispatch_v1 spanId=d04b322724964e1f81297d10132f09fe
2026-10-09T01:09:54.396415+00:00 INFO run=2e08b335136a4dbead1a9263f25e452f workload workflowId=589363cd3b454cc4b2f6f6e9ec34568d stage=timing.inline_dispatch_v1 spanId=b1b83f5151864ee986e35f51c02fa57a
2026-10-09T01:09:54.396787+00:00 INFO run=2e08b335136a4dbead1a9263f25e452f stage_finished workflowId=589363cd3b454cc4b2f6f6e9ec34568d stage=layer2.prepare.zh-Hans.group-0001 spanId=6f6d83bd0c0b4421a44d25e230d62201 attemptId=616fdd66ae6a46ada9cf3be04438a5fc status=completed elapsedSeconds=0.004114
2026-10-09T01:09:54.396904+00:00 INFO run=2e08b335136a4dbead1a9263f25e452f workload workflowId=589363cd3b454cc4b2f6f6e9ec34568d stage=timing.inline_dispatch_v1 spanId=8f159241827f4759afe2312440012d25
2026-10-09T01:09:54.397210+00:00 INFO run=2e08b335136a4dbead1a9263f25e452f workload workflowId=589363cd3b454cc4b2f6f6e9ec34568d stage=timing.inline_dispatch_v1 spanId=9719de6476a7454b81df98962b8b7296
2026-10-09T01:09:54.397420+00:00 INFO run=2e08b335136a4dbead1a9263f25e452f workload workflowId=589363cd3b454cc4b2f6f6e9ec34568d stage=timing.inline_dispatch_v1 spanId=84f985a26a7247b795f2d6ee9f1e3e00
2026-10-09T01:09:54.397583+00:00 INFO run=2e08b335136a4dbead1a9263f25e452f workload workflowId=589363cd3b454cc4b2f6f6e9ec34568d stage=timing.inline_dispatch_v1 spanId=e7da8301d563448fb12c45b64c62d8b6
2026-10-09T01:09:54.397697+00:00 INFO run=2e08b335136a4dbead1a9263f25e452f workload workflowId=589363cd3b454cc4b2f6f6e9ec34568d stage=timing.inline_dispatch_v1 spanId=e1cdc168ccd34e62b97049db8fa8aacd
2026-10-09T01:09:54.397965+00:00 INFO run=2e08b335136a4dbead1a9263f25e452f stage_finished workflowId=589363cd3b454cc4b2f6f6e9ec34568d stage=layer2.prepare.zh-Hans.group-0002 spanId=276ff45315884cdc8be0c1b234498588 attemptId=f06f3494fc014cee9ef633cc6894d7d5 status=completed elapsedSeconds=0.004474
2026-10-09T01:09:54.398220+00:00 INFO run=2e08b335136a4dbead1a9263f25e452f stage_finished workflowId=589363cd3b454cc4b2f6f6e9ec34568d stage=layer2.prepare.zh-Hans.group-0003 spanId=308ddf8b276249fcb401321c080275b1 attemptId=cbab49b1d2454bb4b968021ff3cbaa6b status=completed elapsedSeconds=0.004526
2026-10-09T01:09:54.398474+00:00 INFO run=2e08b335136a4dbead1a9263f25e452f stage_finished workflowId=589363cd3b454cc4b2f6f6e9ec34568d stage=layer2.prepare.zh-Hans.group-0004 spanId=89d12e793e264e72968788d2148fe367 attemptId=9f70e0cfc85b40a68e6e77e2685aae46 status=completed elapsedSeconds=0.004628
2026-10-09T01:09:54.398731+00:00 INFO run=2e08b335136a4dbead1a9263f25e452f stage_finished workflowId=589363cd3b454cc4b2f6f6e9ec34568d stage=layer2.prepare.zh-Hans.group-0007 spanId=9006945effcd4bc7ae03b199f6804a1e attemptId=1ba394fc4fb146388b3b33a7edf9eada status=completed elapsedSeconds=0.004737
2026-10-09T01:09:54.398979+00:00 INFO run=2e08b335136a4dbead1a9263f25e452f stage_finished workflowId=589363cd3b454cc4b2f6f6e9ec34568d stage=layer2.prepare.zh-Hans.group-0005 spanId=d4c3df29d2a945658fbcddbb38cda17f attemptId=a2cafc2f495549e5b8d3cfdaa06d0860 status=completed elapsedSeconds=0.004827
2026-10-09T01:09:54.399231+00:00 INFO run=2e08b335136a4dbead1a9263f25e452f stage_finished workflowId=589363cd3b454cc4b2f6f6e9ec34568d stage=layer2.prepare.zh-Hans.group-0006 spanId=d04b322724964e1f81297d10132f09fe attemptId=ba59b07143dd46f4b75ef34bcc00b6cd status=completed elapsedSeconds=0.004973
2026-10-09T01:09:54.399471+00:00 INFO run=2e08b335136a4dbead1a9263f25e452f stage_finished workflowId=589363cd3b454cc4b2f6f6e9ec34568d stage=layer2.prepare.zh-Hans.group-0008 spanId=b1b83f5151864ee986e35f51c02fa57a attemptId=f7c0ad4798bd45faa4835a1f71915936 status=completed elapsedSeconds=0.005023
2026-10-09T01:09:54.399686+00:00 INFO run=2e08b335136a4dbead1a9263f25e452f stage_started workflowId=589363cd3b454cc4b2f6f6e9ec34568d stage=layer2.translator.zh-Hans.group-0001 spanId=194adcebe9354573ac7b7cab3d48f678 attemptId=898499503f7d49ffaef8555e47e97876
2026-10-09T01:09:54.399934+00:00 INFO run=2e08b335136a4dbead1a9263f25e452f stage_finished workflowId=589363cd3b454cc4b2f6f6e9ec34568d stage=layer2.prepare.zh-Hans.group-0009 spanId=8f159241827f4759afe2312440012d25 attemptId=19b49a11756c4e4c9c19b1338711cb7b status=completed elapsedSeconds=0.005138
2026-10-09T01:09:54.400164+00:00 INFO run=2e08b335136a4dbead1a9263f25e452f stage_finished workflowId=589363cd3b454cc4b2f6f6e9ec34568d stage=layer2.prepare.zh-Hans.group-0010 spanId=9719de6476a7454b81df98962b8b7296 attemptId=0a4b02b389094bc4b1456413b9860a17 status=completed elapsedSeconds=0.005196
2026-10-09T01:09:54.400408+00:00 INFO run=2e08b335136a4dbead1a9263f25e452f stage_finished workflowId=589363cd3b454cc4b2f6f6e9ec34568d stage=layer2.prepare.zh-Hans.group-0012 spanId=84f985a26a7247b795f2d6ee9f1e3e00 attemptId=d62d19f57e29442fa8f3294cad7f4292 status=completed elapsedSeconds=0.00522
2026-10-09T01:09:54.400652+00:00 INFO run=2e08b335136a4dbead1a9263f25e452f stage_finished workflowId=589363cd3b454cc4b2f6f6e9ec34568d stage=layer2.prepare.zh-Hans.group-0013 spanId=e7da8301d563448fb12c45b64c62d8b6 attemptId=954f5289c4eb4d4e8b4c0a1290a3b3d8 status=completed elapsedSeconds=0.005336
2026-10-09T01:09:54.400906+00:00 INFO run=2e08b335136a4dbead1a9263f25e452f stage_finished workflowId=589363cd3b454cc4b2f6f6e9ec34568d stage=layer2.prepare.zh-Hans.group-0011 spanId=e1cdc168ccd34e62b97049db8fa8aacd attemptId=c670aa182a484bd984b9844e4f687ca3 status=completed elapsedSeconds=0.005418
2026-10-09T01:09:54.401062+00:00 INFO run=2e08b335136a4dbead1a9263f25e452f stage_started workflowId=589363cd3b454cc4b2f6f6e9ec34568d stage=layer2.translator.zh-Hans.group-0002 spanId=04a4a77c63704baf830e93fe10ede569 attemptId=497545f1441d4d6bb131a01511006ef1
2026-10-09T01:09:54.401202+00:00 INFO run=2e08b335136a4dbead1a9263f25e452f stage_started workflowId=589363cd3b454cc4b2f6f6e9ec34568d stage=layer2.translator.zh-Hans.group-0003 spanId=23e4f505e0f8463aacd276ab5f018395 attemptId=e07b4118142044938a982c607f6536f6
2026-10-09T01:09:54.401345+00:00 INFO run=2e08b335136a4dbead1a9263f25e452f stage_started workflowId=589363cd3b454cc4b2f6f6e9ec34568d stage=layer2.translator.zh-Hans.group-0004 spanId=6eb8f932a5e44ff49f1e99f856eff38e attemptId=5fbe77652fe74d4688bf6f9769b73f9f
2026-10-09T01:09:54.401520+00:00 INFO run=2e08b335136a4dbead1a9263f25e452f stage_started workflowId=589363cd3b454cc4b2f6f6e9ec34568d stage=layer2.translator.zh-Hans.group-0007 spanId=5dd1244a6eca495e96e08c63f32fe7f1 attemptId=8155cdfdb89249f1b7dc283d0f273277
2026-10-09T01:09:54.401723+00:00 INFO run=2e08b335136a4dbead1a9263f25e452f stage_started workflowId=589363cd3b454cc4b2f6f6e9ec34568d stage=layer2.translator.zh-Hans.group-0005 spanId=848b16c421e2403fb7fbcbd1f4d47b85 attemptId=978cb46ede3947b0b56099a54577ead3
2026-10-09T01:09:54.401862+00:00 INFO run=2e08b335136a4dbead1a9263f25e452f stage_started workflowId=589363cd3b454cc4b2f6f6e9ec34568d stage=layer2.translator.zh-Hans.group-0006 spanId=92649cfebca847669b381ce177c62496 attemptId=9b319ea00737479f8fb33d8c2ddc0e00
2026-10-09T01:09:54.402044+00:00 INFO run=2e08b335136a4dbead1a9263f25e452f stage_started workflowId=589363cd3b454cc4b2f6f6e9ec34568d stage=layer2.translator.zh-Hans.group-0008 spanId=e495e3d11ada4d8ebb307cf302acd178 attemptId=e19f93f02486491894da1bff6839cfb9
2026-10-09T01:09:54.402148+00:00 INFO run=2e08b335136a4dbead1a9263f25e452f workload workflowId=589363cd3b454cc4b2f6f6e9ec34568d stage=timing.inline_dispatch_v1 spanId=194adcebe9354573ac7b7cab3d48f678
2026-10-09T01:09:54.402308+00:00 INFO run=2e08b335136a4dbead1a9263f25e452f stage_started workflowId=589363cd3b454cc4b2f6f6e9ec34568d stage=layer2.translator.zh-Hans.group-0009 spanId=b71e51896cae491397f69ac005c7eb86 attemptId=9b7c884ade914eaea3e7cf3e6439b9f2
2026-10-09T01:09:54.402476+00:00 INFO run=2e08b335136a4dbead1a9263f25e452f stage_started workflowId=589363cd3b454cc4b2f6f6e9ec34568d stage=layer2.translator.zh-Hans.group-0010 spanId=fe92603e1485472992799f6696c8b92d attemptId=2b34512330f84f92a001b995a62ab8d7
2026-10-09T01:09:54.402634+00:00 INFO run=2e08b335136a4dbead1a9263f25e452f stage_started workflowId=589363cd3b454cc4b2f6f6e9ec34568d stage=layer2.translator.zh-Hans.group-0012 spanId=763fbf50b655473cb84f433f62fa47fc attemptId=d1c89cd61bb44e84a67d938a5ede6fcd
2026-10-09T01:09:54.402829+00:00 INFO run=2e08b335136a4dbead1a9263f25e452f stage_started workflowId=589363cd3b454cc4b2f6f6e9ec34568d stage=layer2.translator.zh-Hans.group-0013 spanId=e9013340e2f94033b7a85e71bc2a7c9e attemptId=afadae87279349329da83deecb0e3db8
2026-10-09T01:09:54.402915+00:00 INFO run=2e08b335136a4dbead1a9263f25e452f stage_started workflowId=589363cd3b454cc4b2f6f6e9ec34568d stage=layer2.translator.zh-Hans.group-0011 spanId=a093f0d13feb4c6cba0fcc49624465bb attemptId=ee0f0f58b2224e7ab73f742d552c8898
2026-10-09T01:09:54.403039+00:00 INFO run=2e08b335136a4dbead1a9263f25e452f workload workflowId=589363cd3b454cc4b2f6f6e9ec34568d stage=timing.inline_dispatch_v1 spanId=04a4a77c63704baf830e93fe10ede569
2026-10-09T01:09:54.403160+00:00 INFO run=2e08b335136a4dbead1a9263f25e452f workload workflowId=589363cd3b454cc4b2f6f6e9ec34568d stage=timing.inline_dispatch_v1 spanId=23e4f505e0f8463aacd276ab5f018395
2026-10-09T01:09:54.403308+00:00 INFO run=2e08b335136a4dbead1a9263f25e452f workload workflowId=589363cd3b454cc4b2f6f6e9ec34568d stage=timing.inline_dispatch_v1 spanId=6eb8f932a5e44ff49f1e99f856eff38e
2026-10-09T01:09:54.403450+00:00 INFO run=2e08b335136a4dbead1a9263f25e452f workload workflowId=589363cd3b454cc4b2f6f6e9ec34568d stage=timing.inline_dispatch_v1 spanId=5dd1244a6eca495e96e08c63f32fe7f1
2026-10-09T01:09:54.403588+00:00 INFO run=2e08b335136a4dbead1a9263f25e452f workload workflowId=589363cd3b454cc4b2f6f6e9ec34568d stage=timing.inline_dispatch_v1 spanId=848b16c421e2403fb7fbcbd1f4d47b85
2026-10-09T01:09:54.403704+00:00 INFO run=2e08b335136a4dbead1a9263f25e452f workload workflowId=589363cd3b454cc4b2f6f6e9ec34568d stage=timing.inline_dispatch_v1 spanId=92649cfebca847669b381ce177c62496
2026-10-09T01:09:54.403812+00:00 INFO run=2e08b335136a4dbead1a9263f25e452f workload workflowId=589363cd3b454cc4b2f6f6e9ec34568d stage=timing.inline_dispatch_v1 spanId=e495e3d11ada4d8ebb307cf302acd178
2026-10-09T01:09:54.405738+00:00 INFO run=2e08b335136a4dbead1a9263f25e452f workload workflowId=589363cd3b454cc4b2f6f6e9ec34568d stage=timing.inline_dispatch_v1 spanId=b71e51896cae491397f69ac005c7eb86
2026-10-09T01:09:54.405947+00:00 INFO run=2e08b335136a4dbead1a9263f25e452f workload workflowId=589363cd3b454cc4b2f6f6e9ec34568d stage=timing.inline_dispatch_v1 spanId=fe92603e1485472992799f6696c8b92d
2026-10-09T01:09:54.406400+00:00 INFO run=2e08b335136a4dbead1a9263f25e452f workload workflowId=589363cd3b454cc4b2f6f6e9ec34568d stage=timing.inline_dispatch_v1 spanId=763fbf50b655473cb84f433f62fa47fc
2026-10-09T01:09:54.406457+00:00 INFO run=2e08b335136a4dbead1a9263f25e452f workload workflowId=589363cd3b454cc4b2f6f6e9ec34568d stage=timing.inline_dispatch_v1 spanId=e9013340e2f94033b7a85e71bc2a7c9e
2026-10-09T01:09:54.408387+00:00 INFO run=2e08b335136a4dbead1a9263f25e452f workload workflowId=589363cd3b454cc4b2f6f6e9ec34568d stage=timing.inline_dispatch_v1 spanId=a093f0d13feb4c6cba0fcc49624465bb
2026-10-09T01:10:04.219410+00:00 INFO run=2e08b335136a4dbead1a9263f25e452f stage_finished workflowId=589363cd3b454cc4b2f6f6e9ec34568d stage=layer2.translator.zh-Hans.group-0008 spanId=e495e3d11ada4d8ebb307cf302acd178 attemptId=e19f93f02486491894da1bff6839cfb9 status=completed elapsedSeconds=9.817272
2026-10-09T01:10:04.219635+00:00 INFO run=2e08b335136a4dbead1a9263f25e452f stage_started workflowId=589363cd3b454cc4b2f6f6e9ec34568d stage=layer2.draft_validation.zh-Hans.group-0008 spanId=b59f1e24cc494024b0716a7f83ec819a attemptId=9870b8e064df4808bd957d73dad255bd
2026-10-09T01:10:04.219778+00:00 INFO run=2e08b335136a4dbead1a9263f25e452f workload workflowId=589363cd3b454cc4b2f6f6e9ec34568d stage=timing.inline_dispatch_v1 spanId=b59f1e24cc494024b0716a7f83ec819a
2026-10-09T01:10:04.220007+00:00 INFO run=2e08b335136a4dbead1a9263f25e452f stage_finished workflowId=589363cd3b454cc4b2f6f6e9ec34568d stage=layer2.draft_validation.zh-Hans.group-0008 spanId=b59f1e24cc494024b0716a7f83ec819a attemptId=9870b8e064df4808bd957d73dad255bd status=completed elapsedSeconds=0.000372
2026-10-09T01:10:04.220222+00:00 INFO run=2e08b335136a4dbead1a9263f25e452f stage_started workflowId=589363cd3b454cc4b2f6f6e9ec34568d stage=layer2.reviewer.zh-Hans.group-0008 spanId=035fea2617d948f68f9345337d9d5e62 attemptId=f723106362c64e6db3676e448803f5b0
2026-10-09T01:10:04.220384+00:00 INFO run=2e08b335136a4dbead1a9263f25e452f workload workflowId=589363cd3b454cc4b2f6f6e9ec34568d stage=timing.inline_dispatch_v1 spanId=035fea2617d948f68f9345337d9d5e62
2026-10-09T01:10:10.339837+00:00 INFO run=2e08b335136a4dbead1a9263f25e452f stage_finished workflowId=589363cd3b454cc4b2f6f6e9ec34568d stage=layer2.translator.zh-Hans.group-0012 spanId=763fbf50b655473cb84f433f62fa47fc attemptId=d1c89cd61bb44e84a67d938a5ede6fcd status=completed elapsedSeconds=15.93708
2026-10-09T01:10:10.340084+00:00 INFO run=2e08b335136a4dbead1a9263f25e452f stage_started workflowId=589363cd3b454cc4b2f6f6e9ec34568d stage=layer2.draft_validation.zh-Hans.group-0012 spanId=b29c9dabbb974731a68637696e91237c attemptId=cfc797aab6a543d18fa498b42e0735b5
2026-10-09T01:10:10.340266+00:00 INFO run=2e08b335136a4dbead1a9263f25e452f workload workflowId=589363cd3b454cc4b2f6f6e9ec34568d stage=timing.inline_dispatch_v1 spanId=b29c9dabbb974731a68637696e91237c
2026-10-09T01:10:10.340487+00:00 INFO run=2e08b335136a4dbead1a9263f25e452f stage_finished workflowId=589363cd3b454cc4b2f6f6e9ec34568d stage=layer2.draft_validation.zh-Hans.group-0012 spanId=b29c9dabbb974731a68637696e91237c attemptId=cfc797aab6a543d18fa498b42e0735b5 status=completed elapsedSeconds=0.000404
2026-10-09T01:10:10.340680+00:00 INFO run=2e08b335136a4dbead1a9263f25e452f stage_started workflowId=589363cd3b454cc4b2f6f6e9ec34568d stage=layer2.reviewer.zh-Hans.group-0012 spanId=bf0bc64a5de5468f9afbe1022e113d39 attemptId=eee1730512b347c0bd37954a9f646584
2026-10-09T01:10:10.340807+00:00 INFO run=2e08b335136a4dbead1a9263f25e452f workload workflowId=589363cd3b454cc4b2f6f6e9ec34568d stage=timing.inline_dispatch_v1 spanId=bf0bc64a5de5468f9afbe1022e113d39
2026-10-09T01:10:10.447033+00:00 INFO run=2e08b335136a4dbead1a9263f25e452f stage_finished workflowId=589363cd3b454cc4b2f6f6e9ec34568d stage=layer2.translator.zh-Hans.group-0006 spanId=92649cfebca847669b381ce177c62496 attemptId=9b319ea00737479f8fb33d8c2ddc0e00 status=completed elapsedSeconds=16.045023
2026-10-09T01:10:10.447409+00:00 INFO run=2e08b335136a4dbead1a9263f25e452f stage_started workflowId=589363cd3b454cc4b2f6f6e9ec34568d stage=layer2.draft_validation.zh-Hans.group-0006 spanId=7169e259b9084a8baa257d325ecd9f70 attemptId=abd47a21127c4673bd91e1a1500a9a31
2026-10-09T01:10:10.447650+00:00 INFO run=2e08b335136a4dbead1a9263f25e452f workload workflowId=589363cd3b454cc4b2f6f6e9ec34568d stage=timing.inline_dispatch_v1 spanId=7169e259b9084a8baa257d325ecd9f70
2026-10-09T01:10:10.447903+00:00 INFO run=2e08b335136a4dbead1a9263f25e452f stage_finished workflowId=589363cd3b454cc4b2f6f6e9ec34568d stage=layer2.draft_validation.zh-Hans.group-0006 spanId=7169e259b9084a8baa257d325ecd9f70 attemptId=abd47a21127c4673bd91e1a1500a9a31 status=completed elapsedSeconds=0.000507
2026-10-09T01:10:10.448131+00:00 INFO run=2e08b335136a4dbead1a9263f25e452f stage_started workflowId=589363cd3b454cc4b2f6f6e9ec34568d stage=layer2.reviewer.zh-Hans.group-0006 spanId=70f35ed636994daea9b29938f1060829 attemptId=fd005e2ac72e4932ad044e4e3653e785
2026-10-09T01:10:10.448284+00:00 INFO run=2e08b335136a4dbead1a9263f25e452f workload workflowId=589363cd3b454cc4b2f6f6e9ec34568d stage=timing.inline_dispatch_v1 spanId=70f35ed636994daea9b29938f1060829
2026-10-09T01:10:10.561895+00:00 INFO run=2e08b335136a4dbead1a9263f25e452f stage_finished workflowId=589363cd3b454cc4b2f6f6e9ec34568d stage=layer2.translator.zh-Hans.group-0001 spanId=194adcebe9354573ac7b7cab3d48f678 attemptId=898499503f7d49ffaef8555e47e97876 status=completed elapsedSeconds=16.162113
2026-10-09T01:10:10.562127+00:00 INFO run=2e08b335136a4dbead1a9263f25e452f stage_started workflowId=589363cd3b454cc4b2f6f6e9ec34568d stage=layer2.draft_validation.zh-Hans.group-0001 spanId=16a46c73c9b744bdba79553e84f3c5e8 attemptId=51c4b17fb98b47da89d44a451bb902d8
2026-10-09T01:10:10.562276+00:00 INFO run=2e08b335136a4dbead1a9263f25e452f workload workflowId=589363cd3b454cc4b2f6f6e9ec34568d stage=timing.inline_dispatch_v1 spanId=16a46c73c9b744bdba79553e84f3c5e8
2026-10-09T01:10:10.562464+00:00 INFO run=2e08b335136a4dbead1a9263f25e452f stage_finished workflowId=589363cd3b454cc4b2f6f6e9ec34568d stage=layer2.draft_validation.zh-Hans.group-0001 spanId=16a46c73c9b744bdba79553e84f3c5e8 attemptId=51c4b17fb98b47da89d44a451bb902d8 status=completed elapsedSeconds=0.000339
2026-10-09T01:10:10.562669+00:00 INFO run=2e08b335136a4dbead1a9263f25e452f stage_started workflowId=589363cd3b454cc4b2f6f6e9ec34568d stage=layer2.reviewer.zh-Hans.group-0001 spanId=4f515c46c83a4df0ab5edd87343d7905 attemptId=9c7c384e5e584291a117068a6e9a7f72
2026-10-09T01:10:10.562837+00:00 INFO run=2e08b335136a4dbead1a9263f25e452f workload workflowId=589363cd3b454cc4b2f6f6e9ec34568d stage=timing.inline_dispatch_v1 spanId=4f515c46c83a4df0ab5edd87343d7905
2026-10-09T01:10:13.558556+00:00 INFO run=2e08b335136a4dbead1a9263f25e452f stage_finished workflowId=589363cd3b454cc4b2f6f6e9ec34568d stage=layer2.reviewer.zh-Hans.group-0008 spanId=035fea2617d948f68f9345337d9d5e62 attemptId=f723106362c64e6db3676e448803f5b0 status=completed elapsedSeconds=9.338222
2026-10-09T01:10:13.558793+00:00 INFO run=2e08b335136a4dbead1a9263f25e452f stage_started workflowId=589363cd3b454cc4b2f6f6e9ec34568d stage=layer2.review_validation.zh-Hans.group-0008 spanId=f98fafba23b14c04b41e39bcfd94879d attemptId=ac278197c2bb45cb8068ca9ea6256fcd
2026-10-09T01:10:13.558938+00:00 INFO run=2e08b335136a4dbead1a9263f25e452f workload workflowId=589363cd3b454cc4b2f6f6e9ec34568d stage=timing.inline_dispatch_v1 spanId=f98fafba23b14c04b41e39bcfd94879d
2026-10-09T01:10:13.559154+00:00 INFO run=2e08b335136a4dbead1a9263f25e452f stage_finished workflowId=589363cd3b454cc4b2f6f6e9ec34568d stage=layer2.review_validation.zh-Hans.group-0008 spanId=f98fafba23b14c04b41e39bcfd94879d attemptId=ac278197c2bb45cb8068ca9ea6256fcd status=completed elapsedSeconds=0.000339
2026-10-09T01:10:13.559342+00:00 INFO run=2e08b335136a4dbead1a9263f25e452f stage_finished workflowId=589363cd3b454cc4b2f6f6e9ec34568d stage=layer2.group.zh-Hans.0008 spanId=37da4ccfd8fc48778bac8d2ffd5af590 attemptId=123c32608fd64804ac3552fad90323e3 status=completed elapsedSeconds=19.168999
2026-10-09T01:10:16.122742+00:00 INFO run=2e08b335136a4dbead1a9263f25e452f stage_finished workflowId=589363cd3b454cc4b2f6f6e9ec34568d stage=layer2.reviewer.zh-Hans.group-0001 spanId=4f515c46c83a4df0ab5edd87343d7905 attemptId=9c7c384e5e584291a117068a6e9a7f72 status=completed elapsedSeconds=5.559996
2026-10-09T01:10:16.122989+00:00 INFO run=2e08b335136a4dbead1a9263f25e452f stage_started workflowId=589363cd3b454cc4b2f6f6e9ec34568d stage=layer2.review_validation.zh-Hans.group-0001 spanId=20d79543e82c4421bdcae29f21ee03f0 attemptId=f0ae76a4e71346c69a441adfc61ed921
2026-10-09T01:10:16.123199+00:00 INFO run=2e08b335136a4dbead1a9263f25e452f workload workflowId=589363cd3b454cc4b2f6f6e9ec34568d stage=timing.inline_dispatch_v1 spanId=20d79543e82c4421bdcae29f21ee03f0
2026-10-09T01:10:16.123408+00:00 INFO run=2e08b335136a4dbead1a9263f25e452f stage_finished workflowId=589363cd3b454cc4b2f6f6e9ec34568d stage=layer2.review_validation.zh-Hans.group-0001 spanId=20d79543e82c4421bdcae29f21ee03f0 attemptId=f0ae76a4e71346c69a441adfc61ed921 status=completed elapsedSeconds=0.000415
2026-10-09T01:10:16.123580+00:00 INFO run=2e08b335136a4dbead1a9263f25e452f stage_finished workflowId=589363cd3b454cc4b2f6f6e9ec34568d stage=layer2.group.zh-Hans.0001 spanId=3ba53c573a3044479d5a4c445139f43a attemptId=cc6ca1f6ead74801a96f168cfc19ca69 status=completed elapsedSeconds=21.733916
2026-10-09T01:10:16.414143+00:00 INFO run=2e08b335136a4dbead1a9263f25e452f stage_finished workflowId=589363cd3b454cc4b2f6f6e9ec34568d stage=layer2.reviewer.zh-Hans.group-0006 spanId=70f35ed636994daea9b29938f1060829 attemptId=fd005e2ac72e4932ad044e4e3653e785 status=completed elapsedSeconds=5.965922
2026-10-09T01:10:16.414412+00:00 INFO run=2e08b335136a4dbead1a9263f25e452f stage_started workflowId=589363cd3b454cc4b2f6f6e9ec34568d stage=layer2.review_validation.zh-Hans.group-0006 spanId=848f731ec77e4bffa4cb5e43264090ef attemptId=bf89fc4ab2084766a75e4ede228c082b
2026-10-09T01:10:16.414588+00:00 INFO run=2e08b335136a4dbead1a9263f25e452f workload workflowId=589363cd3b454cc4b2f6f6e9ec34568d stage=timing.inline_dispatch_v1 spanId=848f731ec77e4bffa4cb5e43264090ef
2026-10-09T01:10:16.414868+00:00 INFO run=2e08b335136a4dbead1a9263f25e452f stage_finished workflowId=589363cd3b454cc4b2f6f6e9ec34568d stage=layer2.review_validation.zh-Hans.group-0006 spanId=848f731ec77e4bffa4cb5e43264090ef attemptId=bf89fc4ab2084766a75e4ede228c082b status=completed elapsedSeconds=0.000411
2026-10-09T01:10:16.415136+00:00 INFO run=2e08b335136a4dbead1a9263f25e452f stage_finished workflowId=589363cd3b454cc4b2f6f6e9ec34568d stage=layer2.group.zh-Hans.0006 spanId=5b390d0f0d014668b21b865713a5dccf attemptId=920c97205fb84379810e20b4999dd5f0 status=completed elapsedSeconds=22.024917
2026-10-09T01:10:16.664096+00:00 INFO run=2e08b335136a4dbead1a9263f25e452f stage_finished workflowId=589363cd3b454cc4b2f6f6e9ec34568d stage=layer2.reviewer.zh-Hans.group-0012 spanId=bf0bc64a5de5468f9afbe1022e113d39 attemptId=eee1730512b347c0bd37954a9f646584 status=completed elapsedSeconds=6.323317
2026-10-09T01:10:16.664346+00:00 INFO run=2e08b335136a4dbead1a9263f25e452f stage_started workflowId=589363cd3b454cc4b2f6f6e9ec34568d stage=layer2.review_validation.zh-Hans.group-0012 spanId=d98a205cb39947f39dbd1cbd49a7186b attemptId=79130e51c57645cab50658d0a440006b
2026-10-09T01:10:16.664519+00:00 INFO run=2e08b335136a4dbead1a9263f25e452f workload workflowId=589363cd3b454cc4b2f6f6e9ec34568d stage=timing.inline_dispatch_v1 spanId=d98a205cb39947f39dbd1cbd49a7186b
2026-10-09T01:10:16.664723+00:00 INFO run=2e08b335136a4dbead1a9263f25e452f stage_finished workflowId=589363cd3b454cc4b2f6f6e9ec34568d stage=layer2.review_validation.zh-Hans.group-0012 spanId=d98a205cb39947f39dbd1cbd49a7186b attemptId=79130e51c57645cab50658d0a440006b status=completed elapsedSeconds=0.000373
2026-10-09T01:10:16.664886+00:00 INFO run=2e08b335136a4dbead1a9263f25e452f stage_finished workflowId=589363cd3b454cc4b2f6f6e9ec34568d stage=layer2.group.zh-Hans.0012 spanId=e13fd3080b69478b8319e2269acaa618 attemptId=785a2cab8a214405b5c6fcacf9b83321 status=completed elapsedSeconds=22.273817
2026-10-09T01:10:27.207081+00:00 INFO run=2e08b335136a4dbead1a9263f25e452f stage_finished workflowId=589363cd3b454cc4b2f6f6e9ec34568d stage=layer2.translator.zh-Hans.group-0011 spanId=a093f0d13feb4c6cba0fcc49624465bb attemptId=ee0f0f58b2224e7ab73f742d552c8898 status=completed elapsedSeconds=32.803916
2026-10-09T01:10:27.207493+00:00 INFO run=2e08b335136a4dbead1a9263f25e452f stage_started workflowId=589363cd3b454cc4b2f6f6e9ec34568d stage=layer2.draft_validation.zh-Hans.group-0011 spanId=72124ed863e547818ba814551bb28722 attemptId=eb1d39670db94916aab9e3cf88007794
2026-10-09T01:10:27.207881+00:00 INFO run=2e08b335136a4dbead1a9263f25e452f workload workflowId=589363cd3b454cc4b2f6f6e9ec34568d stage=timing.inline_dispatch_v1 spanId=72124ed863e547818ba814551bb28722
2026-10-09T01:10:27.208138+00:00 INFO run=2e08b335136a4dbead1a9263f25e452f stage_finished workflowId=589363cd3b454cc4b2f6f6e9ec34568d stage=layer2.draft_validation.zh-Hans.group-0011 spanId=72124ed863e547818ba814551bb28722 attemptId=eb1d39670db94916aab9e3cf88007794 status=completed elapsedSeconds=0.000758
2026-10-09T01:10:27.208414+00:00 INFO run=2e08b335136a4dbead1a9263f25e452f stage_started workflowId=589363cd3b454cc4b2f6f6e9ec34568d stage=layer2.reviewer.zh-Hans.group-0011 spanId=c3ff2baf2c924b91ab8a6140040c0d52 attemptId=84dd6e545af34a79bdb921a457432510
2026-10-09T01:10:27.208609+00:00 INFO run=2e08b335136a4dbead1a9263f25e452f workload workflowId=589363cd3b454cc4b2f6f6e9ec34568d stage=timing.inline_dispatch_v1 spanId=c3ff2baf2c924b91ab8a6140040c0d52
2026-10-09T01:10:27.292081+00:00 INFO run=2e08b335136a4dbead1a9263f25e452f stage_finished workflowId=589363cd3b454cc4b2f6f6e9ec34568d stage=layer2.translator.zh-Hans.group-0004 spanId=6eb8f932a5e44ff49f1e99f856eff38e attemptId=5fbe77652fe74d4688bf6f9769b73f9f status=completed elapsedSeconds=32.890493
2026-10-09T01:10:27.292384+00:00 INFO run=2e08b335136a4dbead1a9263f25e452f stage_started workflowId=589363cd3b454cc4b2f6f6e9ec34568d stage=layer2.draft_validation.zh-Hans.group-0004 spanId=8655bf1d9f22404494822b444d163c6a attemptId=49e15c6e842441bcbed60e2cb27f6ea5
2026-10-09T01:10:27.292755+00:00 INFO run=2e08b335136a4dbead1a9263f25e452f workload workflowId=589363cd3b454cc4b2f6f6e9ec34568d stage=timing.inline_dispatch_v1 spanId=8655bf1d9f22404494822b444d163c6a
2026-10-09T01:10:27.293002+00:00 INFO run=2e08b335136a4dbead1a9263f25e452f stage_finished workflowId=589363cd3b454cc4b2f6f6e9ec34568d stage=layer2.draft_validation.zh-Hans.group-0004 spanId=8655bf1d9f22404494822b444d163c6a attemptId=49e15c6e842441bcbed60e2cb27f6ea5 status=completed elapsedSeconds=0.000616
2026-10-09T01:10:27.293236+00:00 INFO run=2e08b335136a4dbead1a9263f25e452f stage_started workflowId=589363cd3b454cc4b2f6f6e9ec34568d stage=layer2.reviewer.zh-Hans.group-0004 spanId=d5e11d84088b4bbdbbed597bbf653346 attemptId=f50433d3b51841158fe8ab992a103e3d
2026-10-09T01:10:27.293426+00:00 INFO run=2e08b335136a4dbead1a9263f25e452f workload workflowId=589363cd3b454cc4b2f6f6e9ec34568d stage=timing.inline_dispatch_v1 spanId=d5e11d84088b4bbdbbed597bbf653346
2026-10-09T01:10:29.332002+00:00 INFO run=2e08b335136a4dbead1a9263f25e452f stage_finished workflowId=589363cd3b454cc4b2f6f6e9ec34568d stage=layer2.translator.zh-Hans.group-0009 spanId=b71e51896cae491397f69ac005c7eb86 attemptId=9b7c884ade914eaea3e7cf3e6439b9f2 status=completed elapsedSeconds=34.929429
2026-10-09T01:10:29.332228+00:00 INFO run=2e08b335136a4dbead1a9263f25e452f stage_started workflowId=589363cd3b454cc4b2f6f6e9ec34568d stage=layer2.draft_validation.zh-Hans.group-0009 spanId=869297f4eca54394af587276e8b83d2f attemptId=ef807d77071548df8d561b8b9984b95b
2026-10-09T01:10:29.332380+00:00 INFO run=2e08b335136a4dbead1a9263f25e452f workload workflowId=589363cd3b454cc4b2f6f6e9ec34568d stage=timing.inline_dispatch_v1 spanId=869297f4eca54394af587276e8b83d2f
2026-10-09T01:10:29.332612+00:00 INFO run=2e08b335136a4dbead1a9263f25e452f stage_finished workflowId=589363cd3b454cc4b2f6f6e9ec34568d stage=layer2.draft_validation.zh-Hans.group-0009 spanId=869297f4eca54394af587276e8b83d2f attemptId=ef807d77071548df8d561b8b9984b95b status=completed elapsedSeconds=0.000367
2026-10-09T01:10:29.332830+00:00 INFO run=2e08b335136a4dbead1a9263f25e452f stage_started workflowId=589363cd3b454cc4b2f6f6e9ec34568d stage=layer2.reviewer.zh-Hans.group-0009 spanId=a713bae4c3764e4d86d702941f24739d attemptId=6f34a8e3f399473386f70ba29fcdc7ec
2026-10-09T01:10:29.332987+00:00 INFO run=2e08b335136a4dbead1a9263f25e452f workload workflowId=589363cd3b454cc4b2f6f6e9ec34568d stage=timing.inline_dispatch_v1 spanId=a713bae4c3764e4d86d702941f24739d
2026-10-09T01:10:30.735312+00:00 INFO run=2e08b335136a4dbead1a9263f25e452f stage_finished workflowId=589363cd3b454cc4b2f6f6e9ec34568d stage=layer2.translator.zh-Hans.group-0002 spanId=04a4a77c63704baf830e93fe10ede569 attemptId=497545f1441d4d6bb131a01511006ef1 status=completed elapsedSeconds=36.333965
2026-10-09T01:10:30.735562+00:00 INFO run=2e08b335136a4dbead1a9263f25e452f stage_started workflowId=589363cd3b454cc4b2f6f6e9ec34568d stage=layer2.draft_validation.zh-Hans.group-0002 spanId=8248ab82bf4a4ca2ac720626f49d721d attemptId=777ab303561147028f8ff1162d26cd10
2026-10-09T01:10:30.735721+00:00 INFO run=2e08b335136a4dbead1a9263f25e452f workload workflowId=589363cd3b454cc4b2f6f6e9ec34568d stage=timing.inline_dispatch_v1 spanId=8248ab82bf4a4ca2ac720626f49d721d
2026-10-09T01:10:30.735919+00:00 INFO run=2e08b335136a4dbead1a9263f25e452f stage_finished workflowId=589363cd3b454cc4b2f6f6e9ec34568d stage=layer2.draft_validation.zh-Hans.group-0002 spanId=8248ab82bf4a4ca2ac720626f49d721d attemptId=777ab303561147028f8ff1162d26cd10 status=completed elapsedSeconds=0.000356
2026-10-09T01:10:30.736092+00:00 INFO run=2e08b335136a4dbead1a9263f25e452f stage_started workflowId=589363cd3b454cc4b2f6f6e9ec34568d stage=layer2.reviewer.zh-Hans.group-0002 spanId=1714b03c9b4d4267b93ae9475519bd9f attemptId=f34da300cb0b4bc8bf7df2d04faa9c5c
2026-10-09T01:10:30.736228+00:00 INFO run=2e08b335136a4dbead1a9263f25e452f workload workflowId=589363cd3b454cc4b2f6f6e9ec34568d stage=timing.inline_dispatch_v1 spanId=1714b03c9b4d4267b93ae9475519bd9f
2026-10-09T01:10:33.249826+00:00 INFO run=2e08b335136a4dbead1a9263f25e452f stage_finished workflowId=589363cd3b454cc4b2f6f6e9ec34568d stage=layer2.reviewer.zh-Hans.group-0004 spanId=d5e11d84088b4bbdbbed597bbf653346 attemptId=f50433d3b51841158fe8ab992a103e3d status=completed elapsedSeconds=5.956489
2026-10-09T01:10:33.250098+00:00 INFO run=2e08b335136a4dbead1a9263f25e452f stage_started workflowId=589363cd3b454cc4b2f6f6e9ec34568d stage=layer2.review_validation.zh-Hans.group-0004 spanId=38ba981b6c414fca875237b6631715c1 attemptId=9ca5ad950e5744199970172bb3b0ba94
2026-10-09T01:10:33.250288+00:00 INFO run=2e08b335136a4dbead1a9263f25e452f workload workflowId=589363cd3b454cc4b2f6f6e9ec34568d stage=timing.inline_dispatch_v1 spanId=38ba981b6c414fca875237b6631715c1
2026-10-09T01:10:33.250523+00:00 INFO run=2e08b335136a4dbead1a9263f25e452f stage_finished workflowId=589363cd3b454cc4b2f6f6e9ec34568d stage=layer2.review_validation.zh-Hans.group-0004 spanId=38ba981b6c414fca875237b6631715c1 attemptId=9ca5ad950e5744199970172bb3b0ba94 status=completed elapsedSeconds=0.000428
2026-10-09T01:10:33.250731+00:00 INFO run=2e08b335136a4dbead1a9263f25e452f stage_finished workflowId=589363cd3b454cc4b2f6f6e9ec34568d stage=layer2.group.zh-Hans.0004 spanId=93d071fd335f46d0b3b46227ba9da4b3 attemptId=adc834b6bdff44debfb509783771d70f status=completed elapsedSeconds=38.860578
2026-10-09T01:10:37.464240+00:00 INFO run=2e08b335136a4dbead1a9263f25e452f stage_finished workflowId=589363cd3b454cc4b2f6f6e9ec34568d stage=layer2.translator.zh-Hans.group-0010 spanId=fe92603e1485472992799f6696c8b92d attemptId=2b34512330f84f92a001b995a62ab8d7 status=completed elapsedSeconds=43.061438
2026-10-09T01:10:37.464465+00:00 INFO run=2e08b335136a4dbead1a9263f25e452f stage_started workflowId=589363cd3b454cc4b2f6f6e9ec34568d stage=layer2.draft_validation.zh-Hans.group-0010 spanId=3547e5744e8947b98bed0188b5bbc426 attemptId=6976516cc2f3433fbff4f4a274fef917
2026-10-09T01:10:37.464616+00:00 INFO run=2e08b335136a4dbead1a9263f25e452f workload workflowId=589363cd3b454cc4b2f6f6e9ec34568d stage=timing.inline_dispatch_v1 spanId=3547e5744e8947b98bed0188b5bbc426
2026-10-09T01:10:37.464799+00:00 INFO run=2e08b335136a4dbead1a9263f25e452f stage_finished workflowId=589363cd3b454cc4b2f6f6e9ec34568d stage=layer2.draft_validation.zh-Hans.group-0010 spanId=3547e5744e8947b98bed0188b5bbc426 attemptId=6976516cc2f3433fbff4f4a274fef917 status=completed elapsedSeconds=0.000335
2026-10-09T01:10:37.464961+00:00 INFO run=2e08b335136a4dbead1a9263f25e452f stage_started workflowId=589363cd3b454cc4b2f6f6e9ec34568d stage=layer2.reviewer.zh-Hans.group-0010 spanId=a4a0bc1bd4684c19a466b8a58d2f0e65 attemptId=08b09755a5af4969adde48d04a8f39c0
2026-10-09T01:10:37.465141+00:00 INFO run=2e08b335136a4dbead1a9263f25e452f workload workflowId=589363cd3b454cc4b2f6f6e9ec34568d stage=timing.inline_dispatch_v1 spanId=a4a0bc1bd4684c19a466b8a58d2f0e65
2026-10-09T01:10:39.591194+00:00 INFO run=2e08b335136a4dbead1a9263f25e452f stage_finished workflowId=589363cd3b454cc4b2f6f6e9ec34568d stage=layer2.reviewer.zh-Hans.group-0009 spanId=a713bae4c3764e4d86d702941f24739d attemptId=6f34a8e3f399473386f70ba29fcdc7ec status=completed elapsedSeconds=10.25826
2026-10-09T01:10:39.591442+00:00 INFO run=2e08b335136a4dbead1a9263f25e452f stage_started workflowId=589363cd3b454cc4b2f6f6e9ec34568d stage=layer2.review_validation.zh-Hans.group-0009 spanId=63607fdec65d4db18ee62f86dde45512 attemptId=b40b9f16212e495eae228324daf57850
2026-10-09T01:10:39.591622+00:00 INFO run=2e08b335136a4dbead1a9263f25e452f workload workflowId=589363cd3b454cc4b2f6f6e9ec34568d stage=timing.inline_dispatch_v1 spanId=63607fdec65d4db18ee62f86dde45512
2026-10-09T01:10:39.591813+00:00 INFO run=2e08b335136a4dbead1a9263f25e452f stage_finished workflowId=589363cd3b454cc4b2f6f6e9ec34568d stage=layer2.review_validation.zh-Hans.group-0009 spanId=63607fdec65d4db18ee62f86dde45512 attemptId=b40b9f16212e495eae228324daf57850 status=completed elapsedSeconds=0.000381
2026-10-09T01:10:39.591975+00:00 INFO run=2e08b335136a4dbead1a9263f25e452f stage_finished workflowId=589363cd3b454cc4b2f6f6e9ec34568d stage=layer2.group.zh-Hans.0009 spanId=c8d0537d02704f7d8afecd557e1aceea attemptId=9238230dc2054e299ea242193b8e7e39 status=completed elapsedSeconds=45.201182
2026-10-09T01:10:41.203855+00:00 INFO run=2e08b335136a4dbead1a9263f25e452f stage_finished workflowId=589363cd3b454cc4b2f6f6e9ec34568d stage=layer2.reviewer.zh-Hans.group-0002 spanId=1714b03c9b4d4267b93ae9475519bd9f attemptId=f34da300cb0b4bc8bf7df2d04faa9c5c status=completed elapsedSeconds=10.467629
2026-10-09T01:10:41.204096+00:00 INFO run=2e08b335136a4dbead1a9263f25e452f stage_started workflowId=589363cd3b454cc4b2f6f6e9ec34568d stage=layer2.review_validation.zh-Hans.group-0002 spanId=6b754949d3594bf5a919a4accf96f058 attemptId=30b37614ccd34efebc662b4cc672a4f0
2026-10-09T01:10:41.204271+00:00 INFO run=2e08b335136a4dbead1a9263f25e452f workload workflowId=589363cd3b454cc4b2f6f6e9ec34568d stage=timing.inline_dispatch_v1 spanId=6b754949d3594bf5a919a4accf96f058
2026-10-09T01:10:41.204489+00:00 INFO run=2e08b335136a4dbead1a9263f25e452f stage_finished workflowId=589363cd3b454cc4b2f6f6e9ec34568d stage=layer2.review_validation.zh-Hans.group-0002 spanId=6b754949d3594bf5a919a4accf96f058 attemptId=30b37614ccd34efebc662b4cc672a4f0 status=completed elapsedSeconds=0.000391
2026-10-09T01:10:41.204817+00:00 INFO run=2e08b335136a4dbead1a9263f25e452f stage_finished workflowId=589363cd3b454cc4b2f6f6e9ec34568d stage=layer2.group.zh-Hans.0002 spanId=b49bb95fa61243a58f891b6341a074d9 attemptId=7aeb6c0994a347ec92b3118e8dbe7fc2 status=completed elapsedSeconds=46.814872
2026-10-09T01:10:44.950338+00:00 INFO run=2e08b335136a4dbead1a9263f25e452f stage_finished workflowId=589363cd3b454cc4b2f6f6e9ec34568d stage=layer2.reviewer.zh-Hans.group-0010 spanId=a4a0bc1bd4684c19a466b8a58d2f0e65 attemptId=08b09755a5af4969adde48d04a8f39c0 status=completed elapsedSeconds=7.485287
2026-10-09T01:10:44.950570+00:00 INFO run=2e08b335136a4dbead1a9263f25e452f stage_started workflowId=589363cd3b454cc4b2f6f6e9ec34568d stage=layer2.review_validation.zh-Hans.group-0010 spanId=5214d3f2537b483d8c4da6826d111b5b attemptId=b37a407281f54bd7951b72f93bcdceec
2026-10-09T01:10:44.950744+00:00 INFO run=2e08b335136a4dbead1a9263f25e452f workload workflowId=589363cd3b454cc4b2f6f6e9ec34568d stage=timing.inline_dispatch_v1 spanId=5214d3f2537b483d8c4da6826d111b5b
2026-10-09T01:10:44.950960+00:00 INFO run=2e08b335136a4dbead1a9263f25e452f stage_finished workflowId=589363cd3b454cc4b2f6f6e9ec34568d stage=layer2.review_validation.zh-Hans.group-0010 spanId=5214d3f2537b483d8c4da6826d111b5b attemptId=b37a407281f54bd7951b72f93bcdceec status=completed elapsedSeconds=0.000391
2026-10-09T01:10:44.951128+00:00 INFO run=2e08b335136a4dbead1a9263f25e452f stage_finished workflowId=589363cd3b454cc4b2f6f6e9ec34568d stage=layer2.group.zh-Hans.0010 spanId=e4cd4c1a72464aa09cbb081160da37da attemptId=c3d750568fdc42caa6440c5745999c97 status=completed elapsedSeconds=50.560043
2026-10-09T01:10:48.613065+00:00 INFO run=2e08b335136a4dbead1a9263f25e452f stage_finished workflowId=589363cd3b454cc4b2f6f6e9ec34568d stage=layer2.translator.zh-Hans.group-0007 spanId=5dd1244a6eca495e96e08c63f32fe7f1 attemptId=8155cdfdb89249f1b7dc283d0f273277 status=completed elapsedSeconds=54.211125
2026-10-09T01:10:48.613359+00:00 INFO run=2e08b335136a4dbead1a9263f25e452f stage_started workflowId=589363cd3b454cc4b2f6f6e9ec34568d stage=layer2.draft_validation.zh-Hans.group-0007 spanId=f9d1839d44a547738a4b497165359785 attemptId=30be1d99bc924696a9c126e7b8147da7
2026-10-09T01:10:48.613554+00:00 INFO run=2e08b335136a4dbead1a9263f25e452f workload workflowId=589363cd3b454cc4b2f6f6e9ec34568d stage=timing.inline_dispatch_v1 spanId=f9d1839d44a547738a4b497165359785
2026-10-09T01:10:48.613772+00:00 INFO run=2e08b335136a4dbead1a9263f25e452f stage_finished workflowId=589363cd3b454cc4b2f6f6e9ec34568d stage=layer2.draft_validation.zh-Hans.group-0007 spanId=f9d1839d44a547738a4b497165359785 attemptId=30be1d99bc924696a9c126e7b8147da7 status=completed elapsedSeconds=0.00043
2026-10-09T01:10:48.613954+00:00 INFO run=2e08b335136a4dbead1a9263f25e452f stage_started workflowId=589363cd3b454cc4b2f6f6e9ec34568d stage=layer2.reviewer.zh-Hans.group-0007 spanId=eefc1cdd238448d89e0c8183ec52822a attemptId=d55e23ba480449e092f337bb6873b613
2026-10-09T01:10:48.614098+00:00 INFO run=2e08b335136a4dbead1a9263f25e452f workload workflowId=589363cd3b454cc4b2f6f6e9ec34568d stage=timing.inline_dispatch_v1 spanId=eefc1cdd238448d89e0c8183ec52822a
2026-10-09T01:10:48.875212+00:00 INFO run=2e08b335136a4dbead1a9263f25e452f stage_finished workflowId=589363cd3b454cc4b2f6f6e9ec34568d stage=layer2.translator.zh-Hans.group-0005 spanId=848b16c421e2403fb7fbcbd1f4d47b85 attemptId=978cb46ede3947b0b56099a54577ead3 status=completed elapsedSeconds=54.47307
2026-10-09T01:10:48.875503+00:00 INFO run=2e08b335136a4dbead1a9263f25e452f stage_started workflowId=589363cd3b454cc4b2f6f6e9ec34568d stage=layer2.draft_validation.zh-Hans.group-0005 spanId=995460a5c50a4658867064b63927ad9d attemptId=9692e3212d2241d3aacc40e91c4b3d8c
2026-10-09T01:10:48.875667+00:00 INFO run=2e08b335136a4dbead1a9263f25e452f workload workflowId=589363cd3b454cc4b2f6f6e9ec34568d stage=timing.inline_dispatch_v1 spanId=995460a5c50a4658867064b63927ad9d
2026-10-09T01:10:48.875844+00:00 INFO run=2e08b335136a4dbead1a9263f25e452f stage_finished workflowId=589363cd3b454cc4b2f6f6e9ec34568d stage=layer2.draft_validation.zh-Hans.group-0005 spanId=995460a5c50a4658867064b63927ad9d attemptId=9692e3212d2241d3aacc40e91c4b3d8c status=completed elapsedSeconds=0.000356
2026-10-09T01:10:48.876003+00:00 INFO run=2e08b335136a4dbead1a9263f25e452f stage_started workflowId=589363cd3b454cc4b2f6f6e9ec34568d stage=layer2.reviewer.zh-Hans.group-0005 spanId=4a52fb66070e4c6a81524e602fd04148 attemptId=bcfc0866d5ac4593a3b55c55a3741c06
2026-10-09T01:10:48.876134+00:00 INFO run=2e08b335136a4dbead1a9263f25e452f workload workflowId=589363cd3b454cc4b2f6f6e9ec34568d stage=timing.inline_dispatch_v1 spanId=4a52fb66070e4c6a81524e602fd04148
2026-10-09T01:10:52.665079+00:00 INFO run=2e08b335136a4dbead1a9263f25e452f stage_finished workflowId=589363cd3b454cc4b2f6f6e9ec34568d stage=layer2.reviewer.zh-Hans.group-0005 spanId=4a52fb66070e4c6a81524e602fd04148 attemptId=bcfc0866d5ac4593a3b55c55a3741c06 status=completed elapsedSeconds=3.788998
2026-10-09T01:10:52.665305+00:00 INFO run=2e08b335136a4dbead1a9263f25e452f stage_started workflowId=589363cd3b454cc4b2f6f6e9ec34568d stage=layer2.review_validation.zh-Hans.group-0005 spanId=6572bb42af0e412db2bcf84d8adf1dfb attemptId=f70facbe860b400392db5e77b938d38f
2026-10-09T01:10:52.665466+00:00 INFO run=2e08b335136a4dbead1a9263f25e452f workload workflowId=589363cd3b454cc4b2f6f6e9ec34568d stage=timing.inline_dispatch_v1 spanId=6572bb42af0e412db2bcf84d8adf1dfb
2026-10-09T01:10:52.665680+00:00 INFO run=2e08b335136a4dbead1a9263f25e452f stage_finished workflowId=589363cd3b454cc4b2f6f6e9ec34568d stage=layer2.review_validation.zh-Hans.group-0005 spanId=6572bb42af0e412db2bcf84d8adf1dfb attemptId=f70facbe860b400392db5e77b938d38f status=completed elapsedSeconds=0.000354
2026-10-09T01:10:52.665911+00:00 INFO run=2e08b335136a4dbead1a9263f25e452f stage_finished workflowId=589363cd3b454cc4b2f6f6e9ec34568d stage=layer2.group.zh-Hans.0005 spanId=22887447346f423e82ded0668ee91814 attemptId=c3a6a1287bc445c7966439038e6fd3d5 status=completed elapsedSeconds=58.275524
2026-10-09T01:10:55.072903+00:00 INFO run=2e08b335136a4dbead1a9263f25e452f stage_finished workflowId=589363cd3b454cc4b2f6f6e9ec34568d stage=layer2.translator.zh-Hans.group-0013 spanId=e9013340e2f94033b7a85e71bc2a7c9e attemptId=afadae87279349329da83deecb0e3db8 status=completed elapsedSeconds=60.669631
2026-10-09T01:10:55.073160+00:00 INFO run=2e08b335136a4dbead1a9263f25e452f stage_started workflowId=589363cd3b454cc4b2f6f6e9ec34568d stage=layer2.draft_validation.zh-Hans.group-0013 spanId=62cc9afe07bd4d45ac751b7326081fe6 attemptId=19534e650db3465db3d33ef4bef8df21
2026-10-09T01:10:55.073328+00:00 INFO run=2e08b335136a4dbead1a9263f25e452f workload workflowId=589363cd3b454cc4b2f6f6e9ec34568d stage=timing.inline_dispatch_v1 spanId=62cc9afe07bd4d45ac751b7326081fe6
2026-10-09T01:10:55.073526+00:00 INFO run=2e08b335136a4dbead1a9263f25e452f stage_finished workflowId=589363cd3b454cc4b2f6f6e9ec34568d stage=layer2.draft_validation.zh-Hans.group-0013 spanId=62cc9afe07bd4d45ac751b7326081fe6 attemptId=19534e650db3465db3d33ef4bef8df21 status=completed elapsedSeconds=0.000371
2026-10-09T01:10:55.073713+00:00 INFO run=2e08b335136a4dbead1a9263f25e452f stage_started workflowId=589363cd3b454cc4b2f6f6e9ec34568d stage=layer2.reviewer.zh-Hans.group-0013 spanId=41a0b7924258469e95fd6274c203b22f attemptId=27726580b5c44f0b9a80425785c14056
2026-10-09T01:10:55.073860+00:00 INFO run=2e08b335136a4dbead1a9263f25e452f workload workflowId=589363cd3b454cc4b2f6f6e9ec34568d stage=timing.inline_dispatch_v1 spanId=41a0b7924258469e95fd6274c203b22f
2026-10-09T01:10:56.570419+00:00 INFO run=2e08b335136a4dbead1a9263f25e452f stage_finished workflowId=589363cd3b454cc4b2f6f6e9ec34568d stage=layer2.translator.zh-Hans.group-0003 spanId=23e4f505e0f8463aacd276ab5f018395 attemptId=e07b4118142044938a982c607f6536f6 status=completed elapsedSeconds=62.16877
2026-10-09T01:10:56.570703+00:00 INFO run=2e08b335136a4dbead1a9263f25e452f stage_started workflowId=589363cd3b454cc4b2f6f6e9ec34568d stage=layer2.draft_validation.zh-Hans.group-0003 spanId=d05e1c6d3cd64326801bf9a8e471a22c attemptId=37bc058d86f64d16ba324c874be4a672
2026-10-09T01:10:56.570861+00:00 INFO run=2e08b335136a4dbead1a9263f25e452f workload workflowId=589363cd3b454cc4b2f6f6e9ec34568d stage=timing.inline_dispatch_v1 spanId=d05e1c6d3cd64326801bf9a8e471a22c
2026-10-09T01:10:56.571050+00:00 INFO run=2e08b335136a4dbead1a9263f25e452f stage_finished workflowId=589363cd3b454cc4b2f6f6e9ec34568d stage=layer2.draft_validation.zh-Hans.group-0003 spanId=d05e1c6d3cd64326801bf9a8e471a22c attemptId=37bc058d86f64d16ba324c874be4a672 status=completed elapsedSeconds=0.000351
2026-10-09T01:10:56.571211+00:00 INFO run=2e08b335136a4dbead1a9263f25e452f stage_started workflowId=589363cd3b454cc4b2f6f6e9ec34568d stage=layer2.reviewer.zh-Hans.group-0003 spanId=3780d6758246430eaca06ece156f915b attemptId=33a30121d67d41c5a01256f81d016076
2026-10-09T01:10:56.571342+00:00 INFO run=2e08b335136a4dbead1a9263f25e452f workload workflowId=589363cd3b454cc4b2f6f6e9ec34568d stage=timing.inline_dispatch_v1 spanId=3780d6758246430eaca06ece156f915b
2026-10-09T01:10:57.367877+00:00 INFO run=2e08b335136a4dbead1a9263f25e452f stage_finished workflowId=589363cd3b454cc4b2f6f6e9ec34568d stage=layer2.reviewer.zh-Hans.group-0007 spanId=eefc1cdd238448d89e0c8183ec52822a attemptId=d55e23ba480449e092f337bb6873b613 status=completed elapsedSeconds=8.753823
2026-10-09T01:10:57.368108+00:00 INFO run=2e08b335136a4dbead1a9263f25e452f stage_started workflowId=589363cd3b454cc4b2f6f6e9ec34568d stage=layer2.review_validation.zh-Hans.group-0007 spanId=eb6bc97449c943f8a074200663c7f116 attemptId=dba2d0281d784799a8583cad703c76b7
2026-10-09T01:10:57.368263+00:00 INFO run=2e08b335136a4dbead1a9263f25e452f workload workflowId=589363cd3b454cc4b2f6f6e9ec34568d stage=timing.inline_dispatch_v1 spanId=eb6bc97449c943f8a074200663c7f116
2026-10-09T01:10:57.368450+00:00 INFO run=2e08b335136a4dbead1a9263f25e452f stage_finished workflowId=589363cd3b454cc4b2f6f6e9ec34568d stage=layer2.review_validation.zh-Hans.group-0007 spanId=eb6bc97449c943f8a074200663c7f116 attemptId=dba2d0281d784799a8583cad703c76b7 status=completed elapsedSeconds=0.00034
2026-10-09T01:10:57.368611+00:00 INFO run=2e08b335136a4dbead1a9263f25e452f stage_finished workflowId=589363cd3b454cc4b2f6f6e9ec34568d stage=layer2.group.zh-Hans.0007 spanId=c61a925cdd0f449197618aa3d725fbea attemptId=b865ac17d9794bbca474ee969e4107b9 status=completed elapsedSeconds=62.977993
2026-10-09T01:11:00.527574+00:00 INFO run=2e08b335136a4dbead1a9263f25e452f stage_finished workflowId=589363cd3b454cc4b2f6f6e9ec34568d stage=layer2.reviewer.zh-Hans.group-0011 spanId=c3ff2baf2c924b91ab8a6140040c0d52 attemptId=84dd6e545af34a79bdb921a457432510 status=completed elapsedSeconds=33.31891
2026-10-09T01:11:00.527802+00:00 INFO run=2e08b335136a4dbead1a9263f25e452f stage_started workflowId=589363cd3b454cc4b2f6f6e9ec34568d stage=layer2.review_validation.zh-Hans.group-0011 spanId=59b55d13f666479da04c00e1b4564638 attemptId=9e624344923f43ca840dea72f0e3f495
2026-10-09T01:11:00.527973+00:00 INFO run=2e08b335136a4dbead1a9263f25e452f workload workflowId=589363cd3b454cc4b2f6f6e9ec34568d stage=timing.inline_dispatch_v1 spanId=59b55d13f666479da04c00e1b4564638
2026-10-09T01:11:00.528164+00:00 INFO run=2e08b335136a4dbead1a9263f25e452f stage_finished workflowId=589363cd3b454cc4b2f6f6e9ec34568d stage=layer2.review_validation.zh-Hans.group-0011 spanId=59b55d13f666479da04c00e1b4564638 attemptId=9e624344923f43ca840dea72f0e3f495 status=completed elapsedSeconds=0.000366
2026-10-09T01:11:00.528361+00:00 INFO run=2e08b335136a4dbead1a9263f25e452f stage_finished workflowId=589363cd3b454cc4b2f6f6e9ec34568d stage=layer2.group.zh-Hans.0011 spanId=fc14fd17288442caa515498ed8d852c4 attemptId=4861a9eab2ab4ba2beaa8209e3bda3e5 status=completed elapsedSeconds=66.136808
2026-10-09T01:11:04.075665+00:00 INFO run=2e08b335136a4dbead1a9263f25e452f stage_finished workflowId=589363cd3b454cc4b2f6f6e9ec34568d stage=layer2.reviewer.zh-Hans.group-0013 spanId=41a0b7924258469e95fd6274c203b22f attemptId=27726580b5c44f0b9a80425785c14056 status=completed elapsedSeconds=9.001853
2026-10-09T01:11:04.075929+00:00 INFO run=2e08b335136a4dbead1a9263f25e452f stage_started workflowId=589363cd3b454cc4b2f6f6e9ec34568d stage=layer2.review_validation.zh-Hans.group-0013 spanId=7ae5415c4075467e808bfc93b4badd25 attemptId=73141ee0242145e19fe32534a22c36ee
2026-10-09T01:11:04.076120+00:00 INFO run=2e08b335136a4dbead1a9263f25e452f workload workflowId=589363cd3b454cc4b2f6f6e9ec34568d stage=timing.inline_dispatch_v1 spanId=7ae5415c4075467e808bfc93b4badd25
2026-10-09T01:11:04.076328+00:00 INFO run=2e08b335136a4dbead1a9263f25e452f stage_finished workflowId=589363cd3b454cc4b2f6f6e9ec34568d stage=layer2.review_validation.zh-Hans.group-0013 spanId=7ae5415c4075467e808bfc93b4badd25 attemptId=73141ee0242145e19fe32534a22c36ee status=completed elapsedSeconds=0.000404
2026-10-09T01:11:04.076505+00:00 INFO run=2e08b335136a4dbead1a9263f25e452f stage_finished workflowId=589363cd3b454cc4b2f6f6e9ec34568d stage=layer2.group.zh-Hans.0013 spanId=1d5aa514eb8f4851a2aa1de30939833c attemptId=4ea8e610e4f2418295fe79e7c77ffca6 status=completed elapsedSeconds=69.685023
2026-10-09T01:11:05.248415+00:00 INFO run=2e08b335136a4dbead1a9263f25e452f stage_finished workflowId=589363cd3b454cc4b2f6f6e9ec34568d stage=layer2.reviewer.zh-Hans.group-0003 spanId=3780d6758246430eaca06ece156f915b attemptId=33a30121d67d41c5a01256f81d016076 status=completed elapsedSeconds=8.677081
2026-10-09T01:11:05.248687+00:00 INFO run=2e08b335136a4dbead1a9263f25e452f stage_started workflowId=589363cd3b454cc4b2f6f6e9ec34568d stage=layer2.review_validation.zh-Hans.group-0003 spanId=523be1826cc94f5e8ec31e10e166da40 attemptId=f973b76225f84d30b94a1f7ae43dac94
2026-10-09T01:11:05.248870+00:00 INFO run=2e08b335136a4dbead1a9263f25e452f workload workflowId=589363cd3b454cc4b2f6f6e9ec34568d stage=timing.inline_dispatch_v1 spanId=523be1826cc94f5e8ec31e10e166da40
2026-10-09T01:11:05.249090+00:00 INFO run=2e08b335136a4dbead1a9263f25e452f stage_finished workflowId=589363cd3b454cc4b2f6f6e9ec34568d stage=layer2.review_validation.zh-Hans.group-0003 spanId=523be1826cc94f5e8ec31e10e166da40 attemptId=f973b76225f84d30b94a1f7ae43dac94 status=completed elapsedSeconds=0.000394
2026-10-09T01:11:05.249282+00:00 INFO run=2e08b335136a4dbead1a9263f25e452f stage_finished workflowId=589363cd3b454cc4b2f6f6e9ec34568d stage=layer2.group.zh-Hans.0003 spanId=2596f6f424b341adb537ae0aaee341d7 attemptId=460079ddd55d4737a1a0e6b94259c43e status=completed elapsedSeconds=70.859055
2026-10-09T01:11:05.249937+00:00 INFO run=2e08b335136a4dbead1a9263f25e452f stage_started workflowId=589363cd3b454cc4b2f6f6e9ec34568d stage=layer2.evidence_assembly.zh-Hans spanId=a9750cc4d4cf416bbd9543543382771e attemptId=aa07abc66f984ab9869c9bbe3e2f24a0
2026-10-09T01:11:05.250247+00:00 INFO run=2e08b335136a4dbead1a9263f25e452f workload workflowId=589363cd3b454cc4b2f6f6e9ec34568d stage=timing.inline_dispatch_v1 spanId=a9750cc4d4cf416bbd9543543382771e
2026-10-09T01:11:05.251689+00:00 INFO run=2e08b335136a4dbead1a9263f25e452f workload workflowId=589363cd3b454cc4b2f6f6e9ec34568d stage=layer2.evidence_identity spanId=a9750cc4d4cf416bbd9543543382771e
2026-10-09T01:11:05.251854+00:00 INFO run=2e08b335136a4dbead1a9263f25e452f stage_finished workflowId=589363cd3b454cc4b2f6f6e9ec34568d stage=layer2.evidence_assembly.zh-Hans spanId=a9750cc4d4cf416bbd9543543382771e attemptId=aa07abc66f984ab9869c9bbe3e2f24a0 status=completed elapsedSeconds=0.001973
2026-10-09T01:11:05.357961+00:00 ERROR run=2e08b335136a4dbead1a9263f25e452f stage_finished workflowId=589363cd3b454cc4b2f6f6e9ec34568d stage=codex_layer2_diagnostic_test spanId=0f01ce9952bc4805ba6a080a454a5d9c attemptId=3b94a2acd009451f9f249e75aeb84707 status=failed elapsedSeconds=70.980529 errorType=ValueError at=scripts/produce_target_language_candidate.py:46
2026-10-09T01:11:05.359556+00:00 INFO run=2e08b335136a4dbead1a9263f25e452f workflow_evidence workflowId=589363cd3b454cc4b2f6f6e9ec34568d
2026-10-09T01:11:05.359867+00:00 ERROR run=2e08b335136a4dbead1a9263f25e452f workflow_finished workflowId=589363cd3b454cc4b2f6f6e9ec34568d status=failed
2026-10-09T01:11:05.360060+00:00 ERROR run=2e08b335136a4dbead1a9263f25e452f run_finished workflowId=589363cd3b454cc4b2f6f6e9ec34568d status=failed
